[2026-09-21T22:31:49.872+0000] {local_task_job_runner.py:123} INFO - ::group::Pre task execution logs
[2026-09-21T22:31:49.908+0000] {taskinstance.py:2613} INFO - Dependencies all met for dep_context=non-requeueable deps ti=<TaskInstance: spotify_etl_pro.artista.create_tabla_artista scheduled__2026-09-20T00:00:00+00:00 [queued]>
[2026-09-21T22:31:49.918+0000] {taskinstance.py:2613} INFO - Dependencies all met for dep_context=requeueable deps ti=<TaskInstance: spotify_etl_pro.artista.create_tabla_artista scheduled__2026-09-20T00:00:00+00:00 [queued]>
[2026-09-21T22:31:49.923+0000] {taskinstance.py:2866} INFO - Starting attempt 1 of 1
[2026-09-21T22:31:49.956+0000] {taskinstance.py:2889} INFO - Executing <Task(_PythonDecoratedOperator): artista.create_tabla_artista> on 2026-09-20 00:00:00+00:00
[2026-09-21T22:31:49.965+0000] {standard_task_runner.py:72} INFO - Started process 186 to run task
[2026-09-21T22:31:49.977+0000] {standard_task_runner.py:104} INFO - Running: ['airflow', 'tasks', 'run', 'spotify_etl_pro', 'artista.create_tabla_artista', 'scheduled__2026-09-20T00:00:00+00:00', '--job-id', '658', '--raw', '--subdir', 'DAGS_FOLDER/spotify_etl_pro.py', '--cfg-path', '/tmp/tmpc002fvpf']
[2026-09-21T22:31:49.997+0000] {standard_task_runner.py:105} INFO - Job 658: Subtask artista.create_tabla_artista
[2026-09-21T22:31:50.112+0000] {task_command.py:467} INFO - Running <TaskInstance: spotify_etl_pro.artista.create_tabla_artista scheduled__2026-09-20T00:00:00+00:00 [running]> on host 96d0bddc4644
[2026-09-21T22:31:50.226+0000] {taskinstance.py:3132} INFO - Exporting env vars: AIRFLOW_CTX_DAG_OWNER='axel' AIRFLOW_CTX_DAG_ID='spotify_etl_pro' AIRFLOW_CTX_TASK_ID='artista.create_tabla_artista' AIRFLOW_CTX_EXECUTION_DATE='2026-09-20T00:00:00+00:00' AIRFLOW_CTX_TRY_NUMBER='1' AIRFLOW_CTX_DAG_RUN_ID='scheduled__2026-09-20T00:00:00+00:00'
[2026-09-21T22:31:50.227+0000] {taskinstance.py:731} INFO - ::endgroup::
[2026-09-21T22:31:50.264+0000] {logging_mixin.py:190} INFO - 2026-09-21 22:31:50,264 INFO sqlalchemy.engine.Engine select pg_catalog.version()
[2026-09-21T22:31:50.264+0000] {base.py:1863} INFO - select pg_catalog.version()
[2026-09-21T22:31:50.266+0000] {logging_mixin.py:190} INFO - 2026-09-21 22:31:50,266 INFO sqlalchemy.engine.Engine [raw sql] {}
[2026-09-21T22:31:50.266+0000] {base.py:1868} INFO - [raw sql] {}
[2026-09-21T22:31:50.269+0000] {logging_mixin.py:190} INFO - 2026-09-21 22:31:50,269 INFO sqlalchemy.engine.Engine select current_schema()
[2026-09-21T22:31:50.269+0000] {base.py:1863} INFO - select current_schema()
[2026-09-21T22:31:50.271+0000] {logging_mixin.py:190} INFO - 2026-09-21 22:31:50,271 INFO sqlalchemy.engine.Engine [raw sql] {}
[2026-09-21T22:31:50.271+0000] {base.py:1868} INFO - [raw sql] {}
[2026-09-21T22:31:50.274+0000] {logging_mixin.py:190} INFO - 2026-09-21 22:31:50,274 INFO sqlalchemy.engine.Engine show standard_conforming_strings
[2026-09-21T22:31:50.274+0000] {base.py:1863} INFO - show standard_conforming_strings
[2026-09-21T22:31:50.276+0000] {logging_mixin.py:190} INFO - 2026-09-21 22:31:50,276 INFO sqlalchemy.engine.Engine [raw sql] {}
[2026-09-21T22:31:50.276+0000] {base.py:1868} INFO - [raw sql] {}
[2026-09-21T22:31:50.282+0000] {logging_mixin.py:190} INFO - 2026-09-21 22:31:50,282 INFO sqlalchemy.engine.Engine BEGIN (implicit)
[2026-09-21T22:31:50.282+0000] {base.py:1032} INFO - BEGIN (implicit)
[2026-09-21T22:31:50.284+0000] {logging_mixin.py:190} INFO - 2026-09-21 22:31:50,284 INFO sqlalchemy.engine.Engine select relname from pg_class c join pg_namespace n on n.oid=c.relnamespace where pg_catalog.pg_table_is_visible(c.oid) and relname=%(name)s
[2026-09-21T22:31:50.284+0000] {base.py:1863} INFO - select relname from pg_class c join pg_namespace n on n.oid=c.relnamespace where pg_catalog.pg_table_is_visible(c.oid) and relname=%(name)s
[2026-09-21T22:31:50.285+0000] {logging_mixin.py:190} INFO - 2026-09-21 22:31:50,285 INFO sqlalchemy.engine.Engine [generated in 0.00146s] {'name': 'artista'}
[2026-09-21T22:31:50.285+0000] {base.py:1868} INFO - [generated in 0.00146s] {'name': 'artista'}
[2026-09-21T22:31:50.288+0000] {logging_mixin.py:190} INFO - 2026-09-21 22:31:50,288 INFO sqlalchemy.engine.Engine COMMIT
[2026-09-21T22:31:50.288+0000] {base.py:1092} INFO - COMMIT
[2026-09-21T22:31:50.289+0000] {logging_mixin.py:190} INFO - Tabla 'artista' verificada/creada correctamente.
[2026-09-21T22:31:50.290+0000] {spotify_etl_pro.py:244} INFO - OK. Se creo la Tabla
[2026-09-21T22:31:50.292+0000] {python.py:240} INFO - Done. Returned value was: None
[2026-09-21T22:31:50.303+0000] {taskinstance.py:340} INFO - ::group::Post task execution logs
[2026-09-21T22:31:50.304+0000] {taskinstance.py:352} INFO - Marking task as SUCCESS. dag_id=spotify_etl_pro, task_id=artista.create_tabla_artista, run_id=scheduled__2026-09-20T00:00:00+00:00, execution_date=20260920T000000, start_date=20260921T223149, end_date=20260921T223150
[2026-09-21T22:31:50.326+0000] {local_task_job_runner.py:266} INFO - Task exited with return code 0
[2026-09-21T22:31:50.339+0000] {local_task_job_runner.py:245} INFO - ::endgroup::
