[2026-09-22T23:15:17.369+0000] {local_task_job_runner.py:123} INFO - ::group::Pre task execution logs
[2026-09-22T23:15:17.386+0000] {taskinstance.py:2613} INFO - Dependencies all met for dep_context=non-requeueable deps ti=<TaskInstance: spotify_etl_pro.mas_informacion.extraer_mas_info manual__2026-09-22T23:13:47+00:00 [queued]>
[2026-09-22T23:15:17.394+0000] {taskinstance.py:2613} INFO - Dependencies all met for dep_context=requeueable deps ti=<TaskInstance: spotify_etl_pro.mas_informacion.extraer_mas_info manual__2026-09-22T23:13:47+00:00 [queued]>
[2026-09-22T23:15:17.395+0000] {taskinstance.py:2866} INFO - Starting attempt 1 of 3
[2026-09-22T23:15:17.404+0000] {taskinstance.py:2889} INFO - Executing <Task(_PythonDecoratedOperator): mas_informacion.extraer_mas_info> on 2026-09-22 23:13:47+00:00
[2026-09-22T23:15:17.407+0000] {standard_task_runner.py:72} INFO - Started process 432 to run task
[2026-09-22T23:15:17.410+0000] {standard_task_runner.py:104} INFO - Running: ['airflow', 'tasks', 'run', 'spotify_etl_pro', 'mas_informacion.extraer_mas_info', 'manual__2026-09-22T23:13:47+00:00', '--job-id', '906', '--raw', '--subdir', 'DAGS_FOLDER/spotify_etl_pro.py', '--cfg-path', '/tmp/tmpqgx9ifsf']
[2026-09-22T23:15:17.412+0000] {standard_task_runner.py:105} INFO - Job 906: Subtask mas_informacion.extraer_mas_info
[2026-09-22T23:15:17.448+0000] {task_command.py:467} INFO - Running <TaskInstance: spotify_etl_pro.mas_informacion.extraer_mas_info manual__2026-09-22T23:13:47+00:00 [running]> on host 96d0bddc4644
[2026-09-22T23:15:17.503+0000] {taskinstance.py:3132} INFO - Exporting env vars: AIRFLOW_CTX_DAG_OWNER='axel' AIRFLOW_CTX_DAG_ID='spotify_etl_pro' AIRFLOW_CTX_TASK_ID='mas_informacion.extraer_mas_info' AIRFLOW_CTX_EXECUTION_DATE='2026-09-22T23:13:47+00:00' AIRFLOW_CTX_TRY_NUMBER='1' AIRFLOW_CTX_DAG_RUN_ID='manual__2026-09-22T23:13:47+00:00'
[2026-09-22T23:15:17.504+0000] {taskinstance.py:731} INFO - ::endgroup::
[2026-09-22T23:15:17.535+0000] {base.py:1032} INFO - BEGIN (implicit)
[2026-09-22T23:15:17.535+0000] {base.py:1863} INFO - SELECT artista.nombre_artista 
FROM artista ORDER BY artista.nombre_artista ASC
[2026-09-22T23:15:17.536+0000] {base.py:1868} INFO - [generated in 0.00025s] {}
[2026-09-22T23:15:17.537+0000] {base.py:1060} INFO - ROLLBACK
[2026-09-22T23:15:17.537+0000] {spotify_etl_pro.py:231} INFO - ['Amduscia', 'Bad Bunny', 'Belanova', 'Boy Harsher', 'Charles Ans', 'Dabeull', 'Daddy Yankee', 'Doja Cat', 'Ductape', 'Empire Of The Sun', 'EXO', 'fedesttar', 'Hapax', 'Hocico', 'José José', 'Justin Bieber', 'Kendrick Lamar', 'Kiddie Gang', 'Kris Floyd', 'Linkin Park', 'Marilyn Manson', 'Mecano', 'Méne', 'Metallica', 'Plan B', 'Rihanna', 'Robot95', 'Snoop Dogg', 'Soda Stereo', 'Steve Lukather', 'The Weeknd', 'Tony Succar', 'Tyga', 'Utro', 'Zoé']
[2026-09-22T23:15:17.937+0000] {spotify_etl_pro.py:233} INFO - OK. Iniciando proceso de extraccion mediante Playwrite
[2026-09-22T23:15:19.858+0000] {logging_mixin.py:190} INFO - Ingresamos en el buscador a: Amduscia.
[2026-09-22T23:15:27.887+0000] {logging_mixin.py:190} INFO - Seleccionamos apartado de Artistas.
[2026-09-22T23:15:37.319+0000] {logging_mixin.py:190} INFO - Validando que exista el artista a buscar.
[2026-09-22T23:15:37.458+0000] {logging_mixin.py:190} INFO - Tarjetas encontradas: ['Amanda Miguel', 'Andrea Bocelli', 'Amduscia', 'Andrés Obregón', 'Andy Rivera', 'And One', 'André Rieu', 'Andrés Vázquez', 'Andrés Calamaro', 'Andres Landero', 'Andy & Lucas', 'Amduscias', 'Andrés Cepeda', 'Amdrea', 'Anderson .Paak', 'Feqadu Amde-mesqel', 'Massive Attack', 'Assaf Amdursky', 'AMEDA', 'Amd Sad', 'Amdiaboy', 'AMD', 'AMDI', 'Benny Amdursky', 'Semmi Amdouni', 'Amdad Ali', 'Амд', 'Aizat Amdan', 'Daniel Amdemichael', 'Amilion-Dayz']
[2026-09-22T23:15:38.060+0000] {logging_mixin.py:190} INFO - Nos movemos al elemento de Acerc de:
[2026-09-22T23:15:51.425+0000] {base.py:1032} INFO - BEGIN (implicit)
[2026-09-22T23:15:51.438+0000] {base.py:1863} INFO - SELECT artista.id_artista 
FROM artista 
WHERE artista.nombre_artista = %(nombre_artista_1)s
[2026-09-22T23:15:51.439+0000] {base.py:1868} INFO - [generated in 0.00157s] {'nombre_artista_1': 'Amduscia'}
[2026-09-22T23:15:51.447+0000] {logging_mixin.py:190} INFO - El id_artista asociado con Amduscia es: 41
[2026-09-22T23:15:51.447+0000] {base.py:1060} INFO - ROLLBACK
[2026-09-22T23:15:55.393+0000] {logging_mixin.py:190} INFO - Ingresamos en el buscador a: Bad Bunny.
[2026-09-22T23:16:01.712+0000] {logging_mixin.py:190} INFO - Seleccionamos apartado de Artistas.
[2026-09-22T23:16:10.956+0000] {logging_mixin.py:190} INFO - Validando que exista el artista a buscar.
[2026-09-22T23:16:10.977+0000] {logging_mixin.py:190} INFO - Tarjetas encontradas: ['Bad Bunny', 'KAROL G', 'Peso Pluma', 'Maluma', 'Tito Double P', 'Anuel AA', 'J Balvin', 'Ozuna', 'Myke Towers', 'Rauw Alejandro', 'Omar Courtz', 'Bad Bunny Music', 'Duki', 'Feid', 'Mora', 'BAD BUNNY BAND', 'Bad Bunny Peruano', 'Tainy', 'Bad bunny gang', 'Bad Bunny Chapin', 'Bad Bunny - Piano Cover', 'bunny', 'Bad Bunny PH', 'Milky Bunny', 'Bad Pepa Bunny', 'Bad Red Bunny', 'Tiny Bunny', 'Bad Juice Bunny', 'Bunny the BAd GiRL a.k.a. クロノコ', 'Bunny and the Badfire']
[2026-09-22T23:16:11.144+0000] {logging_mixin.py:190} INFO - Nos movemos al elemento de Acerc de:
[2026-09-22T23:16:24.617+0000] {base.py:1032} INFO - BEGIN (implicit)
[2026-09-22T23:16:24.620+0000] {base.py:1863} INFO - SELECT artista.id_artista 
FROM artista 
WHERE artista.nombre_artista = %(nombre_artista_1)s
[2026-09-22T23:16:24.621+0000] {base.py:1868} INFO - [cached since 33.18s ago] {'nombre_artista_1': 'Bad Bunny'}
[2026-09-22T23:16:24.623+0000] {logging_mixin.py:190} INFO - El id_artista asociado con Bad Bunny es: 37
[2026-09-22T23:16:24.623+0000] {base.py:1060} INFO - ROLLBACK
[2026-09-22T23:16:28.441+0000] {logging_mixin.py:190} INFO - Ingresamos en el buscador a: Belanova.
[2026-09-22T23:16:34.786+0000] {logging_mixin.py:190} INFO - Seleccionamos apartado de Artistas.
[2026-09-22T23:16:44.143+0000] {logging_mixin.py:190} INFO - Validando que exista el artista a buscar.
[2026-09-22T23:16:44.210+0000] {logging_mixin.py:190} INFO - Tarjetas encontradas: ['Belanova', 'Kenia Os', 'Mon Laferte', 'Miranda!', 'Julieta Venegas', 'Morat', 'Jesse & Joy', 'Zoé', 'Playa Limbo', 'Yuridia', 'Reik', 'Belinda', 'DANNA', 'Cazzu', 'Elefante', 'El Junior', 'Bellanova', 'Belnova', 'Bella Nova', 'Tito Double P', 'Béla Kovács', 'Belan Camp', 'Isobel Belano', 'BELANO', 'Belonoga', 'BELIBOVA', 'Belanga', 'BELANO', 'Belanda Hitam', 'Belanegara Abe']
[2026-09-22T23:16:44.421+0000] {logging_mixin.py:190} INFO - Nos movemos al elemento de Acerc de:
[2026-09-22T23:16:58.038+0000] {base.py:1032} INFO - BEGIN (implicit)
[2026-09-22T23:16:58.041+0000] {base.py:1863} INFO - SELECT artista.id_artista 
FROM artista 
WHERE artista.nombre_artista = %(nombre_artista_1)s
[2026-09-22T23:16:58.041+0000] {base.py:1868} INFO - [cached since 66.6s ago] {'nombre_artista_1': 'Belanova'}
[2026-09-22T23:16:58.044+0000] {logging_mixin.py:190} INFO - El id_artista asociado con Belanova es: 18
[2026-09-22T23:16:58.044+0000] {base.py:1060} INFO - ROLLBACK
[2026-09-22T23:17:01.736+0000] {logging_mixin.py:190} INFO - Ingresamos en el buscador a: Boy Harsher.
[2026-09-22T23:17:08.304+0000] {logging_mixin.py:190} INFO - Seleccionamos apartado de Artistas.
[2026-09-22T23:17:17.507+0000] {logging_mixin.py:190} INFO - Validando que exista el artista a buscar.
[2026-09-22T23:17:17.542+0000] {logging_mixin.py:190} INFO - Tarjetas encontradas: ['Boy Harsher', 'BOY HARSHER', 'Lebanon Hanover', 'Twin Tribes', 'TR/ST', 'Nation of Language', 'BOY HARSHER', 'And One', 'She Past Away', 'Siouxsie and the Banshees', 'Sextile', 'Drab Majesty', 'Sexual Purity', 'Echoberyl', 'Pixel Grip', 'Hante.', 'The frozen Autumn', 'Hatsune Miku', 'h4teboy', 'Bauhaus', 'Brutal Pig', 'Dismembered Pig', 'KMFDM', 'La Bande-Son Imaginaire', 'ZoCarp', 'Hocico', 'Motorama', 'Harsh Symmetry', 'Calaverx', 'Diva Destruction']
[2026-09-22T23:17:17.648+0000] {logging_mixin.py:190} INFO - Nos movemos al elemento de Acerc de:
[2026-09-22T23:17:31.139+0000] {base.py:1032} INFO - BEGIN (implicit)
[2026-09-22T23:17:31.142+0000] {base.py:1863} INFO - SELECT artista.id_artista 
FROM artista 
WHERE artista.nombre_artista = %(nombre_artista_1)s
[2026-09-22T23:17:31.143+0000] {base.py:1868} INFO - [cached since 99.7s ago] {'nombre_artista_1': 'Boy Harsher'}
[2026-09-22T23:17:31.144+0000] {logging_mixin.py:190} INFO - El id_artista asociado con Boy Harsher es: 10
[2026-09-22T23:17:31.145+0000] {base.py:1060} INFO - ROLLBACK
[2026-09-22T23:17:34.773+0000] {logging_mixin.py:190} INFO - Ingresamos en el buscador a: Charles Ans.
[2026-09-22T23:17:41.213+0000] {logging_mixin.py:190} INFO - Seleccionamos apartado de Artistas.
[2026-09-22T23:17:50.411+0000] {logging_mixin.py:190} INFO - Validando que exista el artista a buscar.
[2026-09-22T23:17:50.448+0000] {logging_mixin.py:190} INFO - Tarjetas encontradas: ['Charles Ans', 'Gera MX', 'Charles Ans', 'C-Kan', 'Alemán', 'Nanpa Básico', 'Rels B', 'Sabino', 'Adán Cruz', 'DAAZ', 'Charles Ans', 'Robot95', 'Charles Ans', 'Charles Ans', 'Samantha Barrón', 'Charles Ans', 'Rich Vagos', 'Nsqk', 'Ray Charles', 'Charles Aznavour', 'Charles Sanson', 'Charles Sardo', 'Charles Wesley Godwin', 'Charles Parsson', 'Charles Weems', 'Charles Strouse', 'Charles Pasi', 'Adolphe Adam', 'Charles Daisey & Friends', 'Charles New']
[2026-09-22T23:17:50.609+0000] {logging_mixin.py:190} INFO - Nos movemos al elemento de Acerc de:
[2026-09-22T23:18:04.179+0000] {base.py:1032} INFO - BEGIN (implicit)
[2026-09-22T23:18:04.182+0000] {base.py:1863} INFO - SELECT artista.id_artista 
FROM artista 
WHERE artista.nombre_artista = %(nombre_artista_1)s
[2026-09-22T23:18:04.182+0000] {base.py:1868} INFO - [cached since 132.7s ago] {'nombre_artista_1': 'Charles Ans'}
[2026-09-22T23:18:04.185+0000] {logging_mixin.py:190} INFO - El id_artista asociado con Charles Ans es: 12
[2026-09-22T23:18:04.185+0000] {base.py:1060} INFO - ROLLBACK
[2026-09-22T23:18:07.868+0000] {logging_mixin.py:190} INFO - Ingresamos en el buscador a: Dabeull.
[2026-09-22T23:18:13.965+0000] {logging_mixin.py:190} INFO - Seleccionamos apartado de Artistas.
[2026-09-22T23:18:23.178+0000] {logging_mixin.py:190} INFO - Validando que exista el artista a buscar.
[2026-09-22T23:18:23.251+0000] {logging_mixin.py:190} INFO - Tarjetas encontradas: ['Dabeull', 'HolyBrune', "L'Impératrice", 'Dezzy Hollow', 'Dabeull', 'Mike Patton', 'Boko Yout', 'Boca Paila', 'Sūn Byrd', 'Rude Jude', 'Patchwork Inc.', 'Sofia Rei', 'Lorelle Meets The Obsolete', 'Lemon Bucket Orkestra', 'Busy P', 'DaBella', 'DABELLE', 'DannyLux', 'Dabeunotres', 'MC Davo', 'Danbul', 'Fabruuhh', 'Dauble', 'Darkiel', 'J Abdiel', 'DABUDABU', 'Dav1el', 'The Dave Brubeck Quartet', 'Ruzzo Doblezz', 'VV Brujo']
[2026-09-22T23:18:23.530+0000] {logging_mixin.py:190} INFO - Nos movemos al elemento de Acerc de:
[2026-09-22T23:18:36.859+0000] {base.py:1032} INFO - BEGIN (implicit)
[2026-09-22T23:18:36.862+0000] {base.py:1863} INFO - SELECT artista.id_artista 
FROM artista 
WHERE artista.nombre_artista = %(nombre_artista_1)s
[2026-09-22T23:18:36.862+0000] {base.py:1868} INFO - [cached since 165.4s ago] {'nombre_artista_1': 'Dabeull'}
[2026-09-22T23:18:36.864+0000] {logging_mixin.py:190} INFO - El id_artista asociado con Dabeull es: 29
[2026-09-22T23:18:36.864+0000] {base.py:1060} INFO - ROLLBACK
[2026-09-22T23:18:40.599+0000] {logging_mixin.py:190} INFO - Ingresamos en el buscador a: Daddy Yankee.
[2026-09-22T23:18:47.224+0000] {logging_mixin.py:190} INFO - Seleccionamos apartado de Artistas.
[2026-09-22T23:18:56.552+0000] {logging_mixin.py:190} INFO - Validando que exista el artista a buscar.
[2026-09-22T23:18:56.570+0000] {logging_mixin.py:190} INFO - Tarjetas encontradas: ['Daddy Yankee', 'Wisin & Yandel', 'Don Omar', 'Bad Bunny', 'Daddy Yankee', 'J Balvin', 'Ozuna', 'Daddy Yankee Tributo', 'Farruko', 'Maluma', 'Arcángel', 'Plan B', 'Danny Ocean', 'Nicky Jam', 'Daddy Yankee (AI)', 'Daddy Yankee', 'Daddy Yankee', 'Daddy yankee jefe', 'Feid', 'Daddy Yankee', 'DJ Daddy Yankee', 'Ayala (Hermano de Daddy Yankee)', 'Daddy Yanke', 'Wisin', 'Tainy', 'Made famous by Daddy Yankee feat Jory', 'Made famous by Don Omar feat Daddy Yankee', 'Made famous by Daddy Yankee', 'Luis Fonsi, Daddy Yankee/Daddy Yankee', 'Made famous by Baby Rasta & Gringo Ft Daddy Yankee']
[2026-09-22T23:18:56.676+0000] {logging_mixin.py:190} INFO - Nos movemos al elemento de Acerc de:
[2026-09-22T23:19:09.984+0000] {base.py:1032} INFO - BEGIN (implicit)
[2026-09-22T23:19:09.987+0000] {base.py:1863} INFO - SELECT artista.id_artista 
FROM artista 
WHERE artista.nombre_artista = %(nombre_artista_1)s
[2026-09-22T23:19:09.987+0000] {base.py:1868} INFO - [cached since 198.5s ago] {'nombre_artista_1': 'Daddy Yankee'}
[2026-09-22T23:19:09.988+0000] {logging_mixin.py:190} INFO - El id_artista asociado con Daddy Yankee es: 30
[2026-09-22T23:19:09.988+0000] {base.py:1060} INFO - ROLLBACK
[2026-09-22T23:19:13.687+0000] {logging_mixin.py:190} INFO - Ingresamos en el buscador a: Doja Cat.
[2026-09-22T23:19:19.721+0000] {logging_mixin.py:190} INFO - Seleccionamos apartado de Artistas.
[2026-09-22T23:19:28.998+0000] {logging_mixin.py:190} INFO - Validando que exista el artista a buscar.
[2026-09-22T23:19:29.026+0000] {logging_mixin.py:190} INFO - Tarjetas encontradas: ['Doja Cat', 'Sabrina Carpenter', 'The Weeknd', 'Cardi B', 'Mon Laferte', 'Kali Uchis', 'Dua Lipa', 'Rihanna', 'Kenia Os', 'Young Miko', 'Ariana Grande', 'Yeri Mua', 'Zoé', 'FLVCKKA', 'Cazzu', 'Nicki Nicole', 'Nicki Minaj', 'Bellakath', 'Rels B', 'Doja Cata', 'Duki', 'Dója Kati', 'Dojo Cuts', 'Bizarrap', 'Trueno', 'HUMBE', 'NBA YOUNGA DOJA BILLIE CAT', 'rusowsky', 'El Bogueto', 'DANNA']
[2026-09-22T23:19:29.118+0000] {logging_mixin.py:190} INFO - Nos movemos al elemento de Acerc de:
[2026-09-22T23:19:42.760+0000] {base.py:1032} INFO - BEGIN (implicit)
[2026-09-22T23:19:42.766+0000] {base.py:1863} INFO - SELECT artista.id_artista 
FROM artista 
WHERE artista.nombre_artista = %(nombre_artista_1)s
[2026-09-22T23:19:42.766+0000] {base.py:1868} INFO - [cached since 231.3s ago] {'nombre_artista_1': 'Doja Cat'}
[2026-09-22T23:19:42.769+0000] {logging_mixin.py:190} INFO - El id_artista asociado con Doja Cat es: 72
[2026-09-22T23:19:42.770+0000] {base.py:1060} INFO - ROLLBACK
[2026-09-22T23:19:46.397+0000] {logging_mixin.py:190} INFO - Ingresamos en el buscador a: Ductape.
[2026-09-22T23:19:52.527+0000] {logging_mixin.py:190} INFO - Seleccionamos apartado de Artistas.
[2026-09-22T23:20:01.878+0000] {logging_mixin.py:190} INFO - Validando que exista el artista a buscar.
[2026-09-22T23:20:01.904+0000] {logging_mixin.py:190} INFO - Tarjetas encontradas: ['Ductape', 'Ductape', 'Ductape Halo', 'DucTape', 'Ductape Junkies', 'OTB DucTape', 'Cupcake Ductape', 'DuckTape', 'Proof', 'Midnight Generation', 'Night Tapes', 'Dumbmonei', 'Girl Ultra', 'suciopata', 'Infected Mushroom', 'Los Dutis', 'Duck Fizz', 'Tankeone', 'Ape Drums', 'CLUBZ', 'Duck Sauce', 'UTCK-Lmntal', 'Madame Récamier', 'Dapuntobeat', 'Delux', 'Delux', 'Rey Pila', 'Sotomayor', 'MLKMN', 'Tanke']
[2026-09-22T23:20:02.040+0000] {logging_mixin.py:190} INFO - Nos movemos al elemento de Acerc de:
[2026-09-22T23:20:15.601+0000] {base.py:1032} INFO - BEGIN (implicit)
[2026-09-22T23:20:15.606+0000] {base.py:1863} INFO - SELECT artista.id_artista 
FROM artista 
WHERE artista.nombre_artista = %(nombre_artista_1)s
[2026-09-22T23:20:15.607+0000] {base.py:1868} INFO - [cached since 264.2s ago] {'nombre_artista_1': 'Ductape'}
[2026-09-22T23:20:15.608+0000] {logging_mixin.py:190} INFO - El id_artista asociado con Ductape es: 14
[2026-09-22T23:20:15.609+0000] {base.py:1060} INFO - ROLLBACK
[2026-09-22T23:20:19.198+0000] {logging_mixin.py:190} INFO - Ingresamos en el buscador a: Empire Of The Sun.
[2026-09-22T23:20:26.394+0000] {logging_mixin.py:190} INFO - Seleccionamos apartado de Artistas.
[2026-09-22T23:20:35.783+0000] {logging_mixin.py:190} INFO - Validando que exista el artista a buscar.
[2026-09-22T23:20:35.835+0000] {logging_mixin.py:190} INFO - Tarjetas encontradas: ['Empire Of The Sun', 'Daft Punk', 'RÜFÜS DU SOL', 'Tame Impala', 'Capital Cities', 'Mac Miller', 'Foster The People', 'Danny Ocean', 'Zoé', 'MGMT', 'Siddhartha', 'Enjambre', 'Kygo', 'DLD', 'León Larregui', 'Cuco', 'Ed Maverick', 'Kevin Kaarl', 'Odisseo', 'Anyma', 'Suns of the Empire', 'HUMBE', 'rusowsky', 'RØZ', 'DISHYPE', 'Adanowsky', 'EMJAY', 'CLUBZ', 'Motel', 'Mau Moctezuma']
[2026-09-22T23:20:36.103+0000] {logging_mixin.py:190} INFO - Nos movemos al elemento de Acerc de:
[2026-09-22T23:20:49.709+0000] {base.py:1032} INFO - BEGIN (implicit)
[2026-09-22T23:20:49.712+0000] {base.py:1863} INFO - SELECT artista.id_artista 
FROM artista 
WHERE artista.nombre_artista = %(nombre_artista_1)s
[2026-09-22T23:20:49.712+0000] {base.py:1868} INFO - [cached since 298.3s ago] {'nombre_artista_1': 'Empire Of The Sun'}
[2026-09-22T23:20:49.714+0000] {logging_mixin.py:190} INFO - El id_artista asociado con Empire Of The Sun es: 51
[2026-09-22T23:20:49.714+0000] {base.py:1060} INFO - ROLLBACK
[2026-09-22T23:20:53.626+0000] {logging_mixin.py:190} INFO - Ingresamos en el buscador a: EXO.
[2026-09-22T23:20:59.671+0000] {logging_mixin.py:190} INFO - Seleccionamos apartado de Artistas.
[2026-09-22T23:21:08.867+0000] {logging_mixin.py:190} INFO - Validando que exista el artista a buscar.
[2026-09-22T23:21:08.917+0000] {logging_mixin.py:190} INFO - Tarjetas encontradas: ['Eminem', 'El Rabbanito', 'Eden Muñoz', 'Enrique Iglesias', 'Enjambre', 'Millonario', 'Calibre 50', 'Edicion Especial', 'Paulo Londra', 'El Bogueto', 'Ed Sheeran', 'El Malilla', 'Eslabon Armado', 'Edgardo Nuñez', 'Los Enanitos Verdes', 'Ed Maverick', 'Pitbull', 'Eladio Carrion', 'E', 'E', 'E', 'E', 'E', 'E', 'E', 'E', 'E', 'E', 'E', 'E']
[2026-09-22T23:21:18.955+0000] {logging_mixin.py:190} INFO - Error inesperado durante la bsuqueda del artista: Locator.wait_for: Timeout 10000ms exceeded.
Call log:
  - waiting for locator("p[title=\"EXO\"]").first to be visible
[2026-09-22T23:21:19.224+0000] {python.py:240} INFO - Done. Returned value was: None
[2026-09-22T23:21:19.289+0000] {taskinstance.py:340} INFO - ::group::Post task execution logs
[2026-09-22T23:21:19.290+0000] {taskinstance.py:352} INFO - Marking task as SUCCESS. dag_id=spotify_etl_pro, task_id=mas_informacion.extraer_mas_info, run_id=manual__2026-09-22T23:13:47+00:00, execution_date=20260922T231347, start_date=20260922T231517, end_date=20260922T232119
[2026-09-22T23:21:19.377+0000] {local_task_job_runner.py:266} INFO - Task exited with return code 0
[2026-09-22T23:21:19.442+0000] {taskinstance.py:3895} INFO - 1 downstream tasks scheduled from follow-on schedule check
[2026-09-22T23:21:19.444+0000] {local_task_job_runner.py:245} INFO - ::endgroup::
