[2026-09-22T01:41:17.790+0000] {local_task_job_runner.py:123} INFO - ::group::Pre task execution logs
[2026-09-22T01:41:17.803+0000] {taskinstance.py:2613} INFO - Dependencies all met for dep_context=non-requeueable deps ti=<TaskInstance: spotify_etl_pro.artista_bq_historico.subir_inf_artista_bigquerry manual__2026-09-22T01:41:06+00:00 [queued]>
[2026-09-22T01:41:17.810+0000] {taskinstance.py:2613} INFO - Dependencies all met for dep_context=requeueable deps ti=<TaskInstance: spotify_etl_pro.artista_bq_historico.subir_inf_artista_bigquerry manual__2026-09-22T01:41:06+00:00 [queued]>
[2026-09-22T01:41:17.811+0000] {taskinstance.py:2866} INFO - Starting attempt 1 of 3
[2026-09-22T01:41:17.820+0000] {taskinstance.py:2889} INFO - Executing <Task(_PythonDecoratedOperator): artista_bq_historico.subir_inf_artista_bigquerry> on 2026-09-22 01:41:06+00:00
[2026-09-22T01:41:17.825+0000] {standard_task_runner.py:72} INFO - Started process 1760 to run task
[2026-09-22T01:41:17.828+0000] {standard_task_runner.py:104} INFO - Running: ['airflow', 'tasks', 'run', 'spotify_etl_pro', 'artista_bq_historico.subir_inf_artista_bigquerry', 'manual__2026-09-22T01:41:06+00:00', '--job-id', '782', '--raw', '--subdir', 'DAGS_FOLDER/spotify_etl_pro.py', '--cfg-path', '/tmp/tmptbt23ts2']
[2026-09-22T01:41:17.830+0000] {standard_task_runner.py:105} INFO - Job 782: Subtask artista_bq_historico.subir_inf_artista_bigquerry
[2026-09-22T01:41:17.860+0000] {task_command.py:467} INFO - Running <TaskInstance: spotify_etl_pro.artista_bq_historico.subir_inf_artista_bigquerry manual__2026-09-22T01:41:06+00:00 [running]> on host 96d0bddc4644
[2026-09-22T01:41:17.911+0000] {taskinstance.py:3132} INFO - Exporting env vars: AIRFLOW_CTX_DAG_OWNER='axel' AIRFLOW_CTX_DAG_ID='spotify_etl_pro' AIRFLOW_CTX_TASK_ID='artista_bq_historico.subir_inf_artista_bigquerry' AIRFLOW_CTX_EXECUTION_DATE='2026-09-22T01:41:06+00:00' AIRFLOW_CTX_TRY_NUMBER='1' AIRFLOW_CTX_DAG_RUN_ID='manual__2026-09-22T01:41:06+00:00'
[2026-09-22T01:41:17.912+0000] {taskinstance.py:731} INFO - ::endgroup::
[2026-09-22T01:41:18.242+0000] {_default.py:685} WARNING - No project ID could be determined. Consider running `gcloud config set project` or setting the GOOGLE_CLOUD_PROJECT environment variable
[2026-09-22T01:41:18.661+0000] {logging_mixin.py:190} INFO - [1, 2, 3, 4, 5, 6, 9, 10, 11, 12, 13, 14, 15, 16, 17, 18, 21, 22, 23, 25, 27, 28, 29, 30, 31, 32, 33, 36, 37, 39, 41, 51, 52, 64]
[2026-09-22T01:41:18.670+0000] {logging_mixin.py:190} INFO -      0                    fecha_ingesta
0    1 2026-09-22 01:41:18.662291+00:00
1    2 2026-09-22 01:41:18.662291+00:00
2    3 2026-09-22 01:41:18.662291+00:00
3    4 2026-09-22 01:41:18.662291+00:00
4    5 2026-09-22 01:41:18.662291+00:00
5    6 2026-09-22 01:41:18.662291+00:00
6    9 2026-09-22 01:41:18.662291+00:00
7   10 2026-09-22 01:41:18.662291+00:00
8   11 2026-09-22 01:41:18.662291+00:00
9   12 2026-09-22 01:41:18.662291+00:00
10  13 2026-09-22 01:41:18.662291+00:00
11  14 2026-09-22 01:41:18.662291+00:00
12  15 2026-09-22 01:41:18.662291+00:00
13  16 2026-09-22 01:41:18.662291+00:00
14  17 2026-09-22 01:41:18.662291+00:00
15  18 2026-09-22 01:41:18.662291+00:00
16  21 2026-09-22 01:41:18.662291+00:00
17  22 2026-09-22 01:41:18.662291+00:00
18  23 2026-09-22 01:41:18.662291+00:00
19  25 2026-09-22 01:41:18.662291+00:00
20  27 2026-09-22 01:41:18.662291+00:00
21  28 2026-09-22 01:41:18.662291+00:00
22  29 2026-09-22 01:41:18.662291+00:00
23  30 2026-09-22 01:41:18.662291+00:00
24  31 2026-09-22 01:41:18.662291+00:00
25  32 2026-09-22 01:41:18.662291+00:00
26  33 2026-09-22 01:41:18.662291+00:00
27  36 2026-09-22 01:41:18.662291+00:00
28  37 2026-09-22 01:41:18.662291+00:00
29  39 2026-09-22 01:41:18.662291+00:00
30  41 2026-09-22 01:41:18.662291+00:00
31  51 2026-09-22 01:41:18.662291+00:00
32  52 2026-09-22 01:41:18.662291+00:00
33  64 2026-09-22 01:41:18.662291+00:00
[2026-09-22T01:41:18.858+0000] {spotify_etl_pro.py:317} ERROR - ERROR. Al subir la informacion : expected bytes, int found
[2026-09-22T01:41:18.859+0000] {python.py:240} INFO - Done. Returned value was: None
[2026-09-22T01:41:18.874+0000] {taskinstance.py:340} INFO - ::group::Post task execution logs
[2026-09-22T01:41:18.875+0000] {taskinstance.py:352} INFO - Marking task as SUCCESS. dag_id=spotify_etl_pro, task_id=artista_bq_historico.subir_inf_artista_bigquerry, run_id=manual__2026-09-22T01:41:06+00:00, execution_date=20260922T014106, start_date=20260922T014117, end_date=20260922T014118
[2026-09-22T01:41:18.928+0000] {local_task_job_runner.py:266} INFO - Task exited with return code 0
[2026-09-22T01:41:18.952+0000] {taskinstance.py:3895} INFO - 1 downstream tasks scheduled from follow-on schedule check
[2026-09-22T01:41:18.953+0000] {local_task_job_runner.py:245} INFO - ::endgroup::
