[2026-09-23T00:00:01.418+0000] {local_task_job_runner.py:123} INFO - ::group::Pre task execution logs
[2026-09-23T00:00:01.438+0000] {taskinstance.py:2613} INFO - Dependencies all met for dep_context=non-requeueable deps ti=<TaskInstance: spotify_etl_pro.albun.create_tabla_album scheduled__2026-09-22T00:00:00+00:00 [queued]>
[2026-09-23T00:00:01.450+0000] {taskinstance.py:2613} INFO - Dependencies all met for dep_context=requeueable deps ti=<TaskInstance: spotify_etl_pro.albun.create_tabla_album scheduled__2026-09-22T00:00:00+00:00 [queued]>
[2026-09-23T00:00:01.451+0000] {taskinstance.py:2866} INFO - Starting attempt 1 of 3
[2026-09-23T00:00:01.463+0000] {taskinstance.py:2889} INFO - Executing <Task(_PythonDecoratedOperator): albun.create_tabla_album> on 2026-09-22 00:00:00+00:00
[2026-09-23T00:00:01.474+0000] {standard_task_runner.py:72} INFO - Started process 749 to run task
[2026-09-23T00:00:01.477+0000] {standard_task_runner.py:104} INFO - Running: ['airflow', 'tasks', 'run', 'spotify_etl_pro', 'albun.create_tabla_album', 'scheduled__2026-09-22T00:00:00+00:00', '--job-id', '920', '--raw', '--subdir', 'DAGS_FOLDER/spotify_etl_pro.py', '--cfg-path', '/tmp/tmpycc8nzdy']
[2026-09-23T00:00:01.485+0000] {standard_task_runner.py:105} INFO - Job 920: Subtask albun.create_tabla_album
[2026-09-23T00:00:01.567+0000] {task_command.py:467} INFO - Running <TaskInstance: spotify_etl_pro.albun.create_tabla_album scheduled__2026-09-22T00:00:00+00:00 [running]> on host 96d0bddc4644
[2026-09-23T00:00:01.681+0000] {taskinstance.py:3132} INFO - Exporting env vars: AIRFLOW_CTX_DAG_OWNER='axel' AIRFLOW_CTX_DAG_ID='spotify_etl_pro' AIRFLOW_CTX_TASK_ID='albun.create_tabla_album' AIRFLOW_CTX_EXECUTION_DATE='2026-09-22T00:00:00+00:00' AIRFLOW_CTX_TRY_NUMBER='1' AIRFLOW_CTX_DAG_RUN_ID='scheduled__2026-09-22T00:00:00+00:00'
[2026-09-23T00:00:01.682+0000] {taskinstance.py:731} INFO - ::endgroup::
[2026-09-23T00:00:01.686+0000] {base.py:1032} INFO - BEGIN (implicit)
[2026-09-23T00:00:01.688+0000] {base.py:1863} INFO - select relname from pg_class c join pg_namespace n on n.oid=c.relnamespace where pg_catalog.pg_table_is_visible(c.oid) and relname=%(name)s
[2026-09-23T00:00:01.689+0000] {base.py:1868} INFO - [generated in 0.00064s] {'name': 'album'}
[2026-09-23T00:00:01.690+0000] {base.py:1092} INFO - COMMIT
[2026-09-23T00:00:01.691+0000] {logging_mixin.py:190} INFO - Tabla 'album' verificada/creada correctamente.
[2026-09-23T00:00:01.691+0000] {spotify_etl_pro.py:260} INFO - OK. Se creo la Tabla.
[2026-09-23T00:00:01.691+0000] {python.py:240} INFO - Done. Returned value was: None
[2026-09-23T00:00:01.699+0000] {taskinstance.py:340} INFO - ::group::Post task execution logs
[2026-09-23T00:00:01.700+0000] {taskinstance.py:352} INFO - Marking task as SUCCESS. dag_id=spotify_etl_pro, task_id=albun.create_tabla_album, run_id=scheduled__2026-09-22T00:00:00+00:00, execution_date=20260922T000000, start_date=20260923T000001, end_date=20260923T000001
[2026-09-23T00:00:01.740+0000] {local_task_job_runner.py:266} INFO - Task exited with return code 0
[2026-09-23T00:00:01.756+0000] {local_task_job_runner.py:245} INFO - ::endgroup::
