[2026-09-22T23:15:17.365+0000] {local_task_job_runner.py:123} INFO - ::group::Pre task execution logs
[2026-09-22T23:15:17.379+0000] {taskinstance.py:2613} INFO - Dependencies all met for dep_context=non-requeueable deps ti=<TaskInstance: spotify_etl_pro.mas_informacion.create_table_mas_inf manual__2026-09-22T23:13:47+00:00 [queued]>
[2026-09-22T23:15:17.388+0000] {taskinstance.py:2613} INFO - Dependencies all met for dep_context=requeueable deps ti=<TaskInstance: spotify_etl_pro.mas_informacion.create_table_mas_inf manual__2026-09-22T23:13:47+00:00 [queued]>
[2026-09-22T23:15:17.389+0000] {taskinstance.py:2866} INFO - Starting attempt 1 of 3
[2026-09-22T23:15:17.396+0000] {taskinstance.py:2889} INFO - Executing <Task(_PythonDecoratedOperator): mas_informacion.create_table_mas_inf> on 2026-09-22 23:13:47+00:00
[2026-09-22T23:15:17.400+0000] {standard_task_runner.py:72} INFO - Started process 430 to run task
[2026-09-22T23:15:17.403+0000] {standard_task_runner.py:104} INFO - Running: ['airflow', 'tasks', 'run', 'spotify_etl_pro', 'mas_informacion.create_table_mas_inf', 'manual__2026-09-22T23:13:47+00:00', '--job-id', '905', '--raw', '--subdir', 'DAGS_FOLDER/spotify_etl_pro.py', '--cfg-path', '/tmp/tmp5zb1sn4o']
[2026-09-22T23:15:17.405+0000] {standard_task_runner.py:105} INFO - Job 905: Subtask mas_informacion.create_table_mas_inf
[2026-09-22T23:15:17.443+0000] {task_command.py:467} INFO - Running <TaskInstance: spotify_etl_pro.mas_informacion.create_table_mas_inf manual__2026-09-22T23:13:47+00:00 [running]> on host 96d0bddc4644
[2026-09-22T23:15:17.501+0000] {taskinstance.py:3132} INFO - Exporting env vars: AIRFLOW_CTX_DAG_OWNER='axel' AIRFLOW_CTX_DAG_ID='spotify_etl_pro' AIRFLOW_CTX_TASK_ID='mas_informacion.create_table_mas_inf' AIRFLOW_CTX_EXECUTION_DATE='2026-09-22T23:13:47+00:00' AIRFLOW_CTX_TRY_NUMBER='1' AIRFLOW_CTX_DAG_RUN_ID='manual__2026-09-22T23:13:47+00:00'
[2026-09-22T23:15:17.501+0000] {taskinstance.py:731} INFO - ::endgroup::
[2026-09-22T23:15:17.503+0000] {base.py:1032} INFO - BEGIN (implicit)
[2026-09-22T23:15:17.503+0000] {base.py:1863} INFO - select relname from pg_class c join pg_namespace n on n.oid=c.relnamespace where pg_catalog.pg_table_is_visible(c.oid) and relname=%(name)s
[2026-09-22T23:15:17.504+0000] {base.py:1868} INFO - [generated in 0.00039s] {'name': 'mas_inf'}
[2026-09-22T23:15:17.505+0000] {base.py:1092} INFO - COMMIT
[2026-09-22T23:15:17.505+0000] {logging_mixin.py:190} INFO - Tabla 'mas_inf' verificada/creada correctamente.
[2026-09-22T23:15:17.506+0000] {spotify_etl_pro.py:278} INFO - OK. Se creo la Tabla.
[2026-09-22T23:15:17.506+0000] {python.py:240} INFO - Done. Returned value was: None
[2026-09-22T23:15:17.512+0000] {taskinstance.py:340} INFO - ::group::Post task execution logs
[2026-09-22T23:15:17.513+0000] {taskinstance.py:352} INFO - Marking task as SUCCESS. dag_id=spotify_etl_pro, task_id=mas_informacion.create_table_mas_inf, run_id=manual__2026-09-22T23:13:47+00:00, execution_date=20260922T231347, start_date=20260922T231517, end_date=20260922T231517
[2026-09-22T23:15:17.537+0000] {local_task_job_runner.py:266} INFO - Task exited with return code 0
[2026-09-22T23:15:17.554+0000] {taskinstance.py:3895} INFO - 0 downstream tasks scheduled from follow-on schedule check
[2026-09-22T23:15:17.555+0000] {local_task_job_runner.py:245} INFO - ::endgroup::
