[2026-09-23T03:07:32.065+0000] {local_task_job_runner.py:123} INFO - ::group::Pre task execution logs
[2026-09-23T03:07:32.148+0000] {taskinstance.py:2613} INFO - Dependencies all met for dep_context=non-requeueable deps ti=<TaskInstance: spotify_etl_pro.canciones.create_tabla_canciones manual__2026-09-23T03:07:22+00:00 [queued]>
[2026-09-23T03:07:32.166+0000] {taskinstance.py:2613} INFO - Dependencies all met for dep_context=requeueable deps ti=<TaskInstance: spotify_etl_pro.canciones.create_tabla_canciones manual__2026-09-23T03:07:22+00:00 [queued]>
[2026-09-23T03:07:32.167+0000] {taskinstance.py:2866} INFO - Starting attempt 1 of 3
[2026-09-23T03:07:32.220+0000] {taskinstance.py:2889} INFO - Executing <Task(_PythonDecoratedOperator): canciones.create_tabla_canciones> on 2026-09-23 03:07:22+00:00
[2026-09-23T03:07:32.234+0000] {standard_task_runner.py:72} INFO - Started process 2124 to run task
[2026-09-23T03:07:32.270+0000] {standard_task_runner.py:104} INFO - Running: ['airflow', 'tasks', 'run', 'spotify_etl_pro', 'canciones.create_tabla_canciones', 'manual__2026-09-23T03:07:22+00:00', '--job-id', '974', '--raw', '--subdir', 'DAGS_FOLDER/spotify_etl_pro.py', '--cfg-path', '/tmp/tmp_7iekxj3']
[2026-09-23T03:07:32.298+0000] {standard_task_runner.py:105} INFO - Job 974: Subtask canciones.create_tabla_canciones
[2026-09-23T03:07:32.615+0000] {task_command.py:467} INFO - Running <TaskInstance: spotify_etl_pro.canciones.create_tabla_canciones manual__2026-09-23T03:07:22+00:00 [running]> on host 96d0bddc4644
[2026-09-23T03:07:32.841+0000] {taskinstance.py:3132} INFO - Exporting env vars: AIRFLOW_CTX_DAG_OWNER='axel' AIRFLOW_CTX_DAG_ID='spotify_etl_pro' AIRFLOW_CTX_TASK_ID='canciones.create_tabla_canciones' AIRFLOW_CTX_EXECUTION_DATE='2026-09-23T03:07:22+00:00' AIRFLOW_CTX_TRY_NUMBER='1' AIRFLOW_CTX_DAG_RUN_ID='manual__2026-09-23T03:07:22+00:00'
[2026-09-23T03:07:32.854+0000] {taskinstance.py:731} INFO - ::endgroup::
[2026-09-23T03:07:32.879+0000] {base.py:1863} INFO - select pg_catalog.version()
[2026-09-23T03:07:32.880+0000] {base.py:1868} INFO - [raw sql] {}
[2026-09-23T03:07:32.881+0000] {base.py:1863} INFO - select current_schema()
[2026-09-23T03:07:32.882+0000] {base.py:1868} INFO - [raw sql] {}
[2026-09-23T03:07:32.882+0000] {base.py:1863} INFO - show standard_conforming_strings
[2026-09-23T03:07:32.883+0000] {base.py:1868} INFO - [raw sql] {}
[2026-09-23T03:07:32.886+0000] {base.py:1032} INFO - BEGIN (implicit)
[2026-09-23T03:07:32.891+0000] {base.py:1863} INFO - select relname from pg_class c join pg_namespace n on n.oid=c.relnamespace where pg_catalog.pg_table_is_visible(c.oid) and relname=%(name)s
[2026-09-23T03:07:32.891+0000] {base.py:1868} INFO - [generated in 0.00050s] {'name': 'canciones'}
[2026-09-23T03:07:32.894+0000] {base.py:1092} INFO - COMMIT
[2026-09-23T03:07:32.896+0000] {logging_mixin.py:190} INFO - Tabla 'canciones' verificada/creada correctamente.
[2026-09-23T03:07:32.898+0000] {spotify_etl_pro.py:269} INFO - OK. Se creo la Tabla.
[2026-09-23T03:07:32.899+0000] {python.py:240} INFO - Done. Returned value was: None
[2026-09-23T03:07:32.915+0000] {taskinstance.py:340} INFO - ::group::Post task execution logs
[2026-09-23T03:07:32.915+0000] {taskinstance.py:352} INFO - Marking task as SUCCESS. dag_id=spotify_etl_pro, task_id=canciones.create_tabla_canciones, run_id=manual__2026-09-23T03:07:22+00:00, execution_date=20260923T030722, start_date=20260923T030732, end_date=20260923T030732
[2026-09-23T03:07:32.965+0000] {local_task_job_runner.py:266} INFO - Task exited with return code 0
[2026-09-23T03:07:33.026+0000] {local_task_job_runner.py:245} INFO - ::endgroup::
