[2026-09-21T23:02:03.903+0000] {local_task_job_runner.py:123} INFO - ::group::Pre task execution logs
[2026-09-21T23:02:03.916+0000] {taskinstance.py:2613} INFO - Dependencies all met for dep_context=non-requeueable deps ti=<TaskInstance: spotify_etl_pro.artista_big_querry.subir_inf_artista_bigquerry manual__2026-09-21T23:01:40+00:00 [queued]>
[2026-09-21T23:02:03.921+0000] {taskinstance.py:2613} INFO - Dependencies all met for dep_context=requeueable deps ti=<TaskInstance: spotify_etl_pro.artista_big_querry.subir_inf_artista_bigquerry manual__2026-09-21T23:01:40+00:00 [queued]>
[2026-09-21T23:02:03.921+0000] {taskinstance.py:2866} INFO - Starting attempt 1 of 3
[2026-09-21T23:02:03.928+0000] {taskinstance.py:2889} INFO - Executing <Task(_PythonDecoratedOperator): artista_big_querry.subir_inf_artista_bigquerry> on 2026-09-21 23:01:40+00:00
[2026-09-21T23:02:03.932+0000] {standard_task_runner.py:72} INFO - Started process 743 to run task
[2026-09-21T23:02:03.940+0000] {standard_task_runner.py:104} INFO - Running: ['airflow', 'tasks', 'run', 'spotify_etl_pro', 'artista_big_querry.subir_inf_artista_bigquerry', 'manual__2026-09-21T23:01:40+00:00', '--job-id', '739', '--raw', '--subdir', 'DAGS_FOLDER/spotify_etl_pro.py', '--cfg-path', '/tmp/tmpwa8g0x4_']
[2026-09-21T23:02:03.944+0000] {standard_task_runner.py:105} INFO - Job 739: Subtask artista_big_querry.subir_inf_artista_bigquerry
[2026-09-21T23:02:03.984+0000] {task_command.py:467} INFO - Running <TaskInstance: spotify_etl_pro.artista_big_querry.subir_inf_artista_bigquerry manual__2026-09-21T23:01:40+00:00 [running]> on host 96d0bddc4644
[2026-09-21T23:02:04.054+0000] {taskinstance.py:3132} INFO - Exporting env vars: AIRFLOW_CTX_DAG_OWNER='axel' AIRFLOW_CTX_DAG_ID='spotify_etl_pro' AIRFLOW_CTX_TASK_ID='artista_big_querry.subir_inf_artista_bigquerry' AIRFLOW_CTX_EXECUTION_DATE='2026-09-21T23:01:40+00:00' AIRFLOW_CTX_TRY_NUMBER='1' AIRFLOW_CTX_DAG_RUN_ID='manual__2026-09-21T23:01:40+00:00'
[2026-09-21T23:02:04.055+0000] {taskinstance.py:731} INFO - ::endgroup::
[2026-09-21T23:02:04.412+0000] {_default.py:685} WARNING - No project ID could be determined. Consider running `gcloud config set project` or setting the GOOGLE_CLOUD_PROJECT environment variable
[2026-09-21T23:02:04.893+0000] {logging_mixin.py:190} INFO - [{'nombre_artista': 'Snoop Dogg', 'id_spotify': '7hJcb9fa4alzcOq3EaNPoG'}]
[2026-09-21T23:02:06.389+0000] {logging_mixin.py:190} INFO -    id_artista nombre_artista              id_spotify
0           2     Snoop Dogg  7hJcb9fa4alzcOq3EaNPoG
[2026-09-21T23:02:08.970+0000] {spotify_etl_pro.py:312} INFO - OK. Se ingreso la informacion a la tabla del datasert
[2026-09-21T23:02:08.975+0000] {python.py:240} INFO - Done. Returned value was: None
[2026-09-21T23:02:09.038+0000] {taskinstance.py:340} INFO - ::group::Post task execution logs
[2026-09-21T23:02:09.040+0000] {taskinstance.py:352} INFO - Marking task as SUCCESS. dag_id=spotify_etl_pro, task_id=artista_big_querry.subir_inf_artista_bigquerry, run_id=manual__2026-09-21T23:01:40+00:00, execution_date=20260921T230140, start_date=20260921T230203, end_date=20260921T230209
[2026-09-21T23:02:09.098+0000] {local_task_job_runner.py:266} INFO - Task exited with return code 0
[2026-09-21T23:02:09.134+0000] {taskinstance.py:3895} INFO - 1 downstream tasks scheduled from follow-on schedule check
[2026-09-21T23:02:09.135+0000] {local_task_job_runner.py:245} INFO - ::endgroup::
