[2026-09-22T04:45:25.699+0000] {local_task_job_runner.py:123} INFO - ::group::Pre task execution logs
[2026-09-22T04:45:25.713+0000] {taskinstance.py:2613} INFO - Dependencies all met for dep_context=non-requeueable deps ti=<TaskInstance: spotify_etl_pro.mas_informacion.create_table_mas_inf manual__2026-09-22T04:42:46+00:00 [queued]>
[2026-09-22T04:45:25.718+0000] {taskinstance.py:2613} INFO - Dependencies all met for dep_context=requeueable deps ti=<TaskInstance: spotify_etl_pro.mas_informacion.create_table_mas_inf manual__2026-09-22T04:42:46+00:00 [queued]>
[2026-09-22T04:45:25.719+0000] {taskinstance.py:2866} INFO - Starting attempt 1 of 3
[2026-09-22T04:45:25.725+0000] {taskinstance.py:2889} INFO - Executing <Task(_PythonDecoratedOperator): mas_informacion.create_table_mas_inf> on 2026-09-22 04:42:46+00:00
[2026-09-22T04:45:25.728+0000] {standard_task_runner.py:72} INFO - Started process 3381 to run task
[2026-09-22T04:45:25.732+0000] {standard_task_runner.py:104} INFO - Running: ['airflow', 'tasks', 'run', 'spotify_etl_pro', 'mas_informacion.create_table_mas_inf', 'manual__2026-09-22T04:42:46+00:00', '--job-id', '877', '--raw', '--subdir', 'DAGS_FOLDER/spotify_etl_pro.py', '--cfg-path', '/tmp/tmp8actcyih']
[2026-09-22T04:45:25.735+0000] {standard_task_runner.py:105} INFO - Job 877: Subtask mas_informacion.create_table_mas_inf
[2026-09-22T04:45:25.775+0000] {task_command.py:467} INFO - Running <TaskInstance: spotify_etl_pro.mas_informacion.create_table_mas_inf manual__2026-09-22T04:42:46+00:00 [running]> on host 96d0bddc4644
[2026-09-22T04:45:25.850+0000] {taskinstance.py:3132} INFO - Exporting env vars: AIRFLOW_CTX_DAG_OWNER='axel' AIRFLOW_CTX_DAG_ID='spotify_etl_pro' AIRFLOW_CTX_TASK_ID='mas_informacion.create_table_mas_inf' AIRFLOW_CTX_EXECUTION_DATE='2026-09-22T04:42:46+00:00' AIRFLOW_CTX_TRY_NUMBER='1' AIRFLOW_CTX_DAG_RUN_ID='manual__2026-09-22T04:42:46+00:00'
[2026-09-22T04:45:25.852+0000] {taskinstance.py:731} INFO - ::endgroup::
[2026-09-22T04:45:25.854+0000] {base.py:1032} INFO - BEGIN (implicit)
[2026-09-22T04:45:25.855+0000] {base.py:1863} INFO - select relname from pg_class c join pg_namespace n on n.oid=c.relnamespace where pg_catalog.pg_table_is_visible(c.oid) and relname=%(name)s
[2026-09-22T04:45:25.856+0000] {base.py:1868} INFO - [generated in 0.00053s] {'name': 'mas_inf'}
[2026-09-22T04:45:25.857+0000] {base.py:1092} INFO - COMMIT
[2026-09-22T04:45:25.857+0000] {logging_mixin.py:190} INFO - Tabla 'mas_inf' verificada/creada correctamente.
[2026-09-22T04:45:25.858+0000] {spotify_etl_pro.py:278} INFO - OK. Se creo la Tabla.
[2026-09-22T04:45:25.858+0000] {python.py:240} INFO - Done. Returned value was: None
[2026-09-22T04:45:25.867+0000] {taskinstance.py:340} INFO - ::group::Post task execution logs
[2026-09-22T04:45:25.867+0000] {taskinstance.py:352} INFO - Marking task as SUCCESS. dag_id=spotify_etl_pro, task_id=mas_informacion.create_table_mas_inf, run_id=manual__2026-09-22T04:42:46+00:00, execution_date=20260922T044246, start_date=20260922T044525, end_date=20260922T044525
[2026-09-22T04:45:25.907+0000] {local_task_job_runner.py:266} INFO - Task exited with return code 0
[2026-09-22T04:45:25.928+0000] {taskinstance.py:3895} INFO - 0 downstream tasks scheduled from follow-on schedule check
[2026-09-22T04:45:25.929+0000] {local_task_job_runner.py:245} INFO - ::endgroup::
