[2026-09-23T03:20:07.269+0000] {local_task_job_runner.py:123} INFO - ::group::Pre task execution logs
[2026-09-23T03:20:07.287+0000] {taskinstance.py:2613} INFO - Dependencies all met for dep_context=non-requeueable deps ti=<TaskInstance: spotify_etl_pro.condicion_historico_big_querry manual__2026-09-23T03:16:12+00:00 [queued]>
[2026-09-23T03:20:07.296+0000] {taskinstance.py:2613} INFO - Dependencies all met for dep_context=requeueable deps ti=<TaskInstance: spotify_etl_pro.condicion_historico_big_querry manual__2026-09-23T03:16:12+00:00 [queued]>
[2026-09-23T03:20:07.296+0000] {taskinstance.py:2866} INFO - Starting attempt 1 of 3
[2026-09-23T03:20:07.305+0000] {taskinstance.py:2889} INFO - Executing <Task(ShortCircuitOperator): condicion_historico_big_querry> on 2026-09-23 03:16:12+00:00
[2026-09-23T03:20:07.319+0000] {standard_task_runner.py:72} INFO - Started process 2358 to run task
[2026-09-23T03:20:07.327+0000] {standard_task_runner.py:104} INFO - Running: ['airflow', 'tasks', 'run', 'spotify_etl_pro', 'condicion_historico_big_querry', 'manual__2026-09-23T03:16:12+00:00', '--job-id', '1006', '--raw', '--subdir', 'DAGS_FOLDER/spotify_etl_pro.py', '--cfg-path', '/tmp/tmpl3cyqn0m']
[2026-09-23T03:20:07.333+0000] {standard_task_runner.py:105} INFO - Job 1006: Subtask condicion_historico_big_querry
[2026-09-23T03:20:07.432+0000] {task_command.py:467} INFO - Running <TaskInstance: spotify_etl_pro.condicion_historico_big_querry manual__2026-09-23T03:16:12+00:00 [running]> on host 96d0bddc4644
[2026-09-23T03:20:07.534+0000] {taskinstance.py:3132} INFO - Exporting env vars: AIRFLOW_CTX_DAG_OWNER='axel' AIRFLOW_CTX_DAG_ID='spotify_etl_pro' AIRFLOW_CTX_TASK_ID='condicion_historico_big_querry' AIRFLOW_CTX_EXECUTION_DATE='2026-09-23T03:16:12+00:00' AIRFLOW_CTX_TRY_NUMBER='1' AIRFLOW_CTX_DAG_RUN_ID='manual__2026-09-23T03:16:12+00:00'
[2026-09-23T03:20:07.537+0000] {taskinstance.py:731} INFO - ::endgroup::
[2026-09-23T03:20:07.541+0000] {baseoperator.py:416} WARNING - ShortCircuitOperator.execute cannot be called outside TaskInstance!
[2026-09-23T03:20:07.542+0000] {python.py:240} INFO - Done. Returned value was: True
[2026-09-23T03:20:07.543+0000] {python.py:309} INFO - Condition result is True
[2026-09-23T03:20:07.543+0000] {python.py:312} INFO - Proceeding with downstream tasks...
[2026-09-23T03:20:07.563+0000] {taskinstance.py:340} INFO - ::group::Post task execution logs
[2026-09-23T03:20:07.563+0000] {taskinstance.py:352} INFO - Marking task as SUCCESS. dag_id=spotify_etl_pro, task_id=condicion_historico_big_querry, run_id=manual__2026-09-23T03:16:12+00:00, execution_date=20260923T031612, start_date=20260923T032007, end_date=20260923T032007
[2026-09-23T03:20:07.592+0000] {local_task_job_runner.py:266} INFO - Task exited with return code 0
[2026-09-23T03:20:07.632+0000] {taskinstance.py:3895} INFO - 1 downstream tasks scheduled from follow-on schedule check
[2026-09-23T03:20:07.634+0000] {local_task_job_runner.py:245} INFO - ::endgroup::
