[2026-09-21T22:54:36.054+0000] {local_task_job_runner.py:123} INFO - ::group::Pre task execution logs
[2026-09-21T22:54:36.065+0000] {taskinstance.py:2613} INFO - Dependencies all met for dep_context=non-requeueable deps ti=<TaskInstance: spotify_etl_pro.artista_big_querry.subir_inf_artista_bigquerry manual__2026-09-21T22:54:21+00:00 [queued]>
[2026-09-21T22:54:36.070+0000] {taskinstance.py:2613} INFO - Dependencies all met for dep_context=requeueable deps ti=<TaskInstance: spotify_etl_pro.artista_big_querry.subir_inf_artista_bigquerry manual__2026-09-21T22:54:21+00:00 [queued]>
[2026-09-21T22:54:36.070+0000] {taskinstance.py:2866} INFO - Starting attempt 1 of 3
[2026-09-21T22:54:36.075+0000] {taskinstance.py:2889} INFO - Executing <Task(_PythonDecoratedOperator): artista_big_querry.subir_inf_artista_bigquerry> on 2026-09-21 22:54:21+00:00
[2026-09-21T22:54:36.083+0000] {standard_task_runner.py:72} INFO - Started process 628 to run task
[2026-09-21T22:54:36.088+0000] {standard_task_runner.py:104} INFO - Running: ['airflow', 'tasks', 'run', 'spotify_etl_pro', 'artista_big_querry.subir_inf_artista_bigquerry', 'manual__2026-09-21T22:54:21+00:00', '--job-id', '727', '--raw', '--subdir', 'DAGS_FOLDER/spotify_etl_pro.py', '--cfg-path', '/tmp/tmp3a5fdcn_']
[2026-09-21T22:54:36.091+0000] {standard_task_runner.py:105} INFO - Job 727: Subtask artista_big_querry.subir_inf_artista_bigquerry
[2026-09-21T22:54:36.132+0000] {task_command.py:467} INFO - Running <TaskInstance: spotify_etl_pro.artista_big_querry.subir_inf_artista_bigquerry manual__2026-09-21T22:54:21+00:00 [running]> on host 96d0bddc4644
[2026-09-21T22:54:36.187+0000] {taskinstance.py:3132} INFO - Exporting env vars: AIRFLOW_CTX_DAG_OWNER='axel' AIRFLOW_CTX_DAG_ID='spotify_etl_pro' AIRFLOW_CTX_TASK_ID='artista_big_querry.subir_inf_artista_bigquerry' AIRFLOW_CTX_EXECUTION_DATE='2026-09-21T22:54:21+00:00' AIRFLOW_CTX_TRY_NUMBER='1' AIRFLOW_CTX_DAG_RUN_ID='manual__2026-09-21T22:54:21+00:00'
[2026-09-21T22:54:36.187+0000] {taskinstance.py:731} INFO - ::endgroup::
[2026-09-21T22:54:36.547+0000] {_default.py:685} WARNING - No project ID could be determined. Consider running `gcloud config set project` or setting the GOOGLE_CLOUD_PROJECT environment variable
[2026-09-21T22:54:36.989+0000] {logging_mixin.py:190} INFO - [{'nombre_artista': 'Bad Bunny', 'id_spotify': '4q3ewBCX7sLwd24euuV69X'}]
[2026-09-21T22:54:37.450+0000] {logging_mixin.py:190} INFO -    id_artista nombre_artista              id_spotify
0           1      Bad Bunny  4q3ewBCX7sLwd24euuV69X
[2026-09-21T22:54:40.898+0000] {spotify_etl_pro.py:312} INFO - OK. Se ingreso la informacion a la tabla del datasert
[2026-09-21T22:54:40.905+0000] {python.py:240} INFO - Done. Returned value was: None
[2026-09-21T22:54:40.996+0000] {taskinstance.py:340} INFO - ::group::Post task execution logs
[2026-09-21T22:54:40.997+0000] {taskinstance.py:352} INFO - Marking task as SUCCESS. dag_id=spotify_etl_pro, task_id=artista_big_querry.subir_inf_artista_bigquerry, run_id=manual__2026-09-21T22:54:21+00:00, execution_date=20260921T225421, start_date=20260921T225436, end_date=20260921T225440
[2026-09-21T22:54:41.099+0000] {local_task_job_runner.py:266} INFO - Task exited with return code 0
[2026-09-21T22:54:41.101+0000] {standard_task_runner.py:217} INFO - Process not found (most likely exited), stop collecting metrics
[2026-09-21T22:54:41.201+0000] {taskinstance.py:3895} INFO - 1 downstream tasks scheduled from follow-on schedule check
[2026-09-21T22:54:41.203+0000] {local_task_job_runner.py:245} INFO - ::endgroup::
