[2026-09-21T22:54:42.271+0000] {local_task_job_runner.py:123} INFO - ::group::Pre task execution logs
[2026-09-21T22:54:42.284+0000] {taskinstance.py:2613} INFO - Dependencies all met for dep_context=non-requeueable deps ti=<TaskInstance: spotify_etl_pro.tiempo_espera_30s manual__2026-09-21T22:54:21+00:00 [queued]>
[2026-09-21T22:54:42.289+0000] {taskinstance.py:2613} INFO - Dependencies all met for dep_context=requeueable deps ti=<TaskInstance: spotify_etl_pro.tiempo_espera_30s manual__2026-09-21T22:54:21+00:00 [queued]>
[2026-09-21T22:54:42.290+0000] {taskinstance.py:2866} INFO - Starting attempt 1 of 3
[2026-09-21T22:54:42.299+0000] {taskinstance.py:2889} INFO - Executing <Task(BashOperator): tiempo_espera_30s> on 2026-09-21 22:54:21+00:00
[2026-09-21T22:54:42.303+0000] {standard_task_runner.py:72} INFO - Started process 637 to run task
[2026-09-21T22:54:42.314+0000] {standard_task_runner.py:104} INFO - Running: ['airflow', 'tasks', 'run', 'spotify_etl_pro', 'tiempo_espera_30s', 'manual__2026-09-21T22:54:21+00:00', '--job-id', '728', '--raw', '--subdir', 'DAGS_FOLDER/spotify_etl_pro.py', '--cfg-path', '/tmp/tmp4wygco48']
[2026-09-21T22:54:42.318+0000] {standard_task_runner.py:105} INFO - Job 728: Subtask tiempo_espera_30s
[2026-09-21T22:54:42.379+0000] {task_command.py:467} INFO - Running <TaskInstance: spotify_etl_pro.tiempo_espera_30s manual__2026-09-21T22:54:21+00:00 [running]> on host 96d0bddc4644
[2026-09-21T22:54:42.447+0000] {taskinstance.py:3132} INFO - Exporting env vars: AIRFLOW_CTX_DAG_OWNER='axel' AIRFLOW_CTX_DAG_ID='spotify_etl_pro' AIRFLOW_CTX_TASK_ID='tiempo_espera_30s' AIRFLOW_CTX_EXECUTION_DATE='2026-09-21T22:54:21+00:00' AIRFLOW_CTX_TRY_NUMBER='1' AIRFLOW_CTX_DAG_RUN_ID='manual__2026-09-21T22:54:21+00:00'
[2026-09-21T22:54:42.448+0000] {taskinstance.py:731} INFO - ::endgroup::
[2026-09-21T22:54:42.450+0000] {subprocess.py:78} INFO - Tmp dir root location: /tmp
[2026-09-21T22:54:42.451+0000] {subprocess.py:88} INFO - Running command: ['/usr/bin/bash', '-c', 'sleep 30']
[2026-09-21T22:54:42.458+0000] {subprocess.py:99} INFO - Output:
[2026-09-21T22:55:12.548+0000] {subprocess.py:110} INFO - Command exited with return code 0
[2026-09-21T22:55:12.976+0000] {taskinstance.py:340} INFO - ::group::Post task execution logs
[2026-09-21T22:55:12.979+0000] {taskinstance.py:352} INFO - Marking task as SUCCESS. dag_id=spotify_etl_pro, task_id=tiempo_espera_30s, run_id=manual__2026-09-21T22:54:21+00:00, execution_date=20260921T225421, start_date=20260921T225442, end_date=20260921T225512
[2026-09-21T22:55:13.095+0000] {local_task_job_runner.py:266} INFO - Task exited with return code 0
[2026-09-21T22:55:13.245+0000] {taskinstance.py:3895} INFO - 0 downstream tasks scheduled from follow-on schedule check
[2026-09-21T22:55:13.249+0000] {local_task_job_runner.py:245} INFO - ::endgroup::
