[2026-09-23T04:13:23.284+0000] {local_task_job_runner.py:123} INFO - ::group::Pre task execution logs
[2026-09-23T04:13:23.313+0000] {taskinstance.py:2613} INFO - Dependencies all met for dep_context=non-requeueable deps ti=<TaskInstance: spotify_etl_pro.mas_informacion.extraer_mas_info manual__2026-09-23T04:12:15+00:00 [queued]>
[2026-09-23T04:13:23.323+0000] {taskinstance.py:2613} INFO - Dependencies all met for dep_context=requeueable deps ti=<TaskInstance: spotify_etl_pro.mas_informacion.extraer_mas_info manual__2026-09-23T04:12:15+00:00 [queued]>
[2026-09-23T04:13:23.324+0000] {taskinstance.py:2866} INFO - Starting attempt 1 of 3
[2026-09-23T04:13:23.333+0000] {taskinstance.py:2889} INFO - Executing <Task(_PythonDecoratedOperator): mas_informacion.extraer_mas_info> on 2026-09-23 04:12:15+00:00
[2026-09-23T04:13:23.342+0000] {standard_task_runner.py:72} INFO - Started process 3052 to run task
[2026-09-23T04:13:23.349+0000] {standard_task_runner.py:104} INFO - Running: ['airflow', 'tasks', 'run', 'spotify_etl_pro', 'mas_informacion.extraer_mas_info', 'manual__2026-09-23T04:12:15+00:00', '--job-id', '1032', '--raw', '--subdir', 'DAGS_FOLDER/spotify_etl_pro.py', '--cfg-path', '/tmp/tmp5bgrod7d']
[2026-09-23T04:13:23.355+0000] {standard_task_runner.py:105} INFO - Job 1032: Subtask mas_informacion.extraer_mas_info
[2026-09-23T04:13:23.409+0000] {task_command.py:467} INFO - Running <TaskInstance: spotify_etl_pro.mas_informacion.extraer_mas_info manual__2026-09-23T04:12:15+00:00 [running]> on host 96d0bddc4644
[2026-09-23T04:13:23.475+0000] {taskinstance.py:3132} INFO - Exporting env vars: AIRFLOW_CTX_DAG_OWNER='axel' AIRFLOW_CTX_DAG_ID='spotify_etl_pro' AIRFLOW_CTX_TASK_ID='mas_informacion.extraer_mas_info' AIRFLOW_CTX_EXECUTION_DATE='2026-09-23T04:12:15+00:00' AIRFLOW_CTX_TRY_NUMBER='1' AIRFLOW_CTX_DAG_RUN_ID='manual__2026-09-23T04:12:15+00:00'
[2026-09-23T04:13:23.476+0000] {taskinstance.py:731} INFO - ::endgroup::
[2026-09-23T04:13:23.841+0000] {base.py:1032} INFO - BEGIN (implicit)
[2026-09-23T04:13:23.843+0000] {base.py:1863} INFO - SELECT artista.nombre_artista 
FROM artista LEFT OUTER JOIN mas_inf ON artista.id_artista = mas_inf.id_artista 
WHERE mas_inf.id_artista IS NULL
[2026-09-23T04:13:23.844+0000] {base.py:1868} INFO - [generated in 0.00084s] {}
[2026-09-23T04:13:23.847+0000] {base.py:1060} INFO - ROLLBACK
[2026-09-23T04:13:23.848+0000] {spotify_etl_pro.py:231} INFO - ['Tame Impala']
[2026-09-23T04:13:24.422+0000] {spotify_etl_pro.py:233} INFO - OK. Iniciando proceso de extraccion mediante Playwrite
[2026-09-23T04:13:30.726+0000] {logging_mixin.py:190} INFO - Ingresamos en el buscador a: Tame Impala.
[2026-09-23T04:13:37.644+0000] {logging_mixin.py:190} INFO - Seleccionamos apartado de Artistas.
[2026-09-23T04:13:47.141+0000] {logging_mixin.py:190} INFO - Validando que exista el artista a buscar.
[2026-09-23T04:13:47.249+0000] {logging_mixin.py:190} INFO - Tarjetas encontradas: ['Tame Impala', 'Gorillaz', 'Arctic Monkeys', 'Daft Punk', 'Kali Uchis', 'Twenty One Pilots', 'TV Girl', 'Zoé', 'The Neighbourhood', 'Siddhartha', 'Foster The People', 'Tyler, The Creator', 'Cuco', 'Mac Miller', 'MGMT', 'Enjambre', 'Mac DeMarco', 'Tamed Impala', 'León Larregui', 'Joji', 'Interpol', 'rusowsky', 'Empire Of The Sun', 'Djo', 'The Strokes', "L'Impératrice", 'Kevin Parker / Tame Impala', 'HUMBE', 'The Marías', 'Nsqk']
[2026-09-23T04:13:47.463+0000] {logging_mixin.py:190} INFO - Nos movemos al elemento de Acerc de:
[2026-09-23T04:14:01.082+0000] {base.py:1032} INFO - BEGIN (implicit)
[2026-09-23T04:14:01.101+0000] {base.py:1863} INFO - SELECT artista.id_artista 
FROM artista 
WHERE artista.nombre_artista = %(nombre_artista_1)s
[2026-09-23T04:14:01.102+0000] {base.py:1868} INFO - [generated in 0.00211s] {'nombre_artista_1': 'Tame Impala'}
[2026-09-23T04:14:01.113+0000] {logging_mixin.py:190} INFO - El id_artista asociado con Tame Impala es: 7
[2026-09-23T04:14:01.113+0000] {base.py:1060} INFO - ROLLBACK
[2026-09-23T04:14:03.413+0000] {python.py:240} INFO - Done. Returned value was: [{'id_artista': 7, 'artista': 'Tame Impala', 'seguidores': 11982908, 'escuchas_mensuales': 62745326, 'ciudad_oyente_uno': 'London, GB', 'num_oyentes_uno': 1028057, 'ciudad_oyente_dos': 'Mexico City, MX', 'num_oyentes_dos': 790989, 'ciudad_oyente_tres': 'Istanbul, TR', 'num_oyentes_tres': 770005, 'ciudad_oyente_cuatro': 'Los Angeles, US', 'num_oyentes_cuatro': 730185, 'ciudad_oyente_cinco': 'Sydney, AU', 'num_oyentes_cinco': 704000}]
[2026-09-23T04:14:03.493+0000] {taskinstance.py:340} INFO - ::group::Post task execution logs
[2026-09-23T04:14:03.494+0000] {taskinstance.py:352} INFO - Marking task as SUCCESS. dag_id=spotify_etl_pro, task_id=mas_informacion.extraer_mas_info, run_id=manual__2026-09-23T04:12:15+00:00, execution_date=20260923T041215, start_date=20260923T041323, end_date=20260923T041403
[2026-09-23T04:14:03.572+0000] {local_task_job_runner.py:266} INFO - Task exited with return code 0
[2026-09-23T04:14:03.675+0000] {taskinstance.py:3895} INFO - 1 downstream tasks scheduled from follow-on schedule check
[2026-09-23T04:14:03.678+0000] {local_task_job_runner.py:245} INFO - ::endgroup::
