[2026-09-23T04:27:01.532+0000] {local_task_job_runner.py:123} INFO - ::group::Pre task execution logs
[2026-09-23T04:27:01.542+0000] {taskinstance.py:2613} INFO - Dependencies all met for dep_context=non-requeueable deps ti=<TaskInstance: spotify_etl_pro.verify_big_querry_conect manual__2026-09-23T04:21:33+00:00 [queued]>
[2026-09-23T04:27:01.547+0000] {taskinstance.py:2613} INFO - Dependencies all met for dep_context=requeueable deps ti=<TaskInstance: spotify_etl_pro.verify_big_querry_conect manual__2026-09-23T04:21:33+00:00 [queued]>
[2026-09-23T04:27:01.547+0000] {taskinstance.py:2866} INFO - Starting attempt 1 of 3
[2026-09-23T04:27:01.555+0000] {taskinstance.py:2889} INFO - Executing <Task(PythonOperator): verify_big_querry_conect> on 2026-09-23 04:21:33+00:00
[2026-09-23T04:27:01.559+0000] {standard_task_runner.py:72} INFO - Started process 3523 to run task
[2026-09-23T04:27:01.568+0000] {standard_task_runner.py:104} INFO - Running: ['airflow', 'tasks', 'run', 'spotify_etl_pro', 'verify_big_querry_conect', 'manual__2026-09-23T04:21:33+00:00', '--job-id', '1054', '--raw', '--subdir', 'DAGS_FOLDER/spotify_etl_pro.py', '--cfg-path', '/tmp/tmptlf_agex']
[2026-09-23T04:27:01.574+0000] {standard_task_runner.py:105} INFO - Job 1054: Subtask verify_big_querry_conect
[2026-09-23T04:27:01.633+0000] {task_command.py:467} INFO - Running <TaskInstance: spotify_etl_pro.verify_big_querry_conect manual__2026-09-23T04:21:33+00:00 [running]> on host 96d0bddc4644
[2026-09-23T04:27:01.707+0000] {taskinstance.py:3132} INFO - Exporting env vars: AIRFLOW_CTX_DAG_OWNER='axel' AIRFLOW_CTX_DAG_ID='spotify_etl_pro' AIRFLOW_CTX_TASK_ID='verify_big_querry_conect' AIRFLOW_CTX_EXECUTION_DATE='2026-09-23T04:21:33+00:00' AIRFLOW_CTX_TRY_NUMBER='1' AIRFLOW_CTX_DAG_RUN_ID='manual__2026-09-23T04:21:33+00:00'
[2026-09-23T04:27:01.708+0000] {taskinstance.py:731} INFO - ::endgroup::
[2026-09-23T04:27:02.889+0000] {spotify_etl_pro.py:90} INFO - OK. Instanciando cliente de BigQuery...
[2026-09-23T04:27:02.895+0000] {_default.py:685} WARNING - No project ID could be determined. Consider running `gcloud config set project` or setting the GOOGLE_CLOUD_PROJECT environment variable
[2026-09-23T04:27:02.896+0000] {spotify_etl_pro.py:93} INFO - OK. Cliente conectado al proyecto: vital-pillar-509021-s9
[2026-09-23T04:27:02.896+0000] {spotify_etl_pro.py:94} INFO - OK. Listando datasets existentes...
[2026-09-23T04:27:03.375+0000] {spotify_etl_pro.py:98} INFO - OK. Se encontraron 1 dataset(s):
[2026-09-23T04:27:03.377+0000] {spotify_etl_pro.py:100} INFO - OK.  - Spotify_dataset
[2026-09-23T04:27:03.378+0000] {spotify_etl_pro.py:104} INFO - OK. Verificación de conexión a BigQuery completada sin errores.
[2026-09-23T04:27:03.378+0000] {python.py:240} INFO - Done. Returned value was: vital-pillar-509021-s9
[2026-09-23T04:27:03.444+0000] {taskinstance.py:340} INFO - ::group::Post task execution logs
[2026-09-23T04:27:03.445+0000] {taskinstance.py:352} INFO - Marking task as SUCCESS. dag_id=spotify_etl_pro, task_id=verify_big_querry_conect, run_id=manual__2026-09-23T04:21:33+00:00, execution_date=20260923T042133, start_date=20260923T042701, end_date=20260923T042703
[2026-09-23T04:27:03.499+0000] {local_task_job_runner.py:266} INFO - Task exited with return code 0
[2026-09-23T04:27:03.552+0000] {taskinstance.py:3895} INFO - 1 downstream tasks scheduled from follow-on schedule check
[2026-09-23T04:27:03.554+0000] {local_task_job_runner.py:245} INFO - ::endgroup::
