[2026-09-22T23:14:37.990+0000] {local_task_job_runner.py:123} INFO - ::group::Pre task execution logs
[2026-09-22T23:14:38.007+0000] {taskinstance.py:2613} INFO - Dependencies all met for dep_context=non-requeueable deps ti=<TaskInstance: spotify_etl_pro.canciones.create_tabla_canciones manual__2026-09-22T23:13:47+00:00 [queued]>
[2026-09-22T23:14:38.015+0000] {taskinstance.py:2613} INFO - Dependencies all met for dep_context=requeueable deps ti=<TaskInstance: spotify_etl_pro.canciones.create_tabla_canciones manual__2026-09-22T23:13:47+00:00 [queued]>
[2026-09-22T23:14:38.016+0000] {taskinstance.py:2866} INFO - Starting attempt 1 of 3
[2026-09-22T23:14:38.027+0000] {taskinstance.py:2889} INFO - Executing <Task(_PythonDecoratedOperator): canciones.create_tabla_canciones> on 2026-09-22 23:13:47+00:00
[2026-09-22T23:14:38.040+0000] {standard_task_runner.py:72} INFO - Started process 309 to run task
[2026-09-22T23:14:38.048+0000] {standard_task_runner.py:104} INFO - Running: ['airflow', 'tasks', 'run', 'spotify_etl_pro', 'canciones.create_tabla_canciones', 'manual__2026-09-22T23:13:47+00:00', '--job-id', '895', '--raw', '--subdir', 'DAGS_FOLDER/spotify_etl_pro.py', '--cfg-path', '/tmp/tmphsngfn0c']
[2026-09-22T23:14:38.051+0000] {standard_task_runner.py:105} INFO - Job 895: Subtask canciones.create_tabla_canciones
[2026-09-22T23:14:38.116+0000] {task_command.py:467} INFO - Running <TaskInstance: spotify_etl_pro.canciones.create_tabla_canciones manual__2026-09-22T23:13:47+00:00 [running]> on host 96d0bddc4644
[2026-09-22T23:14:38.253+0000] {taskinstance.py:3132} INFO - Exporting env vars: AIRFLOW_CTX_DAG_OWNER='axel' AIRFLOW_CTX_DAG_ID='spotify_etl_pro' AIRFLOW_CTX_TASK_ID='canciones.create_tabla_canciones' AIRFLOW_CTX_EXECUTION_DATE='2026-09-22T23:13:47+00:00' AIRFLOW_CTX_TRY_NUMBER='1' AIRFLOW_CTX_DAG_RUN_ID='manual__2026-09-22T23:13:47+00:00'
[2026-09-22T23:14:38.255+0000] {taskinstance.py:731} INFO - ::endgroup::
[2026-09-22T23:14:38.258+0000] {base.py:1032} INFO - BEGIN (implicit)
[2026-09-22T23:14:38.259+0000] {base.py:1863} INFO - select relname from pg_class c join pg_namespace n on n.oid=c.relnamespace where pg_catalog.pg_table_is_visible(c.oid) and relname=%(name)s
[2026-09-22T23:14:38.261+0000] {base.py:1868} INFO - [generated in 0.00205s] {'name': 'canciones'}
[2026-09-22T23:14:38.266+0000] {base.py:1092} INFO - COMMIT
[2026-09-22T23:14:38.266+0000] {logging_mixin.py:190} INFO - Tabla 'canciones' verificada/creada correctamente.
[2026-09-22T23:14:38.267+0000] {spotify_etl_pro.py:269} INFO - OK. Se creo la Tabla.
[2026-09-22T23:14:38.267+0000] {python.py:240} INFO - Done. Returned value was: None
[2026-09-22T23:14:38.281+0000] {taskinstance.py:340} INFO - ::group::Post task execution logs
[2026-09-22T23:14:38.281+0000] {taskinstance.py:352} INFO - Marking task as SUCCESS. dag_id=spotify_etl_pro, task_id=canciones.create_tabla_canciones, run_id=manual__2026-09-22T23:13:47+00:00, execution_date=20260922T231347, start_date=20260922T231438, end_date=20260922T231438
[2026-09-22T23:14:38.303+0000] {local_task_job_runner.py:266} INFO - Task exited with return code 0
[2026-09-22T23:14:38.337+0000] {taskinstance.py:3895} INFO - 0 downstream tasks scheduled from follow-on schedule check
[2026-09-22T23:14:38.339+0000] {local_task_job_runner.py:245} INFO - ::endgroup::
