[2026-09-23T04:26:13.083+0000] {local_task_job_runner.py:123} INFO - ::group::Pre task execution logs
[2026-09-23T04:26:13.107+0000] {taskinstance.py:2613} INFO - Dependencies all met for dep_context=non-requeueable deps ti=<TaskInstance: spotify_etl_pro.canciones.subir_inf_tracks manual__2026-09-23T04:21:33+00:00 [queued]>
[2026-09-23T04:26:13.119+0000] {taskinstance.py:2613} INFO - Dependencies all met for dep_context=requeueable deps ti=<TaskInstance: spotify_etl_pro.canciones.subir_inf_tracks manual__2026-09-23T04:21:33+00:00 [queued]>
[2026-09-23T04:26:13.119+0000] {taskinstance.py:2866} INFO - Starting attempt 1 of 3
[2026-09-23T04:26:13.127+0000] {taskinstance.py:2889} INFO - Executing <Task(_PythonDecoratedOperator): canciones.subir_inf_tracks> on 2026-09-23 04:21:33+00:00
[2026-09-23T04:26:13.141+0000] {standard_task_runner.py:72} INFO - Started process 3318 to run task
[2026-09-23T04:26:13.154+0000] {standard_task_runner.py:104} INFO - Running: ['airflow', 'tasks', 'run', 'spotify_etl_pro', 'canciones.subir_inf_tracks', 'manual__2026-09-23T04:21:33+00:00', '--job-id', '1049', '--raw', '--subdir', 'DAGS_FOLDER/spotify_etl_pro.py', '--cfg-path', '/tmp/tmp8tjr9l34']
[2026-09-23T04:26:13.163+0000] {standard_task_runner.py:105} INFO - Job 1049: Subtask canciones.subir_inf_tracks
[2026-09-23T04:26:13.257+0000] {task_command.py:467} INFO - Running <TaskInstance: spotify_etl_pro.canciones.subir_inf_tracks manual__2026-09-23T04:21:33+00:00 [running]> on host 96d0bddc4644
[2026-09-23T04:26:13.427+0000] {taskinstance.py:3132} INFO - Exporting env vars: AIRFLOW_CTX_DAG_OWNER='axel' AIRFLOW_CTX_DAG_ID='spotify_etl_pro' AIRFLOW_CTX_TASK_ID='canciones.subir_inf_tracks' AIRFLOW_CTX_EXECUTION_DATE='2026-09-23T04:21:33+00:00' AIRFLOW_CTX_TRY_NUMBER='1' AIRFLOW_CTX_DAG_RUN_ID='manual__2026-09-23T04:21:33+00:00'
[2026-09-23T04:26:13.436+0000] {taskinstance.py:731} INFO - ::endgroup::
[2026-09-23T04:26:13.451+0000] {base.py:1032} INFO - BEGIN (implicit)
[2026-09-23T04:26:13.456+0000] {base.py:1863} INFO - INSERT INTO canciones (nombre_cancion, id_spotify, num_cancion, duracion, id_album) VALUES (%(nombre_cancion)s, %(id_spotify)s, %(num_cancion)s, %(duracion)s, %(id_album)s)
[2026-09-23T04:26:13.457+0000] {base.py:1868} INFO - [generated in 0.00204s] ({'nombre_cancion': 'Amnesia', 'id_spotify': '1AMkr00BRyFgDhVZEuo3Z6', 'num_cancion': 1, 'duracion': 253981, 'id_album': 326}, {'nombre_cancion': 'Math Equation', 'id_spotify': '0Gi6zPDPG6VWFnZwSxPHgO', 'num_cancion': 2, 'duracion': 252263, 'id_album': 326}, {'nombre_cancion': 'Siren Song', 'id_spotify': '5iEhRXutIGnXGRoMtVWZLk', 'num_cancion': 3, 'duracion': 217645, 'id_album': 326}, {'nombre_cancion': 'Chin Up Buttercup', 'id_spotify': '1CFcMGdhMfrmVOrT2Beami', 'num_cancion': 4, 'duracion': 109377, 'id_album': 326}, {'nombre_cancion': 'Fallen Cloud', 'id_spotify': '33IBQKB1tHkVqTNb2SDREd', 'num_cancion': 5, 'duracion': 276662, 'id_album': 326}, {'nombre_cancion': 'Blindsided', 'id_spotify': '4fP4BZ2g09nhgK323T62Sb', 'num_cancion': 6, 'duracion': 215328, 'id_album': 326}, {'nombre_cancion': 'Think Twice', 'id_spotify': '1ksWSdTWL9at2JteJxeyOR', 'num_cancion': 7, 'duracion': 210506, 'id_album': 326}, {'nombre_cancion': 'Look Me in the Eye', 'id_spotify': '54j4NUO00giqioA2dL7vbb', 'num_cancion': 8, 'duracion': 142378, 'id_album': 326}  ... displaying 10 of 96 total bound parameter sets ...  {'nombre_cancion': 'Lose It - Mark Pistel Vocal Remix', 'id_spotify': '6FMj6IcqNQ1sUxnMIVDp02', 'num_cancion': 9, 'duracion': 383093, 'id_album': 333}, {'nombre_cancion': 'Lose It - Mark Pistel Funk Bass Remix', 'id_spotify': '6GDfFIAvzLgeHQmAe3Z6Kq', 'num_cancion': 10, 'duracion': 385413, 'id_album': 333})
[2026-09-23T04:26:13.481+0000] {base.py:1092} INFO - COMMIT
[2026-09-23T04:26:13.482+0000] {logging_mixin.py:190} INFO - Registro insertado correctamente
[2026-09-23T04:26:13.482+0000] {spotify_etl_pro.py:305} INFO - OK. Se ingreso la informacion en la tabla
[2026-09-23T04:26:13.482+0000] {python.py:240} INFO - Done. Returned value was: None
[2026-09-23T04:26:13.494+0000] {taskinstance.py:340} INFO - ::group::Post task execution logs
[2026-09-23T04:26:13.496+0000] {taskinstance.py:352} INFO - Marking task as SUCCESS. dag_id=spotify_etl_pro, task_id=canciones.subir_inf_tracks, run_id=manual__2026-09-23T04:21:33+00:00, execution_date=20260923T042133, start_date=20260923T042613, end_date=20260923T042613
[2026-09-23T04:26:13.534+0000] {local_task_job_runner.py:266} INFO - Task exited with return code 0
[2026-09-23T04:26:13.556+0000] {local_task_job_runner.py:245} INFO - ::endgroup::
