[2026-09-22T04:43:44.650+0000] {local_task_job_runner.py:123} INFO - ::group::Pre task execution logs
[2026-09-22T04:43:44.660+0000] {taskinstance.py:2613} INFO - Dependencies all met for dep_context=non-requeueable deps ti=<TaskInstance: spotify_etl_pro.condicion_proceso_album manual__2026-09-22T04:42:46+00:00 [queued]>
[2026-09-22T04:43:44.664+0000] {taskinstance.py:2613} INFO - Dependencies all met for dep_context=requeueable deps ti=<TaskInstance: spotify_etl_pro.condicion_proceso_album manual__2026-09-22T04:42:46+00:00 [queued]>
[2026-09-22T04:43:44.665+0000] {taskinstance.py:2866} INFO - Starting attempt 1 of 3
[2026-09-22T04:43:44.671+0000] {taskinstance.py:2889} INFO - Executing <Task(ShortCircuitOperator): condicion_proceso_album> on 2026-09-22 04:42:46+00:00
[2026-09-22T04:43:44.674+0000] {standard_task_runner.py:72} INFO - Started process 3255 to run task
[2026-09-22T04:43:44.680+0000] {standard_task_runner.py:104} INFO - Running: ['airflow', 'tasks', 'run', 'spotify_etl_pro', 'condicion_proceso_album', 'manual__2026-09-22T04:42:46+00:00', '--job-id', '868', '--raw', '--subdir', 'DAGS_FOLDER/spotify_etl_pro.py', '--cfg-path', '/tmp/tmpyafkec5v']
[2026-09-22T04:43:44.683+0000] {standard_task_runner.py:105} INFO - Job 868: Subtask condicion_proceso_album
[2026-09-22T04:43:44.736+0000] {task_command.py:467} INFO - Running <TaskInstance: spotify_etl_pro.condicion_proceso_album manual__2026-09-22T04:42:46+00:00 [running]> on host 96d0bddc4644
[2026-09-22T04:43:44.806+0000] {taskinstance.py:3132} INFO - Exporting env vars: AIRFLOW_CTX_DAG_OWNER='axel' AIRFLOW_CTX_DAG_ID='spotify_etl_pro' AIRFLOW_CTX_TASK_ID='condicion_proceso_album' AIRFLOW_CTX_EXECUTION_DATE='2026-09-22T04:42:46+00:00' AIRFLOW_CTX_TRY_NUMBER='1' AIRFLOW_CTX_DAG_RUN_ID='manual__2026-09-22T04:42:46+00:00'
[2026-09-22T04:43:44.808+0000] {taskinstance.py:731} INFO - ::endgroup::
[2026-09-22T04:43:44.809+0000] {baseoperator.py:416} WARNING - ShortCircuitOperator.execute cannot be called outside TaskInstance!
[2026-09-22T04:43:44.810+0000] {python.py:240} INFO - Done. Returned value was: True
[2026-09-22T04:43:44.810+0000] {python.py:309} INFO - Condition result is True
[2026-09-22T04:43:44.810+0000] {python.py:312} INFO - Proceeding with downstream tasks...
[2026-09-22T04:43:44.826+0000] {taskinstance.py:340} INFO - ::group::Post task execution logs
[2026-09-22T04:43:44.827+0000] {taskinstance.py:352} INFO - Marking task as SUCCESS. dag_id=spotify_etl_pro, task_id=condicion_proceso_album, run_id=manual__2026-09-22T04:42:46+00:00, execution_date=20260922T044246, start_date=20260922T044344, end_date=20260922T044344
[2026-09-22T04:43:44.857+0000] {local_task_job_runner.py:266} INFO - Task exited with return code 0
[2026-09-22T04:43:44.879+0000] {taskinstance.py:3895} INFO - 1 downstream tasks scheduled from follow-on schedule check
[2026-09-22T04:43:44.880+0000] {local_task_job_runner.py:245} INFO - ::endgroup::
