[2026-09-21T22:39:01.398+0000] {local_task_job_runner.py:123} INFO - ::group::Pre task execution logs
[2026-09-21T22:39:01.415+0000] {taskinstance.py:2613} INFO - Dependencies all met for dep_context=non-requeueable deps ti=<TaskInstance: spotify_etl_pro.tiempo_espera_30s manual__2026-09-21T22:38:47+00:00 [queued]>
[2026-09-21T22:39:01.421+0000] {taskinstance.py:2613} INFO - Dependencies all met for dep_context=requeueable deps ti=<TaskInstance: spotify_etl_pro.tiempo_espera_30s manual__2026-09-21T22:38:47+00:00 [queued]>
[2026-09-21T22:39:01.422+0000] {taskinstance.py:2866} INFO - Starting attempt 1 of 3
[2026-09-21T22:39:01.432+0000] {taskinstance.py:2889} INFO - Executing <Task(BashOperator): tiempo_espera_30s> on 2026-09-21 22:38:47+00:00
[2026-09-21T22:39:01.442+0000] {standard_task_runner.py:72} INFO - Started process 402 to run task
[2026-09-21T22:39:01.456+0000] {standard_task_runner.py:104} INFO - Running: ['airflow', 'tasks', 'run', 'spotify_etl_pro', 'tiempo_espera_30s', 'manual__2026-09-21T22:38:47+00:00', '--job-id', '704', '--raw', '--subdir', 'DAGS_FOLDER/spotify_etl_pro.py', '--cfg-path', '/tmp/tmpswxatbiz']
[2026-09-21T22:39:01.463+0000] {standard_task_runner.py:105} INFO - Job 704: Subtask tiempo_espera_30s
[2026-09-21T22:39:01.561+0000] {task_command.py:467} INFO - Running <TaskInstance: spotify_etl_pro.tiempo_espera_30s manual__2026-09-21T22:38:47+00:00 [running]> on host 96d0bddc4644
[2026-09-21T22:39:01.639+0000] {taskinstance.py:3132} INFO - Exporting env vars: AIRFLOW_CTX_DAG_OWNER='axel' AIRFLOW_CTX_DAG_ID='spotify_etl_pro' AIRFLOW_CTX_TASK_ID='tiempo_espera_30s' AIRFLOW_CTX_EXECUTION_DATE='2026-09-21T22:38:47+00:00' AIRFLOW_CTX_TRY_NUMBER='1' AIRFLOW_CTX_DAG_RUN_ID='manual__2026-09-21T22:38:47+00:00'
[2026-09-21T22:39:01.641+0000] {taskinstance.py:731} INFO - ::endgroup::
[2026-09-21T22:39:01.643+0000] {subprocess.py:78} INFO - Tmp dir root location: /tmp
[2026-09-21T22:39:01.646+0000] {subprocess.py:88} INFO - Running command: ['/usr/bin/bash', '-c', 'sleep 30']
[2026-09-21T22:39:01.655+0000] {subprocess.py:99} INFO - Output:
[2026-09-21T22:39:31.673+0000] {subprocess.py:110} INFO - Command exited with return code 0
[2026-09-21T22:39:31.760+0000] {taskinstance.py:340} INFO - ::group::Post task execution logs
[2026-09-21T22:39:31.761+0000] {taskinstance.py:352} INFO - Marking task as SUCCESS. dag_id=spotify_etl_pro, task_id=tiempo_espera_30s, run_id=manual__2026-09-21T22:38:47+00:00, execution_date=20260921T223847, start_date=20260921T223901, end_date=20260921T223931
[2026-09-21T22:39:31.797+0000] {local_task_job_runner.py:266} INFO - Task exited with return code 0
[2026-09-21T22:39:31.824+0000] {taskinstance.py:3895} INFO - 1 downstream tasks scheduled from follow-on schedule check
[2026-09-21T22:39:31.826+0000] {local_task_job_runner.py:245} INFO - ::endgroup::
