[2026-09-22T23:15:13.603+0000] {local_task_job_runner.py:123} INFO - ::group::Pre task execution logs
[2026-09-22T23:15:13.614+0000] {taskinstance.py:2613} INFO - Dependencies all met for dep_context=non-requeueable deps ti=<TaskInstance: spotify_etl_pro.condicion_mas_informacion manual__2026-09-22T23:13:47+00:00 [queued]>
[2026-09-22T23:15:13.619+0000] {taskinstance.py:2613} INFO - Dependencies all met for dep_context=requeueable deps ti=<TaskInstance: spotify_etl_pro.condicion_mas_informacion manual__2026-09-22T23:13:47+00:00 [queued]>
[2026-09-22T23:15:13.619+0000] {taskinstance.py:2866} INFO - Starting attempt 1 of 3
[2026-09-22T23:15:13.626+0000] {taskinstance.py:2889} INFO - Executing <Task(ShortCircuitOperator): condicion_mas_informacion> on 2026-09-22 23:13:47+00:00
[2026-09-22T23:15:13.629+0000] {standard_task_runner.py:72} INFO - Started process 334 to run task
[2026-09-22T23:15:13.633+0000] {standard_task_runner.py:104} INFO - Running: ['airflow', 'tasks', 'run', 'spotify_etl_pro', 'condicion_mas_informacion', 'manual__2026-09-22T23:13:47+00:00', '--job-id', '903', '--raw', '--subdir', 'DAGS_FOLDER/spotify_etl_pro.py', '--cfg-path', '/tmp/tmpi8bdhv53']
[2026-09-22T23:15:13.635+0000] {standard_task_runner.py:105} INFO - Job 903: Subtask condicion_mas_informacion
[2026-09-22T23:15:13.674+0000] {task_command.py:467} INFO - Running <TaskInstance: spotify_etl_pro.condicion_mas_informacion manual__2026-09-22T23:13:47+00:00 [running]> on host 96d0bddc4644
[2026-09-22T23:15:13.732+0000] {taskinstance.py:3132} INFO - Exporting env vars: AIRFLOW_CTX_DAG_OWNER='axel' AIRFLOW_CTX_DAG_ID='spotify_etl_pro' AIRFLOW_CTX_TASK_ID='condicion_mas_informacion' AIRFLOW_CTX_EXECUTION_DATE='2026-09-22T23:13:47+00:00' AIRFLOW_CTX_TRY_NUMBER='1' AIRFLOW_CTX_DAG_RUN_ID='manual__2026-09-22T23:13:47+00:00'
[2026-09-22T23:15:13.732+0000] {taskinstance.py:731} INFO - ::endgroup::
[2026-09-22T23:15:13.734+0000] {baseoperator.py:416} WARNING - ShortCircuitOperator.execute cannot be called outside TaskInstance!
[2026-09-22T23:15:13.734+0000] {python.py:240} INFO - Done. Returned value was: True
[2026-09-22T23:15:13.734+0000] {python.py:309} INFO - Condition result is True
[2026-09-22T23:15:13.734+0000] {python.py:312} INFO - Proceeding with downstream tasks...
[2026-09-22T23:15:13.749+0000] {taskinstance.py:340} INFO - ::group::Post task execution logs
[2026-09-22T23:15:13.750+0000] {taskinstance.py:352} INFO - Marking task as SUCCESS. dag_id=spotify_etl_pro, task_id=condicion_mas_informacion, run_id=manual__2026-09-22T23:13:47+00:00, execution_date=20260922T231347, start_date=20260922T231513, end_date=20260922T231513
[2026-09-22T23:15:13.766+0000] {local_task_job_runner.py:266} INFO - Task exited with return code 0
[2026-09-22T23:15:13.789+0000] {taskinstance.py:3895} INFO - 1 downstream tasks scheduled from follow-on schedule check
[2026-09-22T23:15:13.790+0000] {local_task_job_runner.py:245} INFO - ::endgroup::
