[2026-09-23T04:13:15.561+0000] {local_task_job_runner.py:123} INFO - ::group::Pre task execution logs
[2026-09-23T04:13:15.572+0000] {taskinstance.py:2613} INFO - Dependencies all met for dep_context=non-requeueable deps ti=<TaskInstance: spotify_etl_pro.condicion_mas_informacion manual__2026-09-23T04:12:15+00:00 [queued]>
[2026-09-23T04:13:15.577+0000] {taskinstance.py:2613} INFO - Dependencies all met for dep_context=requeueable deps ti=<TaskInstance: spotify_etl_pro.condicion_mas_informacion manual__2026-09-23T04:12:15+00:00 [queued]>
[2026-09-23T04:13:15.577+0000] {taskinstance.py:2866} INFO - Starting attempt 1 of 3
[2026-09-23T04:13:15.583+0000] {taskinstance.py:2889} INFO - Executing <Task(ShortCircuitOperator): condicion_mas_informacion> on 2026-09-23 04:12:15+00:00
[2026-09-23T04:13:15.586+0000] {standard_task_runner.py:72} INFO - Started process 2959 to run task
[2026-09-23T04:13:15.590+0000] {standard_task_runner.py:104} INFO - Running: ['airflow', 'tasks', 'run', 'spotify_etl_pro', 'condicion_mas_informacion', 'manual__2026-09-23T04:12:15+00:00', '--job-id', '1029', '--raw', '--subdir', 'DAGS_FOLDER/spotify_etl_pro.py', '--cfg-path', '/tmp/tmplirgu38t']
[2026-09-23T04:13:15.592+0000] {standard_task_runner.py:105} INFO - Job 1029: Subtask condicion_mas_informacion
[2026-09-23T04:13:15.653+0000] {task_command.py:467} INFO - Running <TaskInstance: spotify_etl_pro.condicion_mas_informacion manual__2026-09-23T04:12:15+00:00 [running]> on host 96d0bddc4644
[2026-09-23T04:13:15.711+0000] {taskinstance.py:3132} INFO - Exporting env vars: AIRFLOW_CTX_DAG_OWNER='axel' AIRFLOW_CTX_DAG_ID='spotify_etl_pro' AIRFLOW_CTX_TASK_ID='condicion_mas_informacion' AIRFLOW_CTX_EXECUTION_DATE='2026-09-23T04:12:15+00:00' AIRFLOW_CTX_TRY_NUMBER='1' AIRFLOW_CTX_DAG_RUN_ID='manual__2026-09-23T04:12:15+00:00'
[2026-09-23T04:13:15.712+0000] {taskinstance.py:731} INFO - ::endgroup::
[2026-09-23T04:13:15.713+0000] {baseoperator.py:416} WARNING - ShortCircuitOperator.execute cannot be called outside TaskInstance!
[2026-09-23T04:13:15.714+0000] {python.py:240} INFO - Done. Returned value was: True
[2026-09-23T04:13:15.714+0000] {python.py:309} INFO - Condition result is True
[2026-09-23T04:13:15.714+0000] {python.py:312} INFO - Proceeding with downstream tasks...
[2026-09-23T04:13:15.739+0000] {taskinstance.py:340} INFO - ::group::Post task execution logs
[2026-09-23T04:13:15.739+0000] {taskinstance.py:352} INFO - Marking task as SUCCESS. dag_id=spotify_etl_pro, task_id=condicion_mas_informacion, run_id=manual__2026-09-23T04:12:15+00:00, execution_date=20260923T041215, start_date=20260923T041315, end_date=20260923T041315
[2026-09-23T04:13:15.767+0000] {local_task_job_runner.py:266} INFO - Task exited with return code 0
[2026-09-23T04:13:15.790+0000] {taskinstance.py:3895} INFO - 1 downstream tasks scheduled from follow-on schedule check
[2026-09-23T04:13:15.791+0000] {local_task_job_runner.py:245} INFO - ::endgroup::
