[2026-09-21T22:32:52.685+0000] {local_task_job_runner.py:123} INFO - ::group::Pre task execution logs
[2026-09-21T22:32:52.695+0000] {taskinstance.py:2613} INFO - Dependencies all met for dep_context=non-requeueable deps ti=<TaskInstance: spotify_etl_pro.canciones.create_tabla_canciones manual__2026-09-21T22:32:43+00:00 [queued]>
[2026-09-21T22:32:52.701+0000] {taskinstance.py:2613} INFO - Dependencies all met for dep_context=requeueable deps ti=<TaskInstance: spotify_etl_pro.canciones.create_tabla_canciones manual__2026-09-21T22:32:43+00:00 [queued]>
[2026-09-21T22:32:52.702+0000] {taskinstance.py:2866} INFO - Starting attempt 1 of 3
[2026-09-21T22:32:52.711+0000] {taskinstance.py:2889} INFO - Executing <Task(_PythonDecoratedOperator): canciones.create_tabla_canciones> on 2026-09-21 22:32:43+00:00
[2026-09-21T22:32:52.719+0000] {standard_task_runner.py:72} INFO - Started process 238 to run task
[2026-09-21T22:32:52.722+0000] {standard_task_runner.py:104} INFO - Running: ['airflow', 'tasks', 'run', 'spotify_etl_pro', 'canciones.create_tabla_canciones', 'manual__2026-09-21T22:32:43+00:00', '--job-id', '673', '--raw', '--subdir', 'DAGS_FOLDER/spotify_etl_pro.py', '--cfg-path', '/tmp/tmpkcjzzhql']
[2026-09-21T22:32:52.725+0000] {standard_task_runner.py:105} INFO - Job 673: Subtask canciones.create_tabla_canciones
[2026-09-21T22:32:52.779+0000] {task_command.py:467} INFO - Running <TaskInstance: spotify_etl_pro.canciones.create_tabla_canciones manual__2026-09-21T22:32:43+00:00 [running]> on host 96d0bddc4644
[2026-09-21T22:32:52.854+0000] {taskinstance.py:3132} INFO - Exporting env vars: AIRFLOW_CTX_DAG_OWNER='axel' AIRFLOW_CTX_DAG_ID='spotify_etl_pro' AIRFLOW_CTX_TASK_ID='canciones.create_tabla_canciones' AIRFLOW_CTX_EXECUTION_DATE='2026-09-21T22:32:43+00:00' AIRFLOW_CTX_TRY_NUMBER='1' AIRFLOW_CTX_DAG_RUN_ID='manual__2026-09-21T22:32:43+00:00'
[2026-09-21T22:32:52.855+0000] {taskinstance.py:731} INFO - ::endgroup::
[2026-09-21T22:32:52.874+0000] {logging_mixin.py:190} INFO - 2026-09-21 22:32:52,874 INFO sqlalchemy.engine.Engine select pg_catalog.version()
[2026-09-21T22:32:52.874+0000] {base.py:1863} INFO - select pg_catalog.version()
[2026-09-21T22:32:52.875+0000] {logging_mixin.py:190} INFO - 2026-09-21 22:32:52,875 INFO sqlalchemy.engine.Engine [raw sql] {}
[2026-09-21T22:32:52.875+0000] {base.py:1868} INFO - [raw sql] {}
[2026-09-21T22:32:52.876+0000] {logging_mixin.py:190} INFO - 2026-09-21 22:32:52,876 INFO sqlalchemy.engine.Engine select current_schema()
[2026-09-21T22:32:52.876+0000] {base.py:1863} INFO - select current_schema()
[2026-09-21T22:32:52.876+0000] {logging_mixin.py:190} INFO - 2026-09-21 22:32:52,876 INFO sqlalchemy.engine.Engine [raw sql] {}
[2026-09-21T22:32:52.876+0000] {base.py:1868} INFO - [raw sql] {}
[2026-09-21T22:32:52.878+0000] {logging_mixin.py:190} INFO - 2026-09-21 22:32:52,878 INFO sqlalchemy.engine.Engine show standard_conforming_strings
[2026-09-21T22:32:52.878+0000] {base.py:1863} INFO - show standard_conforming_strings
[2026-09-21T22:32:52.878+0000] {logging_mixin.py:190} INFO - 2026-09-21 22:32:52,878 INFO sqlalchemy.engine.Engine [raw sql] {}
[2026-09-21T22:32:52.878+0000] {base.py:1868} INFO - [raw sql] {}
[2026-09-21T22:32:52.879+0000] {logging_mixin.py:190} INFO - 2026-09-21 22:32:52,879 INFO sqlalchemy.engine.Engine BEGIN (implicit)
[2026-09-21T22:32:52.879+0000] {base.py:1032} INFO - BEGIN (implicit)
[2026-09-21T22:32:52.880+0000] {logging_mixin.py:190} INFO - 2026-09-21 22:32:52,880 INFO sqlalchemy.engine.Engine select relname from pg_class c join pg_namespace n on n.oid=c.relnamespace where pg_catalog.pg_table_is_visible(c.oid) and relname=%(name)s
[2026-09-21T22:32:52.880+0000] {base.py:1863} INFO - select relname from pg_class c join pg_namespace n on n.oid=c.relnamespace where pg_catalog.pg_table_is_visible(c.oid) and relname=%(name)s
[2026-09-21T22:32:52.881+0000] {logging_mixin.py:190} INFO - 2026-09-21 22:32:52,881 INFO sqlalchemy.engine.Engine [generated in 0.00079s] {'name': 'canciones'}
[2026-09-21T22:32:52.881+0000] {base.py:1868} INFO - [generated in 0.00079s] {'name': 'canciones'}
[2026-09-21T22:32:52.883+0000] {logging_mixin.py:190} INFO - 2026-09-21 22:32:52,883 INFO sqlalchemy.engine.Engine COMMIT
[2026-09-21T22:32:52.883+0000] {base.py:1092} INFO - COMMIT
[2026-09-21T22:32:52.884+0000] {logging_mixin.py:190} INFO - Tabla 'canciones' verificada/creada correctamente.
[2026-09-21T22:32:52.884+0000] {spotify_etl_pro.py:262} INFO - OK. Se creo la Tabla.
[2026-09-21T22:32:52.884+0000] {python.py:240} INFO - Done. Returned value was: None
[2026-09-21T22:32:52.892+0000] {taskinstance.py:340} INFO - ::group::Post task execution logs
[2026-09-21T22:32:52.892+0000] {taskinstance.py:352} INFO - Marking task as SUCCESS. dag_id=spotify_etl_pro, task_id=canciones.create_tabla_canciones, run_id=manual__2026-09-21T22:32:43+00:00, execution_date=20260921T223243, start_date=20260921T223252, end_date=20260921T223252
[2026-09-21T22:32:52.937+0000] {local_task_job_runner.py:266} INFO - Task exited with return code 0
[2026-09-21T22:32:52.947+0000] {local_task_job_runner.py:245} INFO - ::endgroup::
