[2026-09-22T01:37:46.383+0000] {local_task_job_runner.py:123} INFO - ::group::Pre task execution logs
[2026-09-22T01:37:46.398+0000] {taskinstance.py:2613} INFO - Dependencies all met for dep_context=non-requeueable deps ti=<TaskInstance: spotify_etl_pro.albun.extraer_album scheduled__2026-09-21T00:00:00+00:00 [queued]>
[2026-09-22T01:37:46.405+0000] {taskinstance.py:2613} INFO - Dependencies all met for dep_context=requeueable deps ti=<TaskInstance: spotify_etl_pro.albun.extraer_album scheduled__2026-09-21T00:00:00+00:00 [queued]>
[2026-09-22T01:37:46.405+0000] {taskinstance.py:2866} INFO - Starting attempt 1 of 3
[2026-09-22T01:37:46.413+0000] {taskinstance.py:2889} INFO - Executing <Task(_PythonDecoratedOperator): albun.extraer_album> on 2026-09-21 00:00:00+00:00
[2026-09-22T01:37:46.418+0000] {standard_task_runner.py:72} INFO - Started process 1495 to run task
[2026-09-22T01:37:46.421+0000] {standard_task_runner.py:104} INFO - Running: ['airflow', 'tasks', 'run', 'spotify_etl_pro', 'albun.extraer_album', 'scheduled__2026-09-21T00:00:00+00:00', '--job-id', '763', '--raw', '--subdir', 'DAGS_FOLDER/spotify_etl_pro.py', '--cfg-path', '/tmp/tmprkvwi696']
[2026-09-22T01:37:46.423+0000] {standard_task_runner.py:105} INFO - Job 763: Subtask albun.extraer_album
[2026-09-22T01:37:46.460+0000] {task_command.py:467} INFO - Running <TaskInstance: spotify_etl_pro.albun.extraer_album scheduled__2026-09-21T00:00:00+00:00 [running]> on host 96d0bddc4644
[2026-09-22T01:37:46.527+0000] {taskinstance.py:3132} INFO - Exporting env vars: AIRFLOW_CTX_DAG_OWNER='axel' AIRFLOW_CTX_DAG_ID='spotify_etl_pro' AIRFLOW_CTX_TASK_ID='albun.extraer_album' AIRFLOW_CTX_EXECUTION_DATE='2026-09-21T00:00:00+00:00' AIRFLOW_CTX_TRY_NUMBER='1' AIRFLOW_CTX_DAG_RUN_ID='scheduled__2026-09-21T00:00:00+00:00'
[2026-09-22T01:37:46.528+0000] {taskinstance.py:731} INFO - ::endgroup::
[2026-09-22T01:37:47.011+0000] {base.py:1032} INFO - BEGIN (implicit)
[2026-09-22T01:37:47.014+0000] {base.py:1863} INFO - SELECT artista.id_artista 
FROM artista 
WHERE artista.nombre_artista = %(nombre_artista_1)s
[2026-09-22T01:37:47.014+0000] {base.py:1868} INFO - [generated in 0.00069s] {'nombre_artista_1': 'Bad Bunny'}
[2026-09-22T01:37:47.022+0000] {logging_mixin.py:190} INFO - El id_artista asociado con Bad Bunny es: 37
[2026-09-22T01:37:47.023+0000] {base.py:1060} INFO - ROLLBACK
[2026-09-22T01:37:48.040+0000] {spotify_etl_pro.py:198} INFO - OK. Albunes extraídos: [{'nombre_album': 'DeBÍ TiRAR MáS FOToS', 'id_spotify': '5K79FLRUCSysQnVESLcTdb', 'fecha_lanzamiento': datetime.date(2025, 1, 5), 'num_canciones': 17, 'id_artista': 37}, {'nombre_album': 'nadie sabe lo que va a pasar mañana', 'id_spotify': '4FftCsAcXXD1nFO9RFUNFO', 'fecha_lanzamiento': datetime.date(2023, 10, 13), 'num_canciones': 22, 'id_artista': 37}, {'nombre_album': 'Un Verano Sin Ti', 'id_spotify': '3RQQmkQEvNCY4prGKE6oc5', 'fecha_lanzamiento': datetime.date(2022, 5, 6), 'num_canciones': 23, 'id_artista': 37}, {'nombre_album': 'EL ÚLTIMO TOUR DEL MUNDO', 'id_spotify': '2d9BCZeAAhiZWPpbX9aPCW', 'fecha_lanzamiento': datetime.date(2020, 11, 27), 'num_canciones': 16, 'id_artista': 37}, {'nombre_album': 'LAS QUE NO IBAN A SALIR', 'id_spotify': '4gvQO5mEuhbMSrLIuwXkmz', 'fecha_lanzamiento': datetime.date(2020, 5, 10), 'num_canciones': 10, 'id_artista': 37}, {'nombre_album': 'YHLQMDLG', 'id_spotify': '5lJqux7orBlA1QzyiBGti1', 'fecha_lanzamiento': datetime.date(2020, 2, 29), 'num_canciones': 20, 'id_artista': 37}, {'nombre_album': 'OASIS', 'id_spotify': '6ylFfzx32ICw4L1A7YWNLN', 'fecha_lanzamiento': datetime.date(2019, 6, 28), 'num_canciones': 8, 'id_artista': 37}, {'nombre_album': 'X 100PRE', 'id_spotify': '7CjJb2mikwAWA1V6kewFBF', 'fecha_lanzamiento': datetime.date(2018, 12, 23), 'num_canciones': 15, 'id_artista': 37}]
[2026-09-22T01:37:48.042+0000] {python.py:240} INFO - Done. Returned value was: [{'nombre_album': 'DeBÍ TiRAR MáS FOToS', 'id_spotify': '5K79FLRUCSysQnVESLcTdb', 'fecha_lanzamiento': datetime.date(2025, 1, 5), 'num_canciones': 17, 'id_artista': 37}, {'nombre_album': 'nadie sabe lo que va a pasar mañana', 'id_spotify': '4FftCsAcXXD1nFO9RFUNFO', 'fecha_lanzamiento': datetime.date(2023, 10, 13), 'num_canciones': 22, 'id_artista': 37}, {'nombre_album': 'Un Verano Sin Ti', 'id_spotify': '3RQQmkQEvNCY4prGKE6oc5', 'fecha_lanzamiento': datetime.date(2022, 5, 6), 'num_canciones': 23, 'id_artista': 37}, {'nombre_album': 'EL ÚLTIMO TOUR DEL MUNDO', 'id_spotify': '2d9BCZeAAhiZWPpbX9aPCW', 'fecha_lanzamiento': datetime.date(2020, 11, 27), 'num_canciones': 16, 'id_artista': 37}, {'nombre_album': 'LAS QUE NO IBAN A SALIR', 'id_spotify': '4gvQO5mEuhbMSrLIuwXkmz', 'fecha_lanzamiento': datetime.date(2020, 5, 10), 'num_canciones': 10, 'id_artista': 37}, {'nombre_album': 'YHLQMDLG', 'id_spotify': '5lJqux7orBlA1QzyiBGti1', 'fecha_lanzamiento': datetime.date(2020, 2, 29), 'num_canciones': 20, 'id_artista': 37}, {'nombre_album': 'OASIS', 'id_spotify': '6ylFfzx32ICw4L1A7YWNLN', 'fecha_lanzamiento': datetime.date(2019, 6, 28), 'num_canciones': 8, 'id_artista': 37}, {'nombre_album': 'X 100PRE', 'id_spotify': '7CjJb2mikwAWA1V6kewFBF', 'fecha_lanzamiento': datetime.date(2018, 12, 23), 'num_canciones': 15, 'id_artista': 37}]
[2026-09-22T01:37:48.081+0000] {taskinstance.py:340} INFO - ::group::Post task execution logs
[2026-09-22T01:37:48.082+0000] {taskinstance.py:352} INFO - Marking task as SUCCESS. dag_id=spotify_etl_pro, task_id=albun.extraer_album, run_id=scheduled__2026-09-21T00:00:00+00:00, execution_date=20260921T000000, start_date=20260922T013746, end_date=20260922T013748
[2026-09-22T01:37:48.129+0000] {local_task_job_runner.py:266} INFO - Task exited with return code 0
[2026-09-22T01:37:48.170+0000] {taskinstance.py:3895} INFO - 2 downstream tasks scheduled from follow-on schedule check
[2026-09-22T01:37:48.171+0000] {local_task_job_runner.py:245} INFO - ::endgroup::
