[2026-09-22T23:58:00.994+0000] {local_task_job_runner.py:123} INFO - ::group::Pre task execution logs
[2026-09-22T23:58:01.004+0000] {taskinstance.py:2613} INFO - Dependencies all met for dep_context=non-requeueable deps ti=<TaskInstance: spotify_etl_pro.condicion_mas_informacion manual__2026-09-22T23:57:14+00:00 [queued]>
[2026-09-22T23:58:01.007+0000] {taskinstance.py:2613} INFO - Dependencies all met for dep_context=requeueable deps ti=<TaskInstance: spotify_etl_pro.condicion_mas_informacion manual__2026-09-22T23:57:14+00:00 [queued]>
[2026-09-22T23:58:01.008+0000] {taskinstance.py:2866} INFO - Starting attempt 1 of 3
[2026-09-22T23:58:01.013+0000] {taskinstance.py:2889} INFO - Executing <Task(ShortCircuitOperator): condicion_mas_informacion> on 2026-09-22 23:57:14+00:00
[2026-09-22T23:58:01.016+0000] {standard_task_runner.py:72} INFO - Started process 722 to run task
[2026-09-22T23:58:01.019+0000] {standard_task_runner.py:104} INFO - Running: ['airflow', 'tasks', 'run', 'spotify_etl_pro', 'condicion_mas_informacion', 'manual__2026-09-22T23:57:14+00:00', '--job-id', '917', '--raw', '--subdir', 'DAGS_FOLDER/spotify_etl_pro.py', '--cfg-path', '/tmp/tmp6jq7qv4z']
[2026-09-22T23:58:01.021+0000] {standard_task_runner.py:105} INFO - Job 917: Subtask condicion_mas_informacion
[2026-09-22T23:58:01.057+0000] {task_command.py:467} INFO - Running <TaskInstance: spotify_etl_pro.condicion_mas_informacion manual__2026-09-22T23:57:14+00:00 [running]> on host 96d0bddc4644
[2026-09-22T23:58:01.106+0000] {taskinstance.py:3132} INFO - Exporting env vars: AIRFLOW_CTX_DAG_OWNER='axel' AIRFLOW_CTX_DAG_ID='spotify_etl_pro' AIRFLOW_CTX_TASK_ID='condicion_mas_informacion' AIRFLOW_CTX_EXECUTION_DATE='2026-09-22T23:57:14+00:00' AIRFLOW_CTX_TRY_NUMBER='1' AIRFLOW_CTX_DAG_RUN_ID='manual__2026-09-22T23:57:14+00:00'
[2026-09-22T23:58:01.107+0000] {taskinstance.py:731} INFO - ::endgroup::
[2026-09-22T23:58:01.108+0000] {baseoperator.py:416} WARNING - ShortCircuitOperator.execute cannot be called outside TaskInstance!
[2026-09-22T23:58:01.109+0000] {python.py:240} INFO - Done. Returned value was: False
[2026-09-22T23:58:01.109+0000] {python.py:309} INFO - Condition result is False
[2026-09-22T23:58:01.109+0000] {python.py:336} INFO - Skipping downstream tasks
[2026-09-22T23:58:01.124+0000] {python.py:344} INFO - Done.
[2026-09-22T23:58:01.136+0000] {taskinstance.py:340} INFO - ::group::Post task execution logs
[2026-09-22T23:58:01.137+0000] {taskinstance.py:352} INFO - Marking task as SUCCESS. dag_id=spotify_etl_pro, task_id=condicion_mas_informacion, run_id=manual__2026-09-22T23:57:14+00:00, execution_date=20260922T235714, start_date=20260922T235801, end_date=20260922T235801
[2026-09-22T23:58:01.156+0000] {local_task_job_runner.py:266} INFO - Task exited with return code 0
[2026-09-22T23:58:01.167+0000] {taskinstance.py:3895} INFO - 0 downstream tasks scheduled from follow-on schedule check
[2026-09-22T23:58:01.168+0000] {local_task_job_runner.py:245} INFO - ::endgroup::
