[2026-09-21T22:38:51.505+0000] {local_task_job_runner.py:123} INFO - ::group::Pre task execution logs
[2026-09-21T22:38:51.526+0000] {taskinstance.py:2613} INFO - Dependencies all met for dep_context=non-requeueable deps ti=<TaskInstance: spotify_etl_pro.albun.create_tabla_album manual__2026-09-21T22:38:47+00:00 [queued]>
[2026-09-21T22:38:51.538+0000] {taskinstance.py:2613} INFO - Dependencies all met for dep_context=requeueable deps ti=<TaskInstance: spotify_etl_pro.albun.create_tabla_album manual__2026-09-21T22:38:47+00:00 [queued]>
[2026-09-21T22:38:51.541+0000] {taskinstance.py:2866} INFO - Starting attempt 1 of 3
[2026-09-21T22:38:51.551+0000] {taskinstance.py:2889} INFO - Executing <Task(_PythonDecoratedOperator): albun.create_tabla_album> on 2026-09-21 22:38:47+00:00
[2026-09-21T22:38:51.555+0000] {standard_task_runner.py:72} INFO - Started process 374 to run task
[2026-09-21T22:38:51.560+0000] {standard_task_runner.py:104} INFO - Running: ['airflow', 'tasks', 'run', 'spotify_etl_pro', 'albun.create_tabla_album', 'manual__2026-09-21T22:38:47+00:00', '--job-id', '695', '--raw', '--subdir', 'DAGS_FOLDER/spotify_etl_pro.py', '--cfg-path', '/tmp/tmp9e_47rzz']
[2026-09-21T22:38:51.564+0000] {standard_task_runner.py:105} INFO - Job 695: Subtask albun.create_tabla_album
[2026-09-21T22:38:51.620+0000] {task_command.py:467} INFO - Running <TaskInstance: spotify_etl_pro.albun.create_tabla_album manual__2026-09-21T22:38:47+00:00 [running]> on host 96d0bddc4644
[2026-09-21T22:38:51.713+0000] {taskinstance.py:3132} INFO - Exporting env vars: AIRFLOW_CTX_DAG_OWNER='axel' AIRFLOW_CTX_DAG_ID='spotify_etl_pro' AIRFLOW_CTX_TASK_ID='albun.create_tabla_album' AIRFLOW_CTX_EXECUTION_DATE='2026-09-21T22:38:47+00:00' AIRFLOW_CTX_TRY_NUMBER='1' AIRFLOW_CTX_DAG_RUN_ID='manual__2026-09-21T22:38:47+00:00'
[2026-09-21T22:38:51.714+0000] {taskinstance.py:731} INFO - ::endgroup::
[2026-09-21T22:38:51.736+0000] {logging_mixin.py:190} INFO - 2026-09-21 22:38:51,736 INFO sqlalchemy.engine.Engine select pg_catalog.version()
[2026-09-21T22:38:51.736+0000] {base.py:1863} INFO - select pg_catalog.version()
[2026-09-21T22:38:51.736+0000] {logging_mixin.py:190} INFO - 2026-09-21 22:38:51,736 INFO sqlalchemy.engine.Engine [raw sql] {}
[2026-09-21T22:38:51.736+0000] {base.py:1868} INFO - [raw sql] {}
[2026-09-21T22:38:51.737+0000] {logging_mixin.py:190} INFO - 2026-09-21 22:38:51,737 INFO sqlalchemy.engine.Engine select current_schema()
[2026-09-21T22:38:51.737+0000] {base.py:1863} INFO - select current_schema()
[2026-09-21T22:38:51.738+0000] {logging_mixin.py:190} INFO - 2026-09-21 22:38:51,738 INFO sqlalchemy.engine.Engine [raw sql] {}
[2026-09-21T22:38:51.738+0000] {base.py:1868} INFO - [raw sql] {}
[2026-09-21T22:38:51.739+0000] {logging_mixin.py:190} INFO - 2026-09-21 22:38:51,739 INFO sqlalchemy.engine.Engine show standard_conforming_strings
[2026-09-21T22:38:51.739+0000] {base.py:1863} INFO - show standard_conforming_strings
[2026-09-21T22:38:51.740+0000] {logging_mixin.py:190} INFO - 2026-09-21 22:38:51,740 INFO sqlalchemy.engine.Engine [raw sql] {}
[2026-09-21T22:38:51.740+0000] {base.py:1868} INFO - [raw sql] {}
[2026-09-21T22:38:51.741+0000] {logging_mixin.py:190} INFO - 2026-09-21 22:38:51,741 INFO sqlalchemy.engine.Engine BEGIN (implicit)
[2026-09-21T22:38:51.741+0000] {base.py:1032} INFO - BEGIN (implicit)
[2026-09-21T22:38:51.742+0000] {logging_mixin.py:190} INFO - 2026-09-21 22:38:51,742 INFO sqlalchemy.engine.Engine select relname from pg_class c join pg_namespace n on n.oid=c.relnamespace where pg_catalog.pg_table_is_visible(c.oid) and relname=%(name)s
[2026-09-21T22:38:51.742+0000] {base.py:1863} INFO - select relname from pg_class c join pg_namespace n on n.oid=c.relnamespace where pg_catalog.pg_table_is_visible(c.oid) and relname=%(name)s
[2026-09-21T22:38:51.743+0000] {logging_mixin.py:190} INFO - 2026-09-21 22:38:51,743 INFO sqlalchemy.engine.Engine [generated in 0.00066s] {'name': 'album'}
[2026-09-21T22:38:51.743+0000] {base.py:1868} INFO - [generated in 0.00066s] {'name': 'album'}
[2026-09-21T22:38:51.744+0000] {logging_mixin.py:190} INFO - 2026-09-21 22:38:51,744 INFO sqlalchemy.engine.Engine COMMIT
[2026-09-21T22:38:51.744+0000] {base.py:1092} INFO - COMMIT
[2026-09-21T22:38:51.744+0000] {logging_mixin.py:190} INFO - Tabla 'album' verificada/creada correctamente.
[2026-09-21T22:38:51.744+0000] {spotify_etl_pro.py:253} INFO - OK. Se creo la Tabla.
[2026-09-21T22:38:51.745+0000] {python.py:240} INFO - Done. Returned value was: None
[2026-09-21T22:38:51.754+0000] {taskinstance.py:340} INFO - ::group::Post task execution logs
[2026-09-21T22:38:51.755+0000] {taskinstance.py:352} INFO - Marking task as SUCCESS. dag_id=spotify_etl_pro, task_id=albun.create_tabla_album, run_id=manual__2026-09-21T22:38:47+00:00, execution_date=20260921T223847, start_date=20260921T223851, end_date=20260921T223851
[2026-09-21T22:38:51.777+0000] {local_task_job_runner.py:266} INFO - Task exited with return code 0
[2026-09-21T22:38:51.789+0000] {local_task_job_runner.py:245} INFO - ::endgroup::
