[2026-09-23T04:14:05.144+0000] {local_task_job_runner.py:123} INFO - ::group::Pre task execution logs
[2026-09-23T04:14:05.160+0000] {taskinstance.py:2613} INFO - Dependencies all met for dep_context=non-requeueable deps ti=<TaskInstance: spotify_etl_pro.mas_informacion.subir_mas_inf_artista manual__2026-09-23T04:12:15+00:00 [queued]>
[2026-09-23T04:14:05.169+0000] {taskinstance.py:2613} INFO - Dependencies all met for dep_context=requeueable deps ti=<TaskInstance: spotify_etl_pro.mas_informacion.subir_mas_inf_artista manual__2026-09-23T04:12:15+00:00 [queued]>
[2026-09-23T04:14:05.169+0000] {taskinstance.py:2866} INFO - Starting attempt 1 of 3
[2026-09-23T04:14:05.175+0000] {taskinstance.py:2889} INFO - Executing <Task(_PythonDecoratedOperator): mas_informacion.subir_mas_inf_artista> on 2026-09-23 04:12:15+00:00
[2026-09-23T04:14:05.179+0000] {standard_task_runner.py:72} INFO - Started process 3150 to run task
[2026-09-23T04:14:05.182+0000] {standard_task_runner.py:104} INFO - Running: ['airflow', 'tasks', 'run', 'spotify_etl_pro', 'mas_informacion.subir_mas_inf_artista', 'manual__2026-09-23T04:12:15+00:00', '--job-id', '1033', '--raw', '--subdir', 'DAGS_FOLDER/spotify_etl_pro.py', '--cfg-path', '/tmp/tmpkz66pb28']
[2026-09-23T04:14:05.185+0000] {standard_task_runner.py:105} INFO - Job 1033: Subtask mas_informacion.subir_mas_inf_artista
[2026-09-23T04:14:05.259+0000] {task_command.py:467} INFO - Running <TaskInstance: spotify_etl_pro.mas_informacion.subir_mas_inf_artista manual__2026-09-23T04:12:15+00:00 [running]> on host 96d0bddc4644
[2026-09-23T04:14:05.425+0000] {taskinstance.py:3132} INFO - Exporting env vars: AIRFLOW_CTX_DAG_OWNER='axel' AIRFLOW_CTX_DAG_ID='spotify_etl_pro' AIRFLOW_CTX_TASK_ID='mas_informacion.subir_mas_inf_artista' AIRFLOW_CTX_EXECUTION_DATE='2026-09-23T04:12:15+00:00' AIRFLOW_CTX_TRY_NUMBER='1' AIRFLOW_CTX_DAG_RUN_ID='manual__2026-09-23T04:12:15+00:00'
[2026-09-23T04:14:05.426+0000] {taskinstance.py:731} INFO - ::endgroup::
[2026-09-23T04:14:05.431+0000] {base.py:1032} INFO - BEGIN (implicit)
[2026-09-23T04:14:05.432+0000] {base.py:1863} INFO - INSERT INTO mas_inf (id_artista, artista, seguidores, escuchas_mensuales, ciudad_oyente_uno, num_oyentes_uno, ciudad_oyente_dos, num_oyentes_dos, ciudad_oyente_tres, num_oyentes_tres, ciudad_oyente_cuatro, num_oyentes_cuatro, ciudad_oyente_cinco, num_oyentes_cinco) VALUES (%(id_artista)s, %(artista)s, %(seguidores)s, %(escuchas_mensuales)s, %(ciudad_oyente_uno)s, %(num_oyentes_uno)s, %(ciudad_oyente_dos)s, %(num_oyentes_dos)s, %(ciudad_oyente_tres)s, %(num_oyentes_tres)s, %(ciudad_oyente_cuatro)s, %(num_oyentes_cuatro)s, %(ciudad_oyente_cinco)s, %(num_oyentes_cinco)s)
[2026-09-23T04:14:05.432+0000] {base.py:1868} INFO - [generated in 0.00030s] {'id_artista': 7, 'artista': 'Tame Impala', 'seguidores': 11982908, 'escuchas_mensuales': 62745326, 'ciudad_oyente_uno': 'London, GB', 'num_oyentes_uno': 1028057, 'ciudad_oyente_dos': 'Mexico City, MX', 'num_oyentes_dos': 790989, 'ciudad_oyente_tres': 'Istanbul, TR', 'num_oyentes_tres': 770005, 'ciudad_oyente_cuatro': 'Los Angeles, US', 'num_oyentes_cuatro': 730185, 'ciudad_oyente_cinco': 'Sydney, AU', 'num_oyentes_cinco': 704000}
[2026-09-23T04:14:05.434+0000] {base.py:1092} INFO - COMMIT
[2026-09-23T04:14:05.436+0000] {logging_mixin.py:190} INFO - Registro insertado correctamente
[2026-09-23T04:14:05.437+0000] {spotify_etl_pro.py:331} INFO - OK. Se ingreso la informacion en la tabla
[2026-09-23T04:14:05.438+0000] {python.py:240} INFO - Done. Returned value was: None
[2026-09-23T04:14:05.456+0000] {taskinstance.py:340} INFO - ::group::Post task execution logs
[2026-09-23T04:14:05.456+0000] {taskinstance.py:352} INFO - Marking task as SUCCESS. dag_id=spotify_etl_pro, task_id=mas_informacion.subir_mas_inf_artista, run_id=manual__2026-09-23T04:12:15+00:00, execution_date=20260923T041215, start_date=20260923T041405, end_date=20260923T041405
[2026-09-23T04:14:05.482+0000] {local_task_job_runner.py:266} INFO - Task exited with return code 0
[2026-09-23T04:14:05.507+0000] {taskinstance.py:3895} INFO - 1 downstream tasks scheduled from follow-on schedule check
[2026-09-23T04:14:05.508+0000] {local_task_job_runner.py:245} INFO - ::endgroup::
