[2026-09-22T04:43:51.845+0000] {local_task_job_runner.py:123} INFO - ::group::Pre task execution logs
[2026-09-22T04:43:51.856+0000] {taskinstance.py:2613} INFO - Dependencies all met for dep_context=non-requeueable deps ti=<TaskInstance: spotify_etl_pro.albun.subir_inf_albums manual__2026-09-22T04:42:46+00:00 [queued]>
[2026-09-22T04:43:51.861+0000] {taskinstance.py:2613} INFO - Dependencies all met for dep_context=requeueable deps ti=<TaskInstance: spotify_etl_pro.albun.subir_inf_albums manual__2026-09-22T04:42:46+00:00 [queued]>
[2026-09-22T04:43:51.861+0000] {taskinstance.py:2866} INFO - Starting attempt 1 of 3
[2026-09-22T04:43:51.867+0000] {taskinstance.py:2889} INFO - Executing <Task(_PythonDecoratedOperator): albun.subir_inf_albums> on 2026-09-22 04:42:46+00:00
[2026-09-22T04:43:51.871+0000] {standard_task_runner.py:72} INFO - Started process 3262 to run task
[2026-09-22T04:43:51.874+0000] {standard_task_runner.py:104} INFO - Running: ['airflow', 'tasks', 'run', 'spotify_etl_pro', 'albun.subir_inf_albums', 'manual__2026-09-22T04:42:46+00:00', '--job-id', '871', '--raw', '--subdir', 'DAGS_FOLDER/spotify_etl_pro.py', '--cfg-path', '/tmp/tmpakubss4z']
[2026-09-22T04:43:51.877+0000] {standard_task_runner.py:105} INFO - Job 871: Subtask albun.subir_inf_albums
[2026-09-22T04:43:51.928+0000] {task_command.py:467} INFO - Running <TaskInstance: spotify_etl_pro.albun.subir_inf_albums manual__2026-09-22T04:42:46+00:00 [running]> on host 96d0bddc4644
[2026-09-22T04:43:51.999+0000] {taskinstance.py:3132} INFO - Exporting env vars: AIRFLOW_CTX_DAG_OWNER='axel' AIRFLOW_CTX_DAG_ID='spotify_etl_pro' AIRFLOW_CTX_TASK_ID='albun.subir_inf_albums' AIRFLOW_CTX_EXECUTION_DATE='2026-09-22T04:42:46+00:00' AIRFLOW_CTX_TRY_NUMBER='1' AIRFLOW_CTX_DAG_RUN_ID='manual__2026-09-22T04:42:46+00:00'
[2026-09-22T04:43:52.001+0000] {taskinstance.py:731} INFO - ::endgroup::
[2026-09-22T04:43:52.004+0000] {base.py:1032} INFO - BEGIN (implicit)
[2026-09-22T04:43:52.005+0000] {base.py:1863} INFO - INSERT INTO album (nombre_album, id_spotify, fecha_lanzamiento, num_canciones, id_artista) VALUES (%(nombre_album)s, %(id_spotify)s, %(fecha_lanzamiento)s, %(num_canciones)s, %(id_artista)s)
[2026-09-22T04:43:52.006+0000] {base.py:1868} INFO - [generated in 0.00045s] ({'nombre_album': "10 Til' Midnight", 'id_spotify': '2A1wHE90Z5Aj3TSQVhyU4Y', 'fecha_lanzamiento': datetime.date(2026, 4, 10), 'num_canciones': 14, 'id_artista': None}, {'nombre_album': 'Iz It a Crime?', 'id_spotify': '2EDW8OhiHdB2UtE6PCAxZD', 'fecha_lanzamiento': datetime.date(2025, 5, 15), 'num_canciones': 21, 'id_artista': None}, {'nombre_album': 'Missionary (with Instrumentals)', 'id_spotify': '4Xbcm6g5Z8Sl7VZvGlzG5R', 'fecha_lanzamiento': datetime.date(2024, 12, 16), 'num_canciones': 32, 'id_artista': None}, {'nombre_album': 'Missionary', 'id_spotify': '65naY9lNYSZh6h1mOeqsGN', 'fecha_lanzamiento': datetime.date(2024, 12, 13), 'num_canciones': 16, 'id_artista': None}, {'nombre_album': 'Bosco (Original Motion Picture Soundtrack) - Side A', 'id_spotify': '4L6Eadsg3dylhJS1BzM9Sa', 'fecha_lanzamiento': datetime.date(2024, 9, 27), 'num_canciones': 10, 'id_artista': None}, {'nombre_album': 'Doggystyle (30th Anniversary Edition)', 'id_spotify': '2QioUoh1jheynkUHP4XsCN', 'fecha_lanzamiento': datetime.date(2023, 11, 24), 'num_canciones': 14, 'id_artista': None}, {'nombre_album': 'SNOOP CUBE 40 $HORT', 'id_spotify': '0W8eSVMCkF6C4CpvtDtOyZ', 'fecha_lanzamiento': datetime.date(2022, 12, 9), 'num_canciones': 16, 'id_artista': None}, {'nombre_album': 'Gangsta Grillz: I Still Got It', 'id_spotify': '6YwpXnqqxbnOqCJLqrxyfb', 'fecha_lanzamiento': datetime.date(2022, 10, 20), 'num_canciones': 13, 'id_artista': None}  ... displaying 10 of 40 total bound parameter sets ...  {'nombre_album': 'Tha Doggfather', 'id_spotify': '0vOm2bkcuDCXS6AQqWXyAQ', 'fecha_lanzamiento': datetime.date(1996, 11, 12), 'num_canciones': 21, 'id_artista': None}, {'nombre_album': 'Doggystyle', 'id_spotify': '5IFOummNcGXY3qCBWRchqP', 'fecha_lanzamiento': datetime.date(1993, 11, 23), 'num_canciones': 13, 'id_artista': None})
[2026-09-22T04:43:52.009+0000] {base.py:1060} INFO - ROLLBACK
[2026-09-22T04:43:52.010+0000] {logging_mixin.py:190} INFO - ERROR: (psycopg2.errors.NotNullViolation) null value in column "id_artista" of relation "album" violates not-null constraint
DETAIL:  Failing row contains (324, 10 Til' Midnight, 2A1wHE90Z5Aj3TSQVhyU4Y, 2026-04-10, 14, null).

[SQL: INSERT INTO album (nombre_album, id_spotify, fecha_lanzamiento, num_canciones, id_artista) VALUES (%(nombre_album)s, %(id_spotify)s, %(fecha_lanzamiento)s, %(num_canciones)s, %(id_artista)s)]
[parameters: ({'nombre_album': "10 Til' Midnight", 'id_spotify': '2A1wHE90Z5Aj3TSQVhyU4Y', 'fecha_lanzamiento': datetime.date(2026, 4, 10), 'num_canciones': 14, 'id_artista': None}, {'nombre_album': 'Iz It a Crime?', 'id_spotify': '2EDW8OhiHdB2UtE6PCAxZD', 'fecha_lanzamiento': datetime.date(2025, 5, 15), 'num_canciones': 21, 'id_artista': None}, {'nombre_album': 'Missionary (with Instrumentals)', 'id_spotify': '4Xbcm6g5Z8Sl7VZvGlzG5R', 'fecha_lanzamiento': datetime.date(2024, 12, 16), 'num_canciones': 32, 'id_artista': None}, {'nombre_album': 'Missionary', 'id_spotify': '65naY9lNYSZh6h1mOeqsGN', 'fecha_lanzamiento': datetime.date(2024, 12, 13), 'num_canciones': 16, 'id_artista': None}, {'nombre_album': 'Bosco (Original Motion Picture Soundtrack) - Side A', 'id_spotify': '4L6Eadsg3dylhJS1BzM9Sa', 'fecha_lanzamiento': datetime.date(2024, 9, 27), 'num_canciones': 10, 'id_artista': None}, {'nombre_album': 'Doggystyle (30th Anniversary Edition)', 'id_spotify': '2QioUoh1jheynkUHP4XsCN', 'fecha_lanzamiento': datetime.date(2023, 11, 24), 'num_canciones': 14, 'id_artista': None}, {'nombre_album': 'SNOOP CUBE 40 $HORT', 'id_spotify': '0W8eSVMCkF6C4CpvtDtOyZ', 'fecha_lanzamiento': datetime.date(2022, 12, 9), 'num_canciones': 16, 'id_artista': None}, {'nombre_album': 'Gangsta Grillz: I Still Got It', 'id_spotify': '6YwpXnqqxbnOqCJLqrxyfb', 'fecha_lanzamiento': datetime.date(2022, 10, 20), 'num_canciones': 13, 'id_artista': None}  ... displaying 10 of 40 total bound parameter sets ...  {'nombre_album': 'Tha Doggfather', 'id_spotify': '0vOm2bkcuDCXS6AQqWXyAQ', 'fecha_lanzamiento': datetime.date(1996, 11, 12), 'num_canciones': 21, 'id_artista': None}, {'nombre_album': 'Doggystyle', 'id_spotify': '5IFOummNcGXY3qCBWRchqP', 'fecha_lanzamiento': datetime.date(1993, 11, 23), 'num_canciones': 13, 'id_artista': None})]
(Background on this error at: https://sqlalche.me/e/14/gkpj)
[2026-09-22T04:43:52.011+0000] {spotify_etl_pro.py:296} INFO - OK. Se ingreso la informacion en la tabla
[2026-09-22T04:43:52.011+0000] {python.py:240} INFO - Done. Returned value was: None
[2026-09-22T04:43:52.017+0000] {taskinstance.py:340} INFO - ::group::Post task execution logs
[2026-09-22T04:43:52.017+0000] {taskinstance.py:352} INFO - Marking task as SUCCESS. dag_id=spotify_etl_pro, task_id=albun.subir_inf_albums, run_id=manual__2026-09-22T04:42:46+00:00, execution_date=20260922T044246, start_date=20260922T044351, end_date=20260922T044352
[2026-09-22T04:43:52.049+0000] {local_task_job_runner.py:266} INFO - Task exited with return code 0
[2026-09-22T04:43:52.071+0000] {taskinstance.py:3895} INFO - 0 downstream tasks scheduled from follow-on schedule check
[2026-09-22T04:43:52.072+0000] {local_task_job_runner.py:245} INFO - ::endgroup::
