[2026-09-23T04:25:44.259+0000] {local_task_job_runner.py:123} INFO - ::group::Pre task execution logs
[2026-09-23T04:25:44.272+0000] {taskinstance.py:2613} INFO - Dependencies all met for dep_context=non-requeueable deps ti=<TaskInstance: spotify_etl_pro.albun.extraer_album manual__2026-09-23T04:21:33+00:00 [queued]>
[2026-09-23T04:25:44.277+0000] {taskinstance.py:2613} INFO - Dependencies all met for dep_context=requeueable deps ti=<TaskInstance: spotify_etl_pro.albun.extraer_album manual__2026-09-23T04:21:33+00:00 [queued]>
[2026-09-23T04:25:44.278+0000] {taskinstance.py:2866} INFO - Starting attempt 1 of 3
[2026-09-23T04:25:44.284+0000] {taskinstance.py:2889} INFO - Executing <Task(_PythonDecoratedOperator): albun.extraer_album> on 2026-09-23 04:21:33+00:00
[2026-09-23T04:25:44.288+0000] {standard_task_runner.py:72} INFO - Started process 3300 to run task
[2026-09-23T04:25:44.295+0000] {standard_task_runner.py:104} INFO - Running: ['airflow', 'tasks', 'run', 'spotify_etl_pro', 'albun.extraer_album', 'manual__2026-09-23T04:21:33+00:00', '--job-id', '1044', '--raw', '--subdir', 'DAGS_FOLDER/spotify_etl_pro.py', '--cfg-path', '/tmp/tmpijipnh4f']
[2026-09-23T04:25:44.300+0000] {standard_task_runner.py:105} INFO - Job 1044: Subtask albun.extraer_album
[2026-09-23T04:25:44.365+0000] {task_command.py:467} INFO - Running <TaskInstance: spotify_etl_pro.albun.extraer_album manual__2026-09-23T04:21:33+00:00 [running]> on host 96d0bddc4644
[2026-09-23T04:25:44.442+0000] {taskinstance.py:3132} INFO - Exporting env vars: AIRFLOW_CTX_DAG_OWNER='axel' AIRFLOW_CTX_DAG_ID='spotify_etl_pro' AIRFLOW_CTX_TASK_ID='albun.extraer_album' AIRFLOW_CTX_EXECUTION_DATE='2026-09-23T04:21:33+00:00' AIRFLOW_CTX_TRY_NUMBER='1' AIRFLOW_CTX_DAG_RUN_ID='manual__2026-09-23T04:21:33+00:00'
[2026-09-23T04:25:44.443+0000] {taskinstance.py:731} INFO - ::endgroup::
[2026-09-23T04:25:44.682+0000] {base.py:1032} INFO - BEGIN (implicit)
[2026-09-23T04:25:44.684+0000] {base.py:1863} INFO - SELECT artista.id_artista 
FROM artista 
WHERE artista.nombre_artista = %(nombre_artista_1)s
[2026-09-23T04:25:44.684+0000] {base.py:1868} INFO - [generated in 0.00047s] {'nombre_artista_1': 'Austra'}
[2026-09-23T04:25:44.687+0000] {logging_mixin.py:190} INFO - El id_artista asociado con Austra es: 84
[2026-09-23T04:25:44.687+0000] {base.py:1060} INFO - ROLLBACK
[2026-09-23T04:25:45.703+0000] {spotify_etl_pro.py:205} INFO - OK. Albunes extraídos: [{'nombre_album': 'Chin Up Buttercup', 'id_spotify': '6HgcWTOYtsZaLlNOoyjqGL', 'fecha_lanzamiento': datetime.date(2025, 11, 14), 'num_canciones': 10, 'id_artista': 84}, {'nombre_album': 'Swan Song (Original Score)', 'id_spotify': '1MqdekNvsg1MCVV6QSKUhw', 'fecha_lanzamiento': datetime.date(2023, 12, 8), 'num_canciones': 14, 'id_artista': 84}, {'nombre_album': 'HiRUDiN REMiXED', 'id_spotify': '6w55pQ0HS5b0mqHXh31c35', 'fecha_lanzamiento': datetime.date(2020, 11, 16), 'num_canciones': 7, 'id_artista': 84}, {'nombre_album': 'HiRUDiN', 'id_spotify': '70dAWY6KDpSriewnxFngXt', 'fecha_lanzamiento': datetime.date(2020, 5, 1), 'num_canciones': 11, 'id_artista': 84}, {'nombre_album': 'Future Politics', 'id_spotify': '5Qwuw7s1jPcObpL21OJ6IC', 'fecha_lanzamiento': datetime.date(2017, 1, 1), 'num_canciones': 11, 'id_artista': 84}, {'nombre_album': 'Olympia', 'id_spotify': '1RCeRYu4AxfeRnPt4n0lYS', 'fecha_lanzamiento': datetime.date(2013, 6, 16), 'num_canciones': 13, 'id_artista': 84}, {'nombre_album': 'Feel It Break (Deluxe Version)', 'id_spotify': '1jjBoDYIshey9omXoqWai2', 'fecha_lanzamiento': datetime.date(2011, 11, 28), 'num_canciones': 20, 'id_artista': 84}, {'nombre_album': 'Sparkle', 'id_spotify': '2JkQzSSMnnlwPLsNlSdlNk', 'fecha_lanzamiento': datetime.date(2011, 7, 25), 'num_canciones': 10, 'id_artista': 84}]
[2026-09-23T04:25:45.705+0000] {python.py:240} INFO - Done. Returned value was: [{'nombre_album': 'Chin Up Buttercup', 'id_spotify': '6HgcWTOYtsZaLlNOoyjqGL', 'fecha_lanzamiento': datetime.date(2025, 11, 14), 'num_canciones': 10, 'id_artista': 84}, {'nombre_album': 'Swan Song (Original Score)', 'id_spotify': '1MqdekNvsg1MCVV6QSKUhw', 'fecha_lanzamiento': datetime.date(2023, 12, 8), 'num_canciones': 14, 'id_artista': 84}, {'nombre_album': 'HiRUDiN REMiXED', 'id_spotify': '6w55pQ0HS5b0mqHXh31c35', 'fecha_lanzamiento': datetime.date(2020, 11, 16), 'num_canciones': 7, 'id_artista': 84}, {'nombre_album': 'HiRUDiN', 'id_spotify': '70dAWY6KDpSriewnxFngXt', 'fecha_lanzamiento': datetime.date(2020, 5, 1), 'num_canciones': 11, 'id_artista': 84}, {'nombre_album': 'Future Politics', 'id_spotify': '5Qwuw7s1jPcObpL21OJ6IC', 'fecha_lanzamiento': datetime.date(2017, 1, 1), 'num_canciones': 11, 'id_artista': 84}, {'nombre_album': 'Olympia', 'id_spotify': '1RCeRYu4AxfeRnPt4n0lYS', 'fecha_lanzamiento': datetime.date(2013, 6, 16), 'num_canciones': 13, 'id_artista': 84}, {'nombre_album': 'Feel It Break (Deluxe Version)', 'id_spotify': '1jjBoDYIshey9omXoqWai2', 'fecha_lanzamiento': datetime.date(2011, 11, 28), 'num_canciones': 20, 'id_artista': 84}, {'nombre_album': 'Sparkle', 'id_spotify': '2JkQzSSMnnlwPLsNlSdlNk', 'fecha_lanzamiento': datetime.date(2011, 7, 25), 'num_canciones': 10, 'id_artista': 84}]
[2026-09-23T04:25:45.766+0000] {taskinstance.py:340} INFO - ::group::Post task execution logs
[2026-09-23T04:25:45.767+0000] {taskinstance.py:352} INFO - Marking task as SUCCESS. dag_id=spotify_etl_pro, task_id=albun.extraer_album, run_id=manual__2026-09-23T04:21:33+00:00, execution_date=20260923T042133, start_date=20260923T042544, end_date=20260923T042545
[2026-09-23T04:25:45.812+0000] {local_task_job_runner.py:266} INFO - Task exited with return code 0
[2026-09-23T04:25:45.876+0000] {taskinstance.py:3895} INFO - 2 downstream tasks scheduled from follow-on schedule check
[2026-09-23T04:25:45.879+0000] {local_task_job_runner.py:245} INFO - ::endgroup::
