[2026-09-19T22:51:53.663+0000] {local_task_job_runner.py:123} INFO - ::group::Pre task execution logs
[2026-09-19T22:51:53.675+0000] {taskinstance.py:2613} INFO - Dependencies all met for dep_context=non-requeueable deps ti=<TaskInstance: spotify_etl_pro.tiempo_espera_30s manual__2026-09-19T22:51:40+00:00 [queued]>
[2026-09-19T22:51:53.682+0000] {taskinstance.py:2613} INFO - Dependencies all met for dep_context=requeueable deps ti=<TaskInstance: spotify_etl_pro.tiempo_espera_30s manual__2026-09-19T22:51:40+00:00 [queued]>
[2026-09-19T22:51:53.682+0000] {taskinstance.py:2866} INFO - Starting attempt 1 of 1
[2026-09-19T22:51:53.691+0000] {taskinstance.py:2889} INFO - Executing <Task(BashOperator): tiempo_espera_30s> on 2026-09-19 22:51:40+00:00
[2026-09-19T22:51:53.694+0000] {standard_task_runner.py:72} INFO - Started process 200 to run task
[2026-09-19T22:51:53.697+0000] {standard_task_runner.py:104} INFO - Running: ['airflow', 'tasks', 'run', 'spotify_etl_pro', 'tiempo_espera_30s', 'manual__2026-09-19T22:51:40+00:00', '--job-id', '650', '--raw', '--subdir', 'DAGS_FOLDER/spotify_etl_pro.py', '--cfg-path', '/tmp/tmpdw1zmjv9']
[2026-09-19T22:51:53.698+0000] {standard_task_runner.py:105} INFO - Job 650: Subtask tiempo_espera_30s
[2026-09-19T22:51:53.730+0000] {task_command.py:467} INFO - Running <TaskInstance: spotify_etl_pro.tiempo_espera_30s manual__2026-09-19T22:51:40+00:00 [running]> on host 96d0bddc4644
[2026-09-19T22:51:53.780+0000] {taskinstance.py:3132} INFO - Exporting env vars: AIRFLOW_CTX_DAG_OWNER='airflow' AIRFLOW_CTX_DAG_ID='spotify_etl_pro' AIRFLOW_CTX_TASK_ID='tiempo_espera_30s' AIRFLOW_CTX_EXECUTION_DATE='2026-09-19T22:51:40+00:00' AIRFLOW_CTX_TRY_NUMBER='1' AIRFLOW_CTX_DAG_RUN_ID='manual__2026-09-19T22:51:40+00:00'
[2026-09-19T22:51:53.781+0000] {taskinstance.py:731} INFO - ::endgroup::
[2026-09-19T22:51:53.782+0000] {subprocess.py:78} INFO - Tmp dir root location: /tmp
[2026-09-19T22:51:53.783+0000] {subprocess.py:88} INFO - Running command: ['/usr/bin/bash', '-c', 'sleep 30']
[2026-09-19T22:51:53.788+0000] {subprocess.py:99} INFO - Output:
[2026-09-19T22:52:23.799+0000] {subprocess.py:110} INFO - Command exited with return code 0
[2026-09-19T22:52:23.882+0000] {taskinstance.py:340} INFO - ::group::Post task execution logs
[2026-09-19T22:52:23.883+0000] {taskinstance.py:352} INFO - Marking task as SUCCESS. dag_id=spotify_etl_pro, task_id=tiempo_espera_30s, run_id=manual__2026-09-19T22:51:40+00:00, execution_date=20260919T225140, start_date=20260919T225153, end_date=20260919T225223
[2026-09-19T22:52:23.907+0000] {local_task_job_runner.py:266} INFO - Task exited with return code 0
[2026-09-19T22:52:23.942+0000] {taskinstance.py:3895} INFO - 1 downstream tasks scheduled from follow-on schedule check
[2026-09-19T22:52:23.943+0000] {local_task_job_runner.py:245} INFO - ::endgroup::
