[2026-09-23T02:54:29.965+0000] {local_task_job_runner.py:123} INFO - ::group::Pre task execution logs
[2026-09-23T02:54:30.036+0000] {taskinstance.py:2613} INFO - Dependencies all met for dep_context=non-requeueable deps ti=<TaskInstance: spotify_etl_pro.inicializador manual__2026-09-23T02:54:10+00:00 [queued]>
[2026-09-23T02:54:30.053+0000] {taskinstance.py:2613} INFO - Dependencies all met for dep_context=requeueable deps ti=<TaskInstance: spotify_etl_pro.inicializador manual__2026-09-23T02:54:10+00:00 [queued]>
[2026-09-23T02:54:30.055+0000] {taskinstance.py:2866} INFO - Starting attempt 1 of 3
[2026-09-23T02:54:30.112+0000] {taskinstance.py:2889} INFO - Executing <Task(BashOperator): inicializador> on 2026-09-23 02:54:10+00:00
[2026-09-23T02:54:30.144+0000] {standard_task_runner.py:72} INFO - Started process 1948 to run task
[2026-09-23T02:54:30.171+0000] {standard_task_runner.py:104} INFO - Running: ['airflow', 'tasks', 'run', 'spotify_etl_pro', 'inicializador', 'manual__2026-09-23T02:54:10+00:00', '--job-id', '958', '--raw', '--subdir', 'DAGS_FOLDER/spotify_etl_pro.py', '--cfg-path', '/tmp/tmpy081zjjg']
[2026-09-23T02:54:30.195+0000] {standard_task_runner.py:105} INFO - Job 958: Subtask inicializador
[2026-09-23T02:54:31.004+0000] {task_command.py:467} INFO - Running <TaskInstance: spotify_etl_pro.inicializador manual__2026-09-23T02:54:10+00:00 [running]> on host 96d0bddc4644
[2026-09-23T02:54:33.618+0000] {taskinstance.py:3132} INFO - Exporting env vars: AIRFLOW_CTX_DAG_OWNER='axel' AIRFLOW_CTX_DAG_ID='spotify_etl_pro' AIRFLOW_CTX_TASK_ID='inicializador' AIRFLOW_CTX_EXECUTION_DATE='2026-09-23T02:54:10+00:00' AIRFLOW_CTX_TRY_NUMBER='1' AIRFLOW_CTX_DAG_RUN_ID='manual__2026-09-23T02:54:10+00:00'
[2026-09-23T02:54:33.709+0000] {taskinstance.py:731} INFO - ::endgroup::
[2026-09-23T02:54:33.787+0000] {subprocess.py:78} INFO - Tmp dir root location: /tmp
[2026-09-23T02:54:33.857+0000] {subprocess.py:88} INFO - Running command: ['/usr/bin/bash', '-c', 'echo "Iniciando pipeline de Spotify..."']
[2026-09-23T02:54:34.085+0000] {subprocess.py:99} INFO - Output:
[2026-09-23T02:54:34.206+0000] {subprocess.py:106} INFO - Iniciando pipeline de Spotify...
[2026-09-23T02:54:34.210+0000] {subprocess.py:110} INFO - Command exited with return code 0
[2026-09-23T02:54:34.395+0000] {taskinstance.py:340} INFO - ::group::Post task execution logs
[2026-09-23T02:54:34.400+0000] {taskinstance.py:352} INFO - Marking task as SUCCESS. dag_id=spotify_etl_pro, task_id=inicializador, run_id=manual__2026-09-23T02:54:10+00:00, execution_date=20260923T025410, start_date=20260923T025430, end_date=20260923T025434
[2026-09-23T02:54:34.515+0000] {local_task_job_runner.py:266} INFO - Task exited with return code 0
[2026-09-23T02:54:34.850+0000] {taskinstance.py:3895} INFO - 1 downstream tasks scheduled from follow-on schedule check
[2026-09-23T02:54:34.855+0000] {local_task_job_runner.py:245} INFO - ::endgroup::
