[2026-09-23T00:14:15.519+0000] {local_task_job_runner.py:123} INFO - ::group::Pre task execution logs
[2026-09-23T00:14:15.547+0000] {taskinstance.py:2613} INFO - Dependencies all met for dep_context=non-requeueable deps ti=<TaskInstance: spotify_etl_pro.tiempo_espera_30s manual__2026-09-23T00:13:58+00:00 [queued]>
[2026-09-23T00:14:15.558+0000] {taskinstance.py:2613} INFO - Dependencies all met for dep_context=requeueable deps ti=<TaskInstance: spotify_etl_pro.tiempo_espera_30s manual__2026-09-23T00:13:58+00:00 [queued]>
[2026-09-23T00:14:15.559+0000] {taskinstance.py:2866} INFO - Starting attempt 1 of 3
[2026-09-23T00:14:15.580+0000] {taskinstance.py:2889} INFO - Executing <Task(BashOperator): tiempo_espera_30s> on 2026-09-23 00:13:58+00:00
[2026-09-23T00:14:15.589+0000] {standard_task_runner.py:72} INFO - Started process 1186 to run task
[2026-09-23T00:14:15.596+0000] {standard_task_runner.py:104} INFO - Running: ['airflow', 'tasks', 'run', 'spotify_etl_pro', 'tiempo_espera_30s', 'manual__2026-09-23T00:13:58+00:00', '--job-id', '950', '--raw', '--subdir', 'DAGS_FOLDER/spotify_etl_pro.py', '--cfg-path', '/tmp/tmpwph_072d']
[2026-09-23T00:14:15.603+0000] {standard_task_runner.py:105} INFO - Job 950: Subtask tiempo_espera_30s
[2026-09-23T00:14:15.685+0000] {task_command.py:467} INFO - Running <TaskInstance: spotify_etl_pro.tiempo_espera_30s manual__2026-09-23T00:13:58+00:00 [running]> on host 96d0bddc4644
[2026-09-23T00:14:15.754+0000] {taskinstance.py:3132} INFO - Exporting env vars: AIRFLOW_CTX_DAG_OWNER='axel' AIRFLOW_CTX_DAG_ID='spotify_etl_pro' AIRFLOW_CTX_TASK_ID='tiempo_espera_30s' AIRFLOW_CTX_EXECUTION_DATE='2026-09-23T00:13:58+00:00' AIRFLOW_CTX_TRY_NUMBER='1' AIRFLOW_CTX_DAG_RUN_ID='manual__2026-09-23T00:13:58+00:00'
[2026-09-23T00:14:15.755+0000] {taskinstance.py:731} INFO - ::endgroup::
[2026-09-23T00:14:15.757+0000] {subprocess.py:78} INFO - Tmp dir root location: /tmp
[2026-09-23T00:14:15.758+0000] {subprocess.py:88} INFO - Running command: ['/usr/bin/bash', '-c', 'sleep 30']
[2026-09-23T00:14:15.767+0000] {subprocess.py:99} INFO - Output:
[2026-09-23T00:14:45.779+0000] {subprocess.py:110} INFO - Command exited with return code 0
[2026-09-23T00:14:45.883+0000] {taskinstance.py:340} INFO - ::group::Post task execution logs
[2026-09-23T00:14:45.884+0000] {taskinstance.py:352} INFO - Marking task as SUCCESS. dag_id=spotify_etl_pro, task_id=tiempo_espera_30s, run_id=manual__2026-09-23T00:13:58+00:00, execution_date=20260923T001358, start_date=20260923T001415, end_date=20260923T001445
[2026-09-23T00:14:45.944+0000] {local_task_job_runner.py:266} INFO - Task exited with return code 0
[2026-09-23T00:14:45.985+0000] {taskinstance.py:3895} INFO - 1 downstream tasks scheduled from follow-on schedule check
[2026-09-23T00:14:45.986+0000] {local_task_job_runner.py:245} INFO - ::endgroup::
