[2026-09-21T22:38:57.807+0000] {local_task_job_runner.py:123} INFO - ::group::Pre task execution logs
[2026-09-21T22:38:57.821+0000] {taskinstance.py:2613} INFO - Dependencies all met for dep_context=non-requeueable deps ti=<TaskInstance: spotify_etl_pro.artista.subir_inf_artista manual__2026-09-21T22:38:47+00:00 [queued]>
[2026-09-21T22:38:57.832+0000] {taskinstance.py:2613} INFO - Dependencies all met for dep_context=requeueable deps ti=<TaskInstance: spotify_etl_pro.artista.subir_inf_artista manual__2026-09-21T22:38:47+00:00 [queued]>
[2026-09-21T22:38:57.834+0000] {taskinstance.py:2866} INFO - Starting attempt 1 of 3
[2026-09-21T22:38:57.845+0000] {taskinstance.py:2889} INFO - Executing <Task(_PythonDecoratedOperator): artista.subir_inf_artista> on 2026-09-21 22:38:47+00:00
[2026-09-21T22:38:57.853+0000] {standard_task_runner.py:72} INFO - Started process 394 to run task
[2026-09-21T22:38:57.856+0000] {standard_task_runner.py:104} INFO - Running: ['airflow', 'tasks', 'run', 'spotify_etl_pro', 'artista.subir_inf_artista', 'manual__2026-09-21T22:38:47+00:00', '--job-id', '702', '--raw', '--subdir', 'DAGS_FOLDER/spotify_etl_pro.py', '--cfg-path', '/tmp/tmpesvmro10']
[2026-09-21T22:38:57.860+0000] {standard_task_runner.py:105} INFO - Job 702: Subtask artista.subir_inf_artista
[2026-09-21T22:38:57.929+0000] {task_command.py:467} INFO - Running <TaskInstance: spotify_etl_pro.artista.subir_inf_artista manual__2026-09-21T22:38:47+00:00 [running]> on host 96d0bddc4644
[2026-09-21T22:38:58.035+0000] {taskinstance.py:3132} INFO - Exporting env vars: AIRFLOW_CTX_DAG_OWNER='axel' AIRFLOW_CTX_DAG_ID='spotify_etl_pro' AIRFLOW_CTX_TASK_ID='artista.subir_inf_artista' AIRFLOW_CTX_EXECUTION_DATE='2026-09-21T22:38:47+00:00' AIRFLOW_CTX_TRY_NUMBER='1' AIRFLOW_CTX_DAG_RUN_ID='manual__2026-09-21T22:38:47+00:00'
[2026-09-21T22:38:58.036+0000] {taskinstance.py:731} INFO - ::endgroup::
[2026-09-21T22:38:58.072+0000] {logging_mixin.py:190} INFO - 2026-09-21 22:38:58,071 INFO sqlalchemy.engine.Engine select pg_catalog.version()
[2026-09-21T22:38:58.071+0000] {base.py:1863} INFO - select pg_catalog.version()
[2026-09-21T22:38:58.072+0000] {logging_mixin.py:190} INFO - 2026-09-21 22:38:58,072 INFO sqlalchemy.engine.Engine [raw sql] {}
[2026-09-21T22:38:58.072+0000] {base.py:1868} INFO - [raw sql] {}
[2026-09-21T22:38:58.074+0000] {logging_mixin.py:190} INFO - 2026-09-21 22:38:58,074 INFO sqlalchemy.engine.Engine select current_schema()
[2026-09-21T22:38:58.074+0000] {base.py:1863} INFO - select current_schema()
[2026-09-21T22:38:58.075+0000] {logging_mixin.py:190} INFO - 2026-09-21 22:38:58,075 INFO sqlalchemy.engine.Engine [raw sql] {}
[2026-09-21T22:38:58.075+0000] {base.py:1868} INFO - [raw sql] {}
[2026-09-21T22:38:58.077+0000] {logging_mixin.py:190} INFO - 2026-09-21 22:38:58,077 INFO sqlalchemy.engine.Engine show standard_conforming_strings
[2026-09-21T22:38:58.077+0000] {base.py:1863} INFO - show standard_conforming_strings
[2026-09-21T22:38:58.077+0000] {logging_mixin.py:190} INFO - 2026-09-21 22:38:58,077 INFO sqlalchemy.engine.Engine [raw sql] {}
[2026-09-21T22:38:58.077+0000] {base.py:1868} INFO - [raw sql] {}
[2026-09-21T22:38:58.079+0000] {logging_mixin.py:190} INFO - 2026-09-21 22:38:58,079 INFO sqlalchemy.engine.Engine BEGIN (implicit)
[2026-09-21T22:38:58.079+0000] {base.py:1032} INFO - BEGIN (implicit)
[2026-09-21T22:38:58.081+0000] {logging_mixin.py:190} INFO - 2026-09-21 22:38:58,081 INFO sqlalchemy.engine.Engine INSERT INTO artista (nombre_artista, id_spotify) VALUES (%(nombre_artista)s, %(id_spotify)s) RETURNING artista.id_artista
[2026-09-21T22:38:58.081+0000] {base.py:1863} INFO - INSERT INTO artista (nombre_artista, id_spotify) VALUES (%(nombre_artista)s, %(id_spotify)s) RETURNING artista.id_artista
[2026-09-21T22:38:58.082+0000] {logging_mixin.py:190} INFO - 2026-09-21 22:38:58,082 INFO sqlalchemy.engine.Engine [generated in 0.00088s] {'nombre_artista': 'Bad Bunny', 'id_spotify': '4q3ewBCX7sLwd24euuV69X'}
[2026-09-21T22:38:58.082+0000] {base.py:1868} INFO - [generated in 0.00088s] {'nombre_artista': 'Bad Bunny', 'id_spotify': '4q3ewBCX7sLwd24euuV69X'}
[2026-09-21T22:38:58.084+0000] {logging_mixin.py:190} INFO - 2026-09-21 22:38:58,084 INFO sqlalchemy.engine.Engine ROLLBACK
[2026-09-21T22:38:58.084+0000] {base.py:1060} INFO - ROLLBACK
[2026-09-21T22:38:58.087+0000] {logging_mixin.py:190} INFO - ERROR: (psycopg2.errors.UniqueViolation) duplicate key value violates unique constraint "artista_id_spotify_key"
DETAIL:  Key (id_spotify)=(4q3ewBCX7sLwd24euuV69X) already exists.

[SQL: INSERT INTO artista (nombre_artista, id_spotify) VALUES (%(nombre_artista)s, %(id_spotify)s) RETURNING artista.id_artista]
[parameters: {'nombre_artista': 'Bad Bunny', 'id_spotify': '4q3ewBCX7sLwd24euuV69X'}]
(Background on this error at: https://sqlalche.me/e/14/gkpj)
[2026-09-21T22:38:58.088+0000] {spotify_etl_pro.py:280} INFO - OK. Se ingreso la informacion en la tabla
[2026-09-21T22:38:58.088+0000] {python.py:240} INFO - Done. Returned value was: None
[2026-09-21T22:38:58.100+0000] {taskinstance.py:340} INFO - ::group::Post task execution logs
[2026-09-21T22:38:58.101+0000] {taskinstance.py:352} INFO - Marking task as SUCCESS. dag_id=spotify_etl_pro, task_id=artista.subir_inf_artista, run_id=manual__2026-09-21T22:38:47+00:00, execution_date=20260921T223847, start_date=20260921T223857, end_date=20260921T223858
[2026-09-21T22:38:58.155+0000] {local_task_job_runner.py:266} INFO - Task exited with return code 0
[2026-09-21T22:38:58.188+0000] {taskinstance.py:3895} INFO - 0 downstream tasks scheduled from follow-on schedule check
[2026-09-21T22:38:58.189+0000] {local_task_job_runner.py:245} INFO - ::endgroup::
