[2026-09-22T03:58:32.002+0000] {local_task_job_runner.py:123} INFO - ::group::Pre task execution logs
[2026-09-22T03:58:32.028+0000] {taskinstance.py:2613} INFO - Dependencies all met for dep_context=non-requeueable deps ti=<TaskInstance: spotify_etl_pro.albun.create_tabla_album manual__2026-09-22T03:58:24+00:00 [queued]>
[2026-09-22T03:58:32.038+0000] {taskinstance.py:2613} INFO - Dependencies all met for dep_context=requeueable deps ti=<TaskInstance: spotify_etl_pro.albun.create_tabla_album manual__2026-09-22T03:58:24+00:00 [queued]>
[2026-09-22T03:58:32.038+0000] {taskinstance.py:2866} INFO - Starting attempt 1 of 3
[2026-09-22T03:58:32.051+0000] {taskinstance.py:2889} INFO - Executing <Task(_PythonDecoratedOperator): albun.create_tabla_album> on 2026-09-22 03:58:24+00:00
[2026-09-22T03:58:32.066+0000] {standard_task_runner.py:72} INFO - Started process 2452 to run task
[2026-09-22T03:58:32.073+0000] {standard_task_runner.py:104} INFO - Running: ['airflow', 'tasks', 'run', 'spotify_etl_pro', 'albun.create_tabla_album', 'manual__2026-09-22T03:58:24+00:00', '--job-id', '808', '--raw', '--subdir', 'DAGS_FOLDER/spotify_etl_pro.py', '--cfg-path', '/tmp/tmpjux26kc4']
[2026-09-22T03:58:32.085+0000] {standard_task_runner.py:105} INFO - Job 808: Subtask albun.create_tabla_album
[2026-09-22T03:58:32.197+0000] {task_command.py:467} INFO - Running <TaskInstance: spotify_etl_pro.albun.create_tabla_album manual__2026-09-22T03:58:24+00:00 [running]> on host 96d0bddc4644
[2026-09-22T03:58:32.403+0000] {taskinstance.py:3132} INFO - Exporting env vars: AIRFLOW_CTX_DAG_OWNER='axel' AIRFLOW_CTX_DAG_ID='spotify_etl_pro' AIRFLOW_CTX_TASK_ID='albun.create_tabla_album' AIRFLOW_CTX_EXECUTION_DATE='2026-09-22T03:58:24+00:00' AIRFLOW_CTX_TRY_NUMBER='1' AIRFLOW_CTX_DAG_RUN_ID='manual__2026-09-22T03:58:24+00:00'
[2026-09-22T03:58:32.415+0000] {taskinstance.py:731} INFO - ::endgroup::
[2026-09-22T03:58:32.425+0000] {base.py:1032} INFO - BEGIN (implicit)
[2026-09-22T03:58:32.428+0000] {base.py:1863} INFO - select relname from pg_class c join pg_namespace n on n.oid=c.relnamespace where pg_catalog.pg_table_is_visible(c.oid) and relname=%(name)s
[2026-09-22T03:58:32.432+0000] {base.py:1868} INFO - [generated in 0.00428s] {'name': 'album'}
[2026-09-22T03:58:32.470+0000] {base.py:1092} INFO - COMMIT
[2026-09-22T03:58:32.475+0000] {logging_mixin.py:190} INFO - Tabla 'album' verificada/creada correctamente.
[2026-09-22T03:58:32.482+0000] {spotify_etl_pro.py:260} INFO - OK. Se creo la Tabla.
[2026-09-22T03:58:32.486+0000] {python.py:240} INFO - Done. Returned value was: None
[2026-09-22T03:58:32.528+0000] {taskinstance.py:340} INFO - ::group::Post task execution logs
[2026-09-22T03:58:32.536+0000] {taskinstance.py:352} INFO - Marking task as SUCCESS. dag_id=spotify_etl_pro, task_id=albun.create_tabla_album, run_id=manual__2026-09-22T03:58:24+00:00, execution_date=20260922T035824, start_date=20260922T035832, end_date=20260922T035832
[2026-09-22T03:58:32.694+0000] {local_task_job_runner.py:266} INFO - Task exited with return code 0
[2026-09-22T03:58:32.892+0000] {taskinstance.py:3895} INFO - 0 downstream tasks scheduled from follow-on schedule check
[2026-09-22T03:58:32.898+0000] {local_task_job_runner.py:245} INFO - ::endgroup::
