[2026-09-22T01:38:12.732+0000] {local_task_job_runner.py:123} INFO - ::group::Pre task execution logs
[2026-09-22T01:38:12.750+0000] {taskinstance.py:2613} INFO - Dependencies all met for dep_context=non-requeueable deps ti=<TaskInstance: spotify_etl_pro.mas_informacion.create_table_mas_inf scheduled__2026-09-21T00:00:00+00:00 [queued]>
[2026-09-22T01:38:12.757+0000] {taskinstance.py:2613} INFO - Dependencies all met for dep_context=requeueable deps ti=<TaskInstance: spotify_etl_pro.mas_informacion.create_table_mas_inf scheduled__2026-09-21T00:00:00+00:00 [queued]>
[2026-09-22T01:38:12.757+0000] {taskinstance.py:2866} INFO - Starting attempt 1 of 3
[2026-09-22T01:38:12.764+0000] {taskinstance.py:2889} INFO - Executing <Task(_PythonDecoratedOperator): mas_informacion.create_table_mas_inf> on 2026-09-21 00:00:00+00:00
[2026-09-22T01:38:12.770+0000] {standard_task_runner.py:72} INFO - Started process 1613 to run task
[2026-09-22T01:38:12.775+0000] {standard_task_runner.py:104} INFO - Running: ['airflow', 'tasks', 'run', 'spotify_etl_pro', 'mas_informacion.create_table_mas_inf', 'scheduled__2026-09-21T00:00:00+00:00', '--job-id', '771', '--raw', '--subdir', 'DAGS_FOLDER/spotify_etl_pro.py', '--cfg-path', '/tmp/tmpq7iov2rl']
[2026-09-22T01:38:12.778+0000] {standard_task_runner.py:105} INFO - Job 771: Subtask mas_informacion.create_table_mas_inf
[2026-09-22T01:38:12.827+0000] {task_command.py:467} INFO - Running <TaskInstance: spotify_etl_pro.mas_informacion.create_table_mas_inf scheduled__2026-09-21T00:00:00+00:00 [running]> on host 96d0bddc4644
[2026-09-22T01:38:12.888+0000] {taskinstance.py:3132} INFO - Exporting env vars: AIRFLOW_CTX_DAG_OWNER='axel' AIRFLOW_CTX_DAG_ID='spotify_etl_pro' AIRFLOW_CTX_TASK_ID='mas_informacion.create_table_mas_inf' AIRFLOW_CTX_EXECUTION_DATE='2026-09-21T00:00:00+00:00' AIRFLOW_CTX_TRY_NUMBER='1' AIRFLOW_CTX_DAG_RUN_ID='scheduled__2026-09-21T00:00:00+00:00'
[2026-09-22T01:38:12.889+0000] {taskinstance.py:731} INFO - ::endgroup::
[2026-09-22T01:38:12.891+0000] {base.py:1032} INFO - BEGIN (implicit)
[2026-09-22T01:38:12.892+0000] {base.py:1863} INFO - select relname from pg_class c join pg_namespace n on n.oid=c.relnamespace where pg_catalog.pg_table_is_visible(c.oid) and relname=%(name)s
[2026-09-22T01:38:12.892+0000] {base.py:1868} INFO - [generated in 0.00033s] {'name': 'mas_inf'}
[2026-09-22T01:38:12.893+0000] {base.py:1092} INFO - COMMIT
[2026-09-22T01:38:12.893+0000] {logging_mixin.py:190} INFO - Tabla 'mas_inf' verificada/creada correctamente.
[2026-09-22T01:38:12.894+0000] {spotify_etl_pro.py:271} INFO - OK. Se creo la Tabla.
[2026-09-22T01:38:12.894+0000] {python.py:240} INFO - Done. Returned value was: None
[2026-09-22T01:38:12.901+0000] {taskinstance.py:340} INFO - ::group::Post task execution logs
[2026-09-22T01:38:12.901+0000] {taskinstance.py:352} INFO - Marking task as SUCCESS. dag_id=spotify_etl_pro, task_id=mas_informacion.create_table_mas_inf, run_id=scheduled__2026-09-21T00:00:00+00:00, execution_date=20260921T000000, start_date=20260922T013812, end_date=20260922T013812
[2026-09-22T01:38:12.913+0000] {local_task_job_runner.py:266} INFO - Task exited with return code 0
[2026-09-22T01:38:12.934+0000] {taskinstance.py:3895} INFO - 0 downstream tasks scheduled from follow-on schedule check
[2026-09-22T01:38:12.935+0000] {local_task_job_runner.py:245} INFO - ::endgroup::
