[2026-09-22T01:41:19.836+0000] {local_task_job_runner.py:123} INFO - ::group::Pre task execution logs
[2026-09-22T01:41:19.851+0000] {taskinstance.py:2613} INFO - Dependencies all met for dep_context=non-requeueable deps ti=<TaskInstance: spotify_etl_pro.tiempo_espera_30s manual__2026-09-22T01:41:06+00:00 [queued]>
[2026-09-22T01:41:19.870+0000] {taskinstance.py:2613} INFO - Dependencies all met for dep_context=requeueable deps ti=<TaskInstance: spotify_etl_pro.tiempo_espera_30s manual__2026-09-22T01:41:06+00:00 [queued]>
[2026-09-22T01:41:19.871+0000] {taskinstance.py:2866} INFO - Starting attempt 1 of 3
[2026-09-22T01:41:19.893+0000] {taskinstance.py:2889} INFO - Executing <Task(BashOperator): tiempo_espera_30s> on 2026-09-22 01:41:06+00:00
[2026-09-22T01:41:19.899+0000] {standard_task_runner.py:72} INFO - Started process 1765 to run task
[2026-09-22T01:41:19.904+0000] {standard_task_runner.py:104} INFO - Running: ['airflow', 'tasks', 'run', 'spotify_etl_pro', 'tiempo_espera_30s', 'manual__2026-09-22T01:41:06+00:00', '--job-id', '783', '--raw', '--subdir', 'DAGS_FOLDER/spotify_etl_pro.py', '--cfg-path', '/tmp/tmppji0o318']
[2026-09-22T01:41:19.907+0000] {standard_task_runner.py:105} INFO - Job 783: Subtask tiempo_espera_30s
[2026-09-22T01:41:19.963+0000] {task_command.py:467} INFO - Running <TaskInstance: spotify_etl_pro.tiempo_espera_30s manual__2026-09-22T01:41:06+00:00 [running]> on host 96d0bddc4644
[2026-09-22T01:41:20.038+0000] {taskinstance.py:3132} INFO - Exporting env vars: AIRFLOW_CTX_DAG_OWNER='axel' AIRFLOW_CTX_DAG_ID='spotify_etl_pro' AIRFLOW_CTX_TASK_ID='tiempo_espera_30s' AIRFLOW_CTX_EXECUTION_DATE='2026-09-22T01:41:06+00:00' AIRFLOW_CTX_TRY_NUMBER='1' AIRFLOW_CTX_DAG_RUN_ID='manual__2026-09-22T01:41:06+00:00'
[2026-09-22T01:41:20.040+0000] {taskinstance.py:731} INFO - ::endgroup::
[2026-09-22T01:41:20.043+0000] {subprocess.py:78} INFO - Tmp dir root location: /tmp
[2026-09-22T01:41:20.044+0000] {subprocess.py:88} INFO - Running command: ['/usr/bin/bash', '-c', 'sleep 30']
[2026-09-22T01:41:20.052+0000] {subprocess.py:99} INFO - Output:
[2026-09-22T01:41:50.069+0000] {subprocess.py:110} INFO - Command exited with return code 0
[2026-09-22T01:41:50.151+0000] {taskinstance.py:340} INFO - ::group::Post task execution logs
[2026-09-22T01:41:50.151+0000] {taskinstance.py:352} INFO - Marking task as SUCCESS. dag_id=spotify_etl_pro, task_id=tiempo_espera_30s, run_id=manual__2026-09-22T01:41:06+00:00, execution_date=20260922T014106, start_date=20260922T014119, end_date=20260922T014150
[2026-09-22T01:41:50.186+0000] {local_task_job_runner.py:266} INFO - Task exited with return code 0
[2026-09-22T01:41:50.233+0000] {taskinstance.py:3895} INFO - 1 downstream tasks scheduled from follow-on schedule check
[2026-09-22T01:41:50.234+0000] {local_task_job_runner.py:245} INFO - ::endgroup::
