[2026-09-23T00:07:01.884+0000] {local_task_job_runner.py:123} INFO - ::group::Pre task execution logs
[2026-09-23T00:07:01.896+0000] {taskinstance.py:2613} INFO - Dependencies all met for dep_context=non-requeueable deps ti=<TaskInstance: spotify_etl_pro.condicion_proceso_album scheduled__2026-09-22T00:00:00+00:00 [queued]>
[2026-09-23T00:07:01.901+0000] {taskinstance.py:2613} INFO - Dependencies all met for dep_context=requeueable deps ti=<TaskInstance: spotify_etl_pro.condicion_proceso_album scheduled__2026-09-22T00:00:00+00:00 [queued]>
[2026-09-23T00:07:01.901+0000] {taskinstance.py:2866} INFO - Starting attempt 1 of 3
[2026-09-23T00:07:01.908+0000] {taskinstance.py:2889} INFO - Executing <Task(ShortCircuitOperator): condicion_proceso_album> on 2026-09-22 00:00:00+00:00
[2026-09-23T00:07:01.911+0000] {standard_task_runner.py:72} INFO - Started process 1053 to run task
[2026-09-23T00:07:01.915+0000] {standard_task_runner.py:104} INFO - Running: ['airflow', 'tasks', 'run', 'spotify_etl_pro', 'condicion_proceso_album', 'scheduled__2026-09-22T00:00:00+00:00', '--job-id', '931', '--raw', '--subdir', 'DAGS_FOLDER/spotify_etl_pro.py', '--cfg-path', '/tmp/tmpvfo2b1xu']
[2026-09-23T00:07:01.917+0000] {standard_task_runner.py:105} INFO - Job 931: Subtask condicion_proceso_album
[2026-09-23T00:07:01.950+0000] {task_command.py:467} INFO - Running <TaskInstance: spotify_etl_pro.condicion_proceso_album scheduled__2026-09-22T00:00:00+00:00 [running]> on host 96d0bddc4644
[2026-09-23T00:07:02.003+0000] {taskinstance.py:3132} INFO - Exporting env vars: AIRFLOW_CTX_DAG_OWNER='axel' AIRFLOW_CTX_DAG_ID='spotify_etl_pro' AIRFLOW_CTX_TASK_ID='condicion_proceso_album' AIRFLOW_CTX_EXECUTION_DATE='2026-09-22T00:00:00+00:00' AIRFLOW_CTX_TRY_NUMBER='1' AIRFLOW_CTX_DAG_RUN_ID='scheduled__2026-09-22T00:00:00+00:00'
[2026-09-23T00:07:02.004+0000] {taskinstance.py:731} INFO - ::endgroup::
[2026-09-23T00:07:02.005+0000] {baseoperator.py:416} WARNING - ShortCircuitOperator.execute cannot be called outside TaskInstance!
[2026-09-23T00:07:02.005+0000] {python.py:240} INFO - Done. Returned value was: True
[2026-09-23T00:07:02.005+0000] {python.py:309} INFO - Condition result is True
[2026-09-23T00:07:02.005+0000] {python.py:312} INFO - Proceeding with downstream tasks...
[2026-09-23T00:07:02.019+0000] {taskinstance.py:340} INFO - ::group::Post task execution logs
[2026-09-23T00:07:02.020+0000] {taskinstance.py:352} INFO - Marking task as SUCCESS. dag_id=spotify_etl_pro, task_id=condicion_proceso_album, run_id=scheduled__2026-09-22T00:00:00+00:00, execution_date=20260922T000000, start_date=20260923T000701, end_date=20260923T000702
[2026-09-23T00:07:02.048+0000] {local_task_job_runner.py:266} INFO - Task exited with return code 0
[2026-09-23T00:07:02.081+0000] {taskinstance.py:3895} INFO - 1 downstream tasks scheduled from follow-on schedule check
[2026-09-23T00:07:02.083+0000] {local_task_job_runner.py:245} INFO - ::endgroup::
