[2026-09-22T04:14:08.140+0000] {local_task_job_runner.py:123} INFO - ::group::Pre task execution logs
[2026-09-22T04:14:08.158+0000] {taskinstance.py:2613} INFO - Dependencies all met for dep_context=non-requeueable deps ti=<TaskInstance: spotify_etl_pro.canciones.subir_inf_tracks manual__2026-09-22T04:12:45+00:00 [queued]>
[2026-09-22T04:14:08.166+0000] {taskinstance.py:2613} INFO - Dependencies all met for dep_context=requeueable deps ti=<TaskInstance: spotify_etl_pro.canciones.subir_inf_tracks manual__2026-09-22T04:12:45+00:00 [queued]>
[2026-09-22T04:14:08.167+0000] {taskinstance.py:2866} INFO - Starting attempt 1 of 3
[2026-09-22T04:14:08.176+0000] {taskinstance.py:2889} INFO - Executing <Task(_PythonDecoratedOperator): canciones.subir_inf_tracks> on 2026-09-22 04:12:45+00:00
[2026-09-22T04:14:08.188+0000] {standard_task_runner.py:72} INFO - Started process 2762 to run task
[2026-09-22T04:14:08.195+0000] {standard_task_runner.py:104} INFO - Running: ['airflow', 'tasks', 'run', 'spotify_etl_pro', 'canciones.subir_inf_tracks', 'manual__2026-09-22T04:12:45+00:00', '--job-id', '856', '--raw', '--subdir', 'DAGS_FOLDER/spotify_etl_pro.py', '--cfg-path', '/tmp/tmpmf6pzwkz']
[2026-09-22T04:14:08.198+0000] {standard_task_runner.py:105} INFO - Job 856: Subtask canciones.subir_inf_tracks
[2026-09-22T04:14:08.257+0000] {task_command.py:467} INFO - Running <TaskInstance: spotify_etl_pro.canciones.subir_inf_tracks manual__2026-09-22T04:12:45+00:00 [running]> on host 96d0bddc4644
[2026-09-22T04:14:08.358+0000] {taskinstance.py:3132} INFO - Exporting env vars: AIRFLOW_CTX_DAG_OWNER='axel' AIRFLOW_CTX_DAG_ID='spotify_etl_pro' AIRFLOW_CTX_TASK_ID='canciones.subir_inf_tracks' AIRFLOW_CTX_EXECUTION_DATE='2026-09-22T04:12:45+00:00' AIRFLOW_CTX_TRY_NUMBER='1' AIRFLOW_CTX_DAG_RUN_ID='manual__2026-09-22T04:12:45+00:00'
[2026-09-22T04:14:08.359+0000] {taskinstance.py:731} INFO - ::endgroup::
[2026-09-22T04:14:08.362+0000] {base.py:1032} INFO - BEGIN (implicit)
[2026-09-22T04:14:08.363+0000] {base.py:1863} INFO - INSERT INTO canciones (nombre_cancion, id_spotify, num_cancion, duracion, id_album) VALUES (%(nombre_cancion)s, %(id_spotify)s, %(num_cancion)s, %(duracion)s, %(id_album)s)
[2026-09-22T04:14:08.363+0000] {base.py:1868} INFO - [generated in 0.00059s] ({'nombre_cancion': 'Cards', 'id_spotify': '3C5yxZTCcDOi4pnFEnKJdC', 'num_cancion': 1, 'duracion': 223227, 'id_album': 316}, {'nombre_cancion': 'Jealous Type', 'id_spotify': '03JZr55j9bIj1d2RQJ7Yq9', 'num_cancion': 2, 'duracion': 163647, 'id_album': 316}, {'nombre_cancion': 'AAAHH MEN!', 'id_spotify': '2qGvxAKXbajPFRb9ybIMOD', 'num_cancion': 3, 'duracion': 193786, 'id_album': 316}, {'nombre_cancion': 'Couples Therapy', 'id_spotify': '0Nta861K14dJO3yIWdvqzJ', 'num_cancion': 4, 'duracion': 161838, 'id_album': 316}, {'nombre_cancion': 'Gorgeous', 'id_spotify': '5T0mnzMsyHtmWB7Kou51Ph', 'num_cancion': 5, 'duracion': 266021, 'id_album': 316}, {'nombre_cancion': 'Stranger', 'id_spotify': '6IBTI6u7tVNtWojUHnO4Ap', 'num_cancion': 6, 'duracion': 201173, 'id_album': 316}, {'nombre_cancion': 'All Mine', 'id_spotify': '6cm4pRaaxCbI004zWr0Gvj', 'num_cancion': 7, 'duracion': 202588, 'id_album': 316}, {'nombre_cancion': 'Take Me Dancing (feat. SZA)', 'id_spotify': '3jYMt6j13zQGXfFLaO3BKv', 'num_cancion': 8, 'duracion': 224468, 'id_album': 316}  ... displaying 10 of 133 total bound parameter sets ...  {'nombre_cancion': 'Body Language', 'id_spotify': '02z7THtFYTnqMTe4dPFhvR', 'num_cancion': 12, 'duracion': 245241, 'id_album': 323}, {'nombre_cancion': 'All Nighter', 'id_spotify': '0iwRj9AOAcND08jDmg75pm', 'num_cancion': 13, 'duracion': 193666, 'id_album': 323})
[2026-09-22T04:14:08.375+0000] {base.py:1092} INFO - COMMIT
[2026-09-22T04:14:08.378+0000] {logging_mixin.py:190} INFO - Registro insertado correctamente
[2026-09-22T04:14:08.378+0000] {spotify_etl_pro.py:305} INFO - OK. Se ingreso la informacion en la tabla
[2026-09-22T04:14:08.378+0000] {python.py:240} INFO - Done. Returned value was: None
[2026-09-22T04:14:08.386+0000] {taskinstance.py:340} INFO - ::group::Post task execution logs
[2026-09-22T04:14:08.387+0000] {taskinstance.py:352} INFO - Marking task as SUCCESS. dag_id=spotify_etl_pro, task_id=canciones.subir_inf_tracks, run_id=manual__2026-09-22T04:12:45+00:00, execution_date=20260922T041245, start_date=20260922T041408, end_date=20260922T041408
[2026-09-22T04:14:08.412+0000] {local_task_job_runner.py:266} INFO - Task exited with return code 0
[2026-09-22T04:14:08.462+0000] {taskinstance.py:3895} INFO - 0 downstream tasks scheduled from follow-on schedule check
[2026-09-22T04:14:08.463+0000] {local_task_job_runner.py:245} INFO - ::endgroup::
