[2026-09-21T22:31:49.791+0000] {local_task_job_runner.py:123} INFO - ::group::Pre task execution logs
[2026-09-21T22:31:49.810+0000] {taskinstance.py:2613} INFO - Dependencies all met for dep_context=non-requeueable deps ti=<TaskInstance: spotify_etl_pro.albun.create_tabla_album scheduled__2026-09-19T00:00:00+00:00 [queued]>
[2026-09-21T22:31:49.830+0000] {taskinstance.py:2613} INFO - Dependencies all met for dep_context=requeueable deps ti=<TaskInstance: spotify_etl_pro.albun.create_tabla_album scheduled__2026-09-19T00:00:00+00:00 [queued]>
[2026-09-21T22:31:49.833+0000] {taskinstance.py:2866} INFO - Starting attempt 1 of 1
[2026-09-21T22:31:49.868+0000] {taskinstance.py:2889} INFO - Executing <Task(_PythonDecoratedOperator): albun.create_tabla_album> on 2026-09-19 00:00:00+00:00
[2026-09-21T22:31:49.875+0000] {standard_task_runner.py:72} INFO - Started process 184 to run task
[2026-09-21T22:31:49.891+0000] {standard_task_runner.py:104} INFO - Running: ['airflow', 'tasks', 'run', 'spotify_etl_pro', 'albun.create_tabla_album', 'scheduled__2026-09-19T00:00:00+00:00', '--job-id', '657', '--raw', '--subdir', 'DAGS_FOLDER/spotify_etl_pro.py', '--cfg-path', '/tmp/tmpj87_kj3s']
[2026-09-21T22:31:49.904+0000] {standard_task_runner.py:105} INFO - Job 657: Subtask albun.create_tabla_album
[2026-09-21T22:31:50.026+0000] {task_command.py:467} INFO - Running <TaskInstance: spotify_etl_pro.albun.create_tabla_album scheduled__2026-09-19T00:00:00+00:00 [running]> on host 96d0bddc4644
[2026-09-21T22:31:50.180+0000] {taskinstance.py:3132} INFO - Exporting env vars: AIRFLOW_CTX_DAG_OWNER='axel' AIRFLOW_CTX_DAG_ID='spotify_etl_pro' AIRFLOW_CTX_TASK_ID='albun.create_tabla_album' AIRFLOW_CTX_EXECUTION_DATE='2026-09-19T00:00:00+00:00' AIRFLOW_CTX_TRY_NUMBER='1' AIRFLOW_CTX_DAG_RUN_ID='scheduled__2026-09-19T00:00:00+00:00'
[2026-09-21T22:31:50.185+0000] {taskinstance.py:731} INFO - ::endgroup::
[2026-09-21T22:31:50.229+0000] {logging_mixin.py:190} INFO - 2026-09-21 22:31:50,229 INFO sqlalchemy.engine.Engine select pg_catalog.version()
[2026-09-21T22:31:50.229+0000] {base.py:1863} INFO - select pg_catalog.version()
[2026-09-21T22:31:50.231+0000] {logging_mixin.py:190} INFO - 2026-09-21 22:31:50,231 INFO sqlalchemy.engine.Engine [raw sql] {}
[2026-09-21T22:31:50.231+0000] {base.py:1868} INFO - [raw sql] {}
[2026-09-21T22:31:50.233+0000] {logging_mixin.py:190} INFO - 2026-09-21 22:31:50,233 INFO sqlalchemy.engine.Engine select current_schema()
[2026-09-21T22:31:50.233+0000] {base.py:1863} INFO - select current_schema()
[2026-09-21T22:31:50.234+0000] {logging_mixin.py:190} INFO - 2026-09-21 22:31:50,234 INFO sqlalchemy.engine.Engine [raw sql] {}
[2026-09-21T22:31:50.234+0000] {base.py:1868} INFO - [raw sql] {}
[2026-09-21T22:31:50.237+0000] {logging_mixin.py:190} INFO - 2026-09-21 22:31:50,236 INFO sqlalchemy.engine.Engine show standard_conforming_strings
[2026-09-21T22:31:50.236+0000] {base.py:1863} INFO - show standard_conforming_strings
[2026-09-21T22:31:50.239+0000] {logging_mixin.py:190} INFO - 2026-09-21 22:31:50,239 INFO sqlalchemy.engine.Engine [raw sql] {}
[2026-09-21T22:31:50.239+0000] {base.py:1868} INFO - [raw sql] {}
[2026-09-21T22:31:50.244+0000] {logging_mixin.py:190} INFO - 2026-09-21 22:31:50,244 INFO sqlalchemy.engine.Engine BEGIN (implicit)
[2026-09-21T22:31:50.244+0000] {base.py:1032} INFO - BEGIN (implicit)
[2026-09-21T22:31:50.245+0000] {logging_mixin.py:190} INFO - 2026-09-21 22:31:50,245 INFO sqlalchemy.engine.Engine select relname from pg_class c join pg_namespace n on n.oid=c.relnamespace where pg_catalog.pg_table_is_visible(c.oid) and relname=%(name)s
[2026-09-21T22:31:50.245+0000] {base.py:1863} INFO - select relname from pg_class c join pg_namespace n on n.oid=c.relnamespace where pg_catalog.pg_table_is_visible(c.oid) and relname=%(name)s
[2026-09-21T22:31:50.247+0000] {logging_mixin.py:190} INFO - 2026-09-21 22:31:50,247 INFO sqlalchemy.engine.Engine [generated in 0.00126s] {'name': 'album'}
[2026-09-21T22:31:50.247+0000] {base.py:1868} INFO - [generated in 0.00126s] {'name': 'album'}
[2026-09-21T22:31:50.250+0000] {logging_mixin.py:190} INFO - 2026-09-21 22:31:50,250 INFO sqlalchemy.engine.Engine COMMIT
[2026-09-21T22:31:50.250+0000] {base.py:1092} INFO - COMMIT
[2026-09-21T22:31:50.254+0000] {logging_mixin.py:190} INFO - Tabla 'album' verificada/creada correctamente.
[2026-09-21T22:31:50.256+0000] {spotify_etl_pro.py:253} INFO - OK. Se creo la Tabla.
[2026-09-21T22:31:50.256+0000] {python.py:240} INFO - Done. Returned value was: None
[2026-09-21T22:31:50.268+0000] {taskinstance.py:340} INFO - ::group::Post task execution logs
[2026-09-21T22:31:50.270+0000] {taskinstance.py:352} INFO - Marking task as SUCCESS. dag_id=spotify_etl_pro, task_id=albun.create_tabla_album, run_id=scheduled__2026-09-19T00:00:00+00:00, execution_date=20260919T000000, start_date=20260921T223149, end_date=20260921T223150
[2026-09-21T22:31:50.284+0000] {local_task_job_runner.py:266} INFO - Task exited with return code 0
[2026-09-21T22:31:50.317+0000] {taskinstance.py:3895} INFO - 0 downstream tasks scheduled from follow-on schedule check
[2026-09-21T22:31:50.324+0000] {local_task_job_runner.py:245} INFO - ::endgroup::
