[2026-09-23T04:12:36.767+0000] {local_task_job_runner.py:123} INFO - ::group::Pre task execution logs
[2026-09-23T04:12:36.806+0000] {taskinstance.py:2613} INFO - Dependencies all met for dep_context=non-requeueable deps ti=<TaskInstance: spotify_etl_pro.inicializador manual__2026-09-23T04:12:15+00:00 [queued]>
[2026-09-23T04:12:36.820+0000] {taskinstance.py:2613} INFO - Dependencies all met for dep_context=requeueable deps ti=<TaskInstance: spotify_etl_pro.inicializador manual__2026-09-23T04:12:15+00:00 [queued]>
[2026-09-23T04:12:36.820+0000] {taskinstance.py:2866} INFO - Starting attempt 1 of 3
[2026-09-23T04:12:36.844+0000] {taskinstance.py:2889} INFO - Executing <Task(BashOperator): inicializador> on 2026-09-23 04:12:15+00:00
[2026-09-23T04:12:36.854+0000] {standard_task_runner.py:72} INFO - Started process 2936 to run task
[2026-09-23T04:12:36.870+0000] {standard_task_runner.py:104} INFO - Running: ['airflow', 'tasks', 'run', 'spotify_etl_pro', 'inicializador', 'manual__2026-09-23T04:12:15+00:00', '--job-id', '1023', '--raw', '--subdir', 'DAGS_FOLDER/spotify_etl_pro.py', '--cfg-path', '/tmp/tmpt_kp5gus']
[2026-09-23T04:12:36.913+0000] {standard_task_runner.py:105} INFO - Job 1023: Subtask inicializador
[2026-09-23T04:12:37.310+0000] {task_command.py:467} INFO - Running <TaskInstance: spotify_etl_pro.inicializador manual__2026-09-23T04:12:15+00:00 [running]> on host 96d0bddc4644
[2026-09-23T04:12:37.579+0000] {taskinstance.py:3132} INFO - Exporting env vars: AIRFLOW_CTX_DAG_OWNER='axel' AIRFLOW_CTX_DAG_ID='spotify_etl_pro' AIRFLOW_CTX_TASK_ID='inicializador' AIRFLOW_CTX_EXECUTION_DATE='2026-09-23T04:12:15+00:00' AIRFLOW_CTX_TRY_NUMBER='1' AIRFLOW_CTX_DAG_RUN_ID='manual__2026-09-23T04:12:15+00:00'
[2026-09-23T04:12:37.585+0000] {taskinstance.py:731} INFO - ::endgroup::
[2026-09-23T04:12:37.590+0000] {subprocess.py:78} INFO - Tmp dir root location: /tmp
[2026-09-23T04:12:37.598+0000] {subprocess.py:88} INFO - Running command: ['/usr/bin/bash', '-c', 'echo "Iniciando pipeline de Spotify..."']
[2026-09-23T04:12:37.622+0000] {subprocess.py:99} INFO - Output:
[2026-09-23T04:12:37.655+0000] {subprocess.py:106} INFO - Iniciando pipeline de Spotify...
[2026-09-23T04:12:37.658+0000] {subprocess.py:110} INFO - Command exited with return code 0
[2026-09-23T04:12:37.694+0000] {taskinstance.py:340} INFO - ::group::Post task execution logs
[2026-09-23T04:12:37.694+0000] {taskinstance.py:352} INFO - Marking task as SUCCESS. dag_id=spotify_etl_pro, task_id=inicializador, run_id=manual__2026-09-23T04:12:15+00:00, execution_date=20260923T041215, start_date=20260923T041236, end_date=20260923T041237
[2026-09-23T04:12:37.717+0000] {local_task_job_runner.py:266} INFO - Task exited with return code 0
[2026-09-23T04:12:37.767+0000] {taskinstance.py:3895} INFO - 1 downstream tasks scheduled from follow-on schedule check
[2026-09-23T04:12:37.769+0000] {local_task_job_runner.py:245} INFO - ::endgroup::
