[2026-09-21T22:31:49.943+0000] {local_task_job_runner.py:123} INFO - ::group::Pre task execution logs
[2026-09-21T22:31:49.982+0000] {taskinstance.py:2613} INFO - Dependencies all met for dep_context=non-requeueable deps ti=<TaskInstance: spotify_etl_pro.albun.create_tabla_album scheduled__2026-09-20T00:00:00+00:00 [queued]>
[2026-09-21T22:31:50.001+0000] {taskinstance.py:2613} INFO - Dependencies all met for dep_context=requeueable deps ti=<TaskInstance: spotify_etl_pro.albun.create_tabla_album scheduled__2026-09-20T00:00:00+00:00 [queued]>
[2026-09-21T22:31:50.003+0000] {taskinstance.py:2866} INFO - Starting attempt 1 of 1
[2026-09-21T22:31:50.032+0000] {taskinstance.py:2889} INFO - Executing <Task(_PythonDecoratedOperator): albun.create_tabla_album> on 2026-09-20 00:00:00+00:00
[2026-09-21T22:31:50.042+0000] {standard_task_runner.py:72} INFO - Started process 190 to run task
[2026-09-21T22:31:50.045+0000] {standard_task_runner.py:104} INFO - Running: ['airflow', 'tasks', 'run', 'spotify_etl_pro', 'albun.create_tabla_album', 'scheduled__2026-09-20T00:00:00+00:00', '--job-id', '661', '--raw', '--subdir', 'DAGS_FOLDER/spotify_etl_pro.py', '--cfg-path', '/tmp/tmpb41wg3qp']
[2026-09-21T22:31:50.049+0000] {standard_task_runner.py:105} INFO - Job 661: Subtask albun.create_tabla_album
[2026-09-21T22:31:50.153+0000] {task_command.py:467} INFO - Running <TaskInstance: spotify_etl_pro.albun.create_tabla_album scheduled__2026-09-20T00:00:00+00:00 [running]> on host 96d0bddc4644
[2026-09-21T22:31:50.246+0000] {taskinstance.py:3132} INFO - Exporting env vars: AIRFLOW_CTX_DAG_OWNER='axel' AIRFLOW_CTX_DAG_ID='spotify_etl_pro' AIRFLOW_CTX_TASK_ID='albun.create_tabla_album' AIRFLOW_CTX_EXECUTION_DATE='2026-09-20T00:00:00+00:00' AIRFLOW_CTX_TRY_NUMBER='1' AIRFLOW_CTX_DAG_RUN_ID='scheduled__2026-09-20T00:00:00+00:00'
[2026-09-21T22:31:50.247+0000] {taskinstance.py:731} INFO - ::endgroup::
[2026-09-21T22:31:50.299+0000] {logging_mixin.py:190} INFO - 2026-09-21 22:31:50,298 INFO sqlalchemy.engine.Engine select pg_catalog.version()
[2026-09-21T22:31:50.298+0000] {base.py:1863} INFO - select pg_catalog.version()
[2026-09-21T22:31:50.302+0000] {logging_mixin.py:190} INFO - 2026-09-21 22:31:50,302 INFO sqlalchemy.engine.Engine [raw sql] {}
[2026-09-21T22:31:50.302+0000] {base.py:1868} INFO - [raw sql] {}
[2026-09-21T22:31:50.304+0000] {logging_mixin.py:190} INFO - 2026-09-21 22:31:50,304 INFO sqlalchemy.engine.Engine select current_schema()
[2026-09-21T22:31:50.304+0000] {base.py:1863} INFO - select current_schema()
[2026-09-21T22:31:50.306+0000] {logging_mixin.py:190} INFO - 2026-09-21 22:31:50,306 INFO sqlalchemy.engine.Engine [raw sql] {}
[2026-09-21T22:31:50.306+0000] {base.py:1868} INFO - [raw sql] {}
[2026-09-21T22:31:50.311+0000] {logging_mixin.py:190} INFO - 2026-09-21 22:31:50,311 INFO sqlalchemy.engine.Engine show standard_conforming_strings
[2026-09-21T22:31:50.311+0000] {base.py:1863} INFO - show standard_conforming_strings
[2026-09-21T22:31:50.314+0000] {logging_mixin.py:190} INFO - 2026-09-21 22:31:50,314 INFO sqlalchemy.engine.Engine [raw sql] {}
[2026-09-21T22:31:50.314+0000] {base.py:1868} INFO - [raw sql] {}
[2026-09-21T22:31:50.319+0000] {logging_mixin.py:190} INFO - 2026-09-21 22:31:50,319 INFO sqlalchemy.engine.Engine BEGIN (implicit)
[2026-09-21T22:31:50.319+0000] {base.py:1032} INFO - BEGIN (implicit)
[2026-09-21T22:31:50.322+0000] {logging_mixin.py:190} INFO - 2026-09-21 22:31:50,322 INFO sqlalchemy.engine.Engine select relname from pg_class c join pg_namespace n on n.oid=c.relnamespace where pg_catalog.pg_table_is_visible(c.oid) and relname=%(name)s
[2026-09-21T22:31:50.322+0000] {base.py:1863} INFO - select relname from pg_class c join pg_namespace n on n.oid=c.relnamespace where pg_catalog.pg_table_is_visible(c.oid) and relname=%(name)s
[2026-09-21T22:31:50.324+0000] {logging_mixin.py:190} INFO - 2026-09-21 22:31:50,324 INFO sqlalchemy.engine.Engine [generated in 0.00209s] {'name': 'album'}
[2026-09-21T22:31:50.324+0000] {base.py:1868} INFO - [generated in 0.00209s] {'name': 'album'}
[2026-09-21T22:31:50.326+0000] {logging_mixin.py:190} INFO - 2026-09-21 22:31:50,326 INFO sqlalchemy.engine.Engine COMMIT
[2026-09-21T22:31:50.326+0000] {base.py:1092} INFO - COMMIT
[2026-09-21T22:31:50.330+0000] {logging_mixin.py:190} INFO - Tabla 'album' verificada/creada correctamente.
[2026-09-21T22:31:50.333+0000] {spotify_etl_pro.py:253} INFO - OK. Se creo la Tabla.
[2026-09-21T22:31:50.334+0000] {python.py:240} INFO - Done. Returned value was: None
[2026-09-21T22:31:50.346+0000] {taskinstance.py:340} INFO - ::group::Post task execution logs
[2026-09-21T22:31:50.347+0000] {taskinstance.py:352} INFO - Marking task as SUCCESS. dag_id=spotify_etl_pro, task_id=albun.create_tabla_album, run_id=scheduled__2026-09-20T00:00:00+00:00, execution_date=20260920T000000, start_date=20260921T223149, end_date=20260921T223150
[2026-09-21T22:31:50.387+0000] {local_task_job_runner.py:266} INFO - Task exited with return code 0
[2026-09-21T22:31:50.413+0000] {taskinstance.py:3895} INFO - 0 downstream tasks scheduled from follow-on schedule check
[2026-09-21T22:31:50.414+0000] {local_task_job_runner.py:245} INFO - ::endgroup::
