[2026-09-19T22:51:48.849+0000] {local_task_job_runner.py:123} INFO - ::group::Pre task execution logs
[2026-09-19T22:51:48.870+0000] {taskinstance.py:2613} INFO - Dependencies all met for dep_context=non-requeueable deps ti=<TaskInstance: spotify_etl_pro.artista.create_tabla_artista manual__2026-09-19T22:51:40+00:00 [queued]>
[2026-09-19T22:51:48.879+0000] {taskinstance.py:2613} INFO - Dependencies all met for dep_context=requeueable deps ti=<TaskInstance: spotify_etl_pro.artista.create_tabla_artista manual__2026-09-19T22:51:40+00:00 [queued]>
[2026-09-19T22:51:48.880+0000] {taskinstance.py:2866} INFO - Starting attempt 1 of 1
[2026-09-19T22:51:48.897+0000] {taskinstance.py:2889} INFO - Executing <Task(_PythonDecoratedOperator): artista.create_tabla_artista> on 2026-09-19 22:51:40+00:00
[2026-09-19T22:51:48.907+0000] {standard_task_runner.py:72} INFO - Started process 187 to run task
[2026-09-19T22:51:48.918+0000] {standard_task_runner.py:104} INFO - Running: ['airflow', 'tasks', 'run', 'spotify_etl_pro', 'artista.create_tabla_artista', 'manual__2026-09-19T22:51:40+00:00', '--job-id', '647', '--raw', '--subdir', 'DAGS_FOLDER/spotify_etl_pro.py', '--cfg-path', '/tmp/tmpzzmj71ce']
[2026-09-19T22:51:48.921+0000] {standard_task_runner.py:105} INFO - Job 647: Subtask artista.create_tabla_artista
[2026-09-19T22:51:49.028+0000] {task_command.py:467} INFO - Running <TaskInstance: spotify_etl_pro.artista.create_tabla_artista manual__2026-09-19T22:51:40+00:00 [running]> on host 96d0bddc4644
[2026-09-19T22:51:49.175+0000] {taskinstance.py:3132} INFO - Exporting env vars: AIRFLOW_CTX_DAG_OWNER='airflow' AIRFLOW_CTX_DAG_ID='spotify_etl_pro' AIRFLOW_CTX_TASK_ID='artista.create_tabla_artista' AIRFLOW_CTX_EXECUTION_DATE='2026-09-19T22:51:40+00:00' AIRFLOW_CTX_TRY_NUMBER='1' AIRFLOW_CTX_DAG_RUN_ID='manual__2026-09-19T22:51:40+00:00'
[2026-09-19T22:51:49.176+0000] {taskinstance.py:731} INFO - ::endgroup::
[2026-09-19T22:51:49.289+0000] {logging_mixin.py:190} INFO - 2026-09-19 22:51:49,289 INFO sqlalchemy.engine.Engine select pg_catalog.version()
[2026-09-19T22:51:49.289+0000] {base.py:1863} INFO - select pg_catalog.version()
[2026-09-19T22:51:49.289+0000] {logging_mixin.py:190} INFO - 2026-09-19 22:51:49,289 INFO sqlalchemy.engine.Engine [raw sql] {}
[2026-09-19T22:51:49.289+0000] {base.py:1868} INFO - [raw sql] {}
[2026-09-19T22:51:49.292+0000] {logging_mixin.py:190} INFO - 2026-09-19 22:51:49,292 INFO sqlalchemy.engine.Engine select current_schema()
[2026-09-19T22:51:49.292+0000] {base.py:1863} INFO - select current_schema()
[2026-09-19T22:51:49.292+0000] {logging_mixin.py:190} INFO - 2026-09-19 22:51:49,292 INFO sqlalchemy.engine.Engine [raw sql] {}
[2026-09-19T22:51:49.292+0000] {base.py:1868} INFO - [raw sql] {}
[2026-09-19T22:51:49.294+0000] {logging_mixin.py:190} INFO - 2026-09-19 22:51:49,294 INFO sqlalchemy.engine.Engine show standard_conforming_strings
[2026-09-19T22:51:49.294+0000] {base.py:1863} INFO - show standard_conforming_strings
[2026-09-19T22:51:49.294+0000] {logging_mixin.py:190} INFO - 2026-09-19 22:51:49,294 INFO sqlalchemy.engine.Engine [raw sql] {}
[2026-09-19T22:51:49.294+0000] {base.py:1868} INFO - [raw sql] {}
[2026-09-19T22:51:49.297+0000] {logging_mixin.py:190} INFO - 2026-09-19 22:51:49,297 INFO sqlalchemy.engine.Engine BEGIN (implicit)
[2026-09-19T22:51:49.297+0000] {base.py:1032} INFO - BEGIN (implicit)
[2026-09-19T22:51:49.304+0000] {logging_mixin.py:190} INFO - 2026-09-19 22:51:49,304 INFO sqlalchemy.engine.Engine select relname from pg_class c join pg_namespace n on n.oid=c.relnamespace where pg_catalog.pg_table_is_visible(c.oid) and relname=%(name)s
[2026-09-19T22:51:49.304+0000] {base.py:1863} INFO - select relname from pg_class c join pg_namespace n on n.oid=c.relnamespace where pg_catalog.pg_table_is_visible(c.oid) and relname=%(name)s
[2026-09-19T22:51:49.305+0000] {logging_mixin.py:190} INFO - 2026-09-19 22:51:49,304 INFO sqlalchemy.engine.Engine [generated in 0.00131s] {'name': 'artista'}
[2026-09-19T22:51:49.304+0000] {base.py:1868} INFO - [generated in 0.00131s] {'name': 'artista'}
[2026-09-19T22:51:49.306+0000] {logging_mixin.py:190} INFO - 2026-09-19 22:51:49,306 INFO sqlalchemy.engine.Engine COMMIT
[2026-09-19T22:51:49.306+0000] {base.py:1092} INFO - COMMIT
[2026-09-19T22:51:49.307+0000] {logging_mixin.py:190} INFO - Tabla 'artista' verificada/creada correctamente.
[2026-09-19T22:51:49.308+0000] {spotify_etl_pro.py:244} INFO - OK. Se creo la Tabla
[2026-09-19T22:51:49.308+0000] {python.py:240} INFO - Done. Returned value was: None
[2026-09-19T22:51:49.319+0000] {taskinstance.py:340} INFO - ::group::Post task execution logs
[2026-09-19T22:51:49.319+0000] {taskinstance.py:352} INFO - Marking task as SUCCESS. dag_id=spotify_etl_pro, task_id=artista.create_tabla_artista, run_id=manual__2026-09-19T22:51:40+00:00, execution_date=20260919T225140, start_date=20260919T225148, end_date=20260919T225149
[2026-09-19T22:51:49.339+0000] {local_task_job_runner.py:266} INFO - Task exited with return code 0
[2026-09-19T22:51:49.348+0000] {local_task_job_runner.py:245} INFO - ::endgroup::
