[2026-09-23T04:25:50.216+0000] {local_task_job_runner.py:123} INFO - ::group::Pre task execution logs
[2026-09-23T04:25:50.383+0000] {taskinstance.py:2613} INFO - Dependencies all met for dep_context=non-requeueable deps ti=<TaskInstance: spotify_etl_pro.condicion_proceso_canciones manual__2026-09-23T04:21:33+00:00 [queued]>
[2026-09-23T04:25:50.422+0000] {taskinstance.py:2613} INFO - Dependencies all met for dep_context=requeueable deps ti=<TaskInstance: spotify_etl_pro.condicion_proceso_canciones manual__2026-09-23T04:21:33+00:00 [queued]>
[2026-09-23T04:25:50.431+0000] {taskinstance.py:2866} INFO - Starting attempt 1 of 3
[2026-09-23T04:25:50.497+0000] {taskinstance.py:2889} INFO - Executing <Task(ShortCircuitOperator): condicion_proceso_canciones> on 2026-09-23 04:21:33+00:00
[2026-09-23T04:25:50.546+0000] {standard_task_runner.py:72} INFO - Started process 3305 to run task
[2026-09-23T04:25:50.659+0000] {standard_task_runner.py:104} INFO - Running: ['airflow', 'tasks', 'run', 'spotify_etl_pro', 'condicion_proceso_canciones', 'manual__2026-09-23T04:21:33+00:00', '--job-id', '1046', '--raw', '--subdir', 'DAGS_FOLDER/spotify_etl_pro.py', '--cfg-path', '/tmp/tmpa1gp63d0']
[2026-09-23T04:25:50.700+0000] {standard_task_runner.py:105} INFO - Job 1046: Subtask condicion_proceso_canciones
[2026-09-23T04:25:51.034+0000] {task_command.py:467} INFO - Running <TaskInstance: spotify_etl_pro.condicion_proceso_canciones manual__2026-09-23T04:21:33+00:00 [running]> on host 96d0bddc4644
[2026-09-23T04:25:51.309+0000] {taskinstance.py:3132} INFO - Exporting env vars: AIRFLOW_CTX_DAG_OWNER='axel' AIRFLOW_CTX_DAG_ID='spotify_etl_pro' AIRFLOW_CTX_TASK_ID='condicion_proceso_canciones' AIRFLOW_CTX_EXECUTION_DATE='2026-09-23T04:21:33+00:00' AIRFLOW_CTX_TRY_NUMBER='1' AIRFLOW_CTX_DAG_RUN_ID='manual__2026-09-23T04:21:33+00:00'
[2026-09-23T04:25:51.322+0000] {taskinstance.py:731} INFO - ::endgroup::
[2026-09-23T04:25:51.337+0000] {baseoperator.py:416} WARNING - ShortCircuitOperator.execute cannot be called outside TaskInstance!
[2026-09-23T04:25:51.347+0000] {python.py:240} INFO - Done. Returned value was: True
[2026-09-23T04:25:51.352+0000] {python.py:309} INFO - Condition result is True
[2026-09-23T04:25:51.354+0000] {python.py:312} INFO - Proceeding with downstream tasks...
[2026-09-23T04:25:51.475+0000] {taskinstance.py:340} INFO - ::group::Post task execution logs
[2026-09-23T04:25:51.477+0000] {taskinstance.py:352} INFO - Marking task as SUCCESS. dag_id=spotify_etl_pro, task_id=condicion_proceso_canciones, run_id=manual__2026-09-23T04:21:33+00:00, execution_date=20260923T042133, start_date=20260923T042550, end_date=20260923T042551
[2026-09-23T04:25:51.619+0000] {local_task_job_runner.py:266} INFO - Task exited with return code 0
[2026-09-23T04:25:51.946+0000] {taskinstance.py:3895} INFO - 0 downstream tasks scheduled from follow-on schedule check
[2026-09-23T04:25:51.957+0000] {local_task_job_runner.py:245} INFO - ::endgroup::
