[2026-09-22T04:45:20.538+0000] {local_task_job_runner.py:123} INFO - ::group::Pre task execution logs
[2026-09-22T04:45:20.549+0000] {taskinstance.py:2613} INFO - Dependencies all met for dep_context=non-requeueable deps ti=<TaskInstance: spotify_etl_pro.canciones.subir_inf_tracks manual__2026-09-22T04:42:46+00:00 [queued]>
[2026-09-22T04:45:20.554+0000] {taskinstance.py:2613} INFO - Dependencies all met for dep_context=requeueable deps ti=<TaskInstance: spotify_etl_pro.canciones.subir_inf_tracks manual__2026-09-22T04:42:46+00:00 [queued]>
[2026-09-22T04:45:20.555+0000] {taskinstance.py:2866} INFO - Starting attempt 1 of 3
[2026-09-22T04:45:20.561+0000] {taskinstance.py:2889} INFO - Executing <Task(_PythonDecoratedOperator): canciones.subir_inf_tracks> on 2026-09-22 04:42:46+00:00
[2026-09-22T04:45:20.566+0000] {standard_task_runner.py:72} INFO - Started process 3287 to run task
[2026-09-22T04:45:20.571+0000] {standard_task_runner.py:104} INFO - Running: ['airflow', 'tasks', 'run', 'spotify_etl_pro', 'canciones.subir_inf_tracks', 'manual__2026-09-22T04:42:46+00:00', '--job-id', '873', '--raw', '--subdir', 'DAGS_FOLDER/spotify_etl_pro.py', '--cfg-path', '/tmp/tmp_md58k3i']
[2026-09-22T04:45:20.574+0000] {standard_task_runner.py:105} INFO - Job 873: Subtask canciones.subir_inf_tracks
[2026-09-22T04:45:20.619+0000] {task_command.py:467} INFO - Running <TaskInstance: spotify_etl_pro.canciones.subir_inf_tracks manual__2026-09-22T04:42:46+00:00 [running]> on host 96d0bddc4644
[2026-09-22T04:45:20.695+0000] {taskinstance.py:3132} INFO - Exporting env vars: AIRFLOW_CTX_DAG_OWNER='axel' AIRFLOW_CTX_DAG_ID='spotify_etl_pro' AIRFLOW_CTX_TASK_ID='canciones.subir_inf_tracks' AIRFLOW_CTX_EXECUTION_DATE='2026-09-22T04:42:46+00:00' AIRFLOW_CTX_TRY_NUMBER='1' AIRFLOW_CTX_DAG_RUN_ID='manual__2026-09-22T04:42:46+00:00'
[2026-09-22T04:45:20.697+0000] {taskinstance.py:731} INFO - ::endgroup::
[2026-09-22T04:45:20.699+0000] {base.py:1032} INFO - BEGIN (implicit)
[2026-09-22T04:45:20.701+0000] {base.py:1863} INFO - INSERT INTO canciones (nombre_cancion, id_spotify, num_cancion, duracion, id_album) VALUES (%(nombre_cancion)s, %(id_spotify)s, %(num_cancion)s, %(duracion)s, %(id_album)s)
[2026-09-22T04:45:20.701+0000] {base.py:1868} INFO - [generated in 0.00178s] ({'nombre_cancion': 'Step', 'id_spotify': '3Kv6sMC4N5zEWkTugluCV8', 'num_cancion': 1, 'duracion': 214723, 'id_album': None}, {'nombre_cancion': 'Lied 2 U', 'id_spotify': '59gUNCV3DJZIEJfEZmBqKQ', 'num_cancion': 2, 'duracion': 167276, 'id_album': None}, {'nombre_cancion': 'Slid Off', 'id_spotify': '08A6jwlSiLBubvr4WjHF0b', 'num_cancion': 3, 'duracion': 140924, 'id_album': None}, {'nombre_cancion': 'Daddy Rich', 'id_spotify': '33h8FeXNW7mHfbyCab3TL6', 'num_cancion': 4, 'duracion': 13412, 'id_album': None}, {'nombre_cancion': 'Stop Counting My Poccets', 'id_spotify': '2TEpOh4ROxqIU2nd4bYa7o', 'num_cancion': 5, 'duracion': 123865, 'id_album': None}, {'nombre_cancion': 'OG to BG', 'id_spotify': '0bNBcSFpd0gMYQAYCZycn1', 'num_cancion': 6, 'duracion': 149709, 'id_album': None}, {'nombre_cancion': 'Dogg Wattup Doe', 'id_spotify': '1h39l7NbaXx5tzuKMVIoe1', 'num_cancion': 7, 'duracion': 157731, 'id_album': None}, {'nombre_cancion': 'Leave That Dogg Alone', 'id_spotify': '0c3C4o45M0EvgzAYuGqocw', 'num_cancion': 8, 'duracion': 137856, 'id_album': None}  ... displaying 10 of 678 total bound parameter sets ...  {'nombre_cancion': 'Gz and Hustlas', 'id_spotify': '3gTPlYouwH2OoVbMQBB4UC', 'num_cancion': 12, 'duracion': 275893, 'id_album': None}, {'nombre_cancion': 'Pump Pump', 'id_spotify': '4h4DwmPoliocSmF7J33pDP', 'num_cancion': 13, 'duracion': 279280, 'id_album': None})
[2026-09-22T04:45:20.709+0000] {base.py:1060} INFO - ROLLBACK
[2026-09-22T04:45:20.710+0000] {logging_mixin.py:190} INFO - ERROR: (psycopg2.errors.NotNullViolation) null value in column "id_album" of relation "canciones" violates not-null constraint
DETAIL:  Failing row contains (5649, Step, 3Kv6sMC4N5zEWkTugluCV8, 1, 214723, null).

[SQL: INSERT INTO canciones (nombre_cancion, id_spotify, num_cancion, duracion, id_album) VALUES (%(nombre_cancion)s, %(id_spotify)s, %(num_cancion)s, %(duracion)s, %(id_album)s)]
[parameters: ({'nombre_cancion': 'Step', 'id_spotify': '3Kv6sMC4N5zEWkTugluCV8', 'num_cancion': 1, 'duracion': 214723, 'id_album': None}, {'nombre_cancion': 'Lied 2 U', 'id_spotify': '59gUNCV3DJZIEJfEZmBqKQ', 'num_cancion': 2, 'duracion': 167276, 'id_album': None}, {'nombre_cancion': 'Slid Off', 'id_spotify': '08A6jwlSiLBubvr4WjHF0b', 'num_cancion': 3, 'duracion': 140924, 'id_album': None}, {'nombre_cancion': 'Daddy Rich', 'id_spotify': '33h8FeXNW7mHfbyCab3TL6', 'num_cancion': 4, 'duracion': 13412, 'id_album': None}, {'nombre_cancion': 'Stop Counting My Poccets', 'id_spotify': '2TEpOh4ROxqIU2nd4bYa7o', 'num_cancion': 5, 'duracion': 123865, 'id_album': None}, {'nombre_cancion': 'OG to BG', 'id_spotify': '0bNBcSFpd0gMYQAYCZycn1', 'num_cancion': 6, 'duracion': 149709, 'id_album': None}, {'nombre_cancion': 'Dogg Wattup Doe', 'id_spotify': '1h39l7NbaXx5tzuKMVIoe1', 'num_cancion': 7, 'duracion': 157731, 'id_album': None}, {'nombre_cancion': 'Leave That Dogg Alone', 'id_spotify': '0c3C4o45M0EvgzAYuGqocw', 'num_cancion': 8, 'duracion': 137856, 'id_album': None}  ... displaying 10 of 678 total bound parameter sets ...  {'nombre_cancion': 'Gz and Hustlas', 'id_spotify': '3gTPlYouwH2OoVbMQBB4UC', 'num_cancion': 12, 'duracion': 275893, 'id_album': None}, {'nombre_cancion': 'Pump Pump', 'id_spotify': '4h4DwmPoliocSmF7J33pDP', 'num_cancion': 13, 'duracion': 279280, 'id_album': None})]
(Background on this error at: https://sqlalche.me/e/14/gkpj)
[2026-09-22T04:45:20.711+0000] {spotify_etl_pro.py:305} INFO - OK. Se ingreso la informacion en la tabla
[2026-09-22T04:45:20.711+0000] {python.py:240} INFO - Done. Returned value was: None
[2026-09-22T04:45:20.726+0000] {taskinstance.py:340} INFO - ::group::Post task execution logs
[2026-09-22T04:45:20.727+0000] {taskinstance.py:352} INFO - Marking task as SUCCESS. dag_id=spotify_etl_pro, task_id=canciones.subir_inf_tracks, run_id=manual__2026-09-22T04:42:46+00:00, execution_date=20260922T044246, start_date=20260922T044520, end_date=20260922T044520
[2026-09-22T04:45:20.787+0000] {local_task_job_runner.py:266} INFO - Task exited with return code 0
[2026-09-22T04:45:20.811+0000] {taskinstance.py:3895} INFO - 0 downstream tasks scheduled from follow-on schedule check
[2026-09-22T04:45:20.812+0000] {local_task_job_runner.py:245} INFO - ::endgroup::
