[2026-09-23T03:19:32.949+0000] {local_task_job_runner.py:123} INFO - ::group::Pre task execution logs
[2026-09-23T03:19:32.969+0000] {taskinstance.py:2613} INFO - Dependencies all met for dep_context=non-requeueable deps ti=<TaskInstance: spotify_etl_pro.artista.subir_inf_artista manual__2026-09-23T03:16:12+00:00 [queued]>
[2026-09-23T03:19:32.982+0000] {taskinstance.py:2613} INFO - Dependencies all met for dep_context=requeueable deps ti=<TaskInstance: spotify_etl_pro.artista.subir_inf_artista manual__2026-09-23T03:16:12+00:00 [queued]>
[2026-09-23T03:19:32.983+0000] {taskinstance.py:2866} INFO - Starting attempt 1 of 3
[2026-09-23T03:19:32.998+0000] {taskinstance.py:2889} INFO - Executing <Task(_PythonDecoratedOperator): artista.subir_inf_artista> on 2026-09-23 03:16:12+00:00
[2026-09-23T03:19:33.017+0000] {standard_task_runner.py:72} INFO - Started process 2344 to run task
[2026-09-23T03:19:33.040+0000] {standard_task_runner.py:104} INFO - Running: ['airflow', 'tasks', 'run', 'spotify_etl_pro', 'artista.subir_inf_artista', 'manual__2026-09-23T03:16:12+00:00', '--job-id', '1004', '--raw', '--subdir', 'DAGS_FOLDER/spotify_etl_pro.py', '--cfg-path', '/tmp/tmpm2_azddc']
[2026-09-23T03:19:33.049+0000] {standard_task_runner.py:105} INFO - Job 1004: Subtask artista.subir_inf_artista
[2026-09-23T03:19:33.152+0000] {task_command.py:467} INFO - Running <TaskInstance: spotify_etl_pro.artista.subir_inf_artista manual__2026-09-23T03:16:12+00:00 [running]> on host 96d0bddc4644
[2026-09-23T03:19:33.510+0000] {taskinstance.py:3132} INFO - Exporting env vars: AIRFLOW_CTX_DAG_OWNER='axel' AIRFLOW_CTX_DAG_ID='spotify_etl_pro' AIRFLOW_CTX_TASK_ID='artista.subir_inf_artista' AIRFLOW_CTX_EXECUTION_DATE='2026-09-23T03:16:12+00:00' AIRFLOW_CTX_TRY_NUMBER='1' AIRFLOW_CTX_DAG_RUN_ID='manual__2026-09-23T03:16:12+00:00'
[2026-09-23T03:19:33.523+0000] {taskinstance.py:731} INFO - ::endgroup::
[2026-09-23T03:19:33.535+0000] {base.py:1032} INFO - BEGIN (implicit)
[2026-09-23T03:19:33.540+0000] {base.py:1863} INFO - INSERT INTO artista (nombre_artista, id_spotify) VALUES (%(nombre_artista)s, %(id_spotify)s) RETURNING artista.id_artista
[2026-09-23T03:19:33.543+0000] {base.py:1868} INFO - [generated in 0.00287s] {'nombre_artista': 'Bad Bunny', 'id_spotify': '4q3ewBCX7sLwd24euuV69X'}
[2026-09-23T03:19:33.550+0000] {base.py:1060} INFO - ROLLBACK
[2026-09-23T03:19:33.553+0000] {logging_mixin.py:190} INFO - ERROR: (psycopg2.errors.UniqueViolation) duplicate key value violates unique constraint "artista_id_spotify_key"
DETAIL:  Key (id_spotify)=(4q3ewBCX7sLwd24euuV69X) already exists.

[SQL: INSERT INTO artista (nombre_artista, id_spotify) VALUES (%(nombre_artista)s, %(id_spotify)s) RETURNING artista.id_artista]
[parameters: {'nombre_artista': 'Bad Bunny', 'id_spotify': '4q3ewBCX7sLwd24euuV69X'}]
(Background on this error at: https://sqlalche.me/e/14/gkpj)
[2026-09-23T03:19:33.554+0000] {spotify_etl_pro.py:287} INFO - OK. Se ingreso la informacion en la tabla
[2026-09-23T03:19:33.554+0000] {python.py:240} INFO - Done. Returned value was: None
[2026-09-23T03:19:33.586+0000] {taskinstance.py:340} INFO - ::group::Post task execution logs
[2026-09-23T03:19:33.588+0000] {taskinstance.py:352} INFO - Marking task as SUCCESS. dag_id=spotify_etl_pro, task_id=artista.subir_inf_artista, run_id=manual__2026-09-23T03:16:12+00:00, execution_date=20260923T031612, start_date=20260923T031932, end_date=20260923T031933
[2026-09-23T03:19:33.651+0000] {local_task_job_runner.py:266} INFO - Task exited with return code 0
[2026-09-23T03:19:33.734+0000] {taskinstance.py:3895} INFO - 0 downstream tasks scheduled from follow-on schedule check
[2026-09-23T03:19:33.736+0000] {local_task_job_runner.py:245} INFO - ::endgroup::
