[2026-09-22T03:56:05.731+0000] {local_task_job_runner.py:123} INFO - ::group::Pre task execution logs
[2026-09-22T03:56:05.743+0000] {taskinstance.py:2613} INFO - Dependencies all met for dep_context=non-requeueable deps ti=<TaskInstance: spotify_etl_pro.condicion_proceso_album manual__2026-09-22T03:55:18+00:00 [queued]>
[2026-09-22T03:56:05.748+0000] {taskinstance.py:2613} INFO - Dependencies all met for dep_context=requeueable deps ti=<TaskInstance: spotify_etl_pro.condicion_proceso_album manual__2026-09-22T03:55:18+00:00 [queued]>
[2026-09-22T03:56:05.749+0000] {taskinstance.py:2866} INFO - Starting attempt 1 of 3
[2026-09-22T03:56:05.755+0000] {taskinstance.py:2889} INFO - Executing <Task(ShortCircuitOperator): condicion_proceso_album> on 2026-09-22 03:55:18+00:00
[2026-09-22T03:56:05.758+0000] {standard_task_runner.py:72} INFO - Started process 2415 to run task
[2026-09-22T03:56:05.761+0000] {standard_task_runner.py:104} INFO - Running: ['airflow', 'tasks', 'run', 'spotify_etl_pro', 'condicion_proceso_album', 'manual__2026-09-22T03:55:18+00:00', '--job-id', '804', '--raw', '--subdir', 'DAGS_FOLDER/spotify_etl_pro.py', '--cfg-path', '/tmp/tmp8m4585zk']
[2026-09-22T03:56:05.763+0000] {standard_task_runner.py:105} INFO - Job 804: Subtask condicion_proceso_album
[2026-09-22T03:56:05.799+0000] {task_command.py:467} INFO - Running <TaskInstance: spotify_etl_pro.condicion_proceso_album manual__2026-09-22T03:55:18+00:00 [running]> on host 96d0bddc4644
[2026-09-22T03:56:05.849+0000] {taskinstance.py:3132} INFO - Exporting env vars: AIRFLOW_CTX_DAG_OWNER='axel' AIRFLOW_CTX_DAG_ID='spotify_etl_pro' AIRFLOW_CTX_TASK_ID='condicion_proceso_album' AIRFLOW_CTX_EXECUTION_DATE='2026-09-22T03:55:18+00:00' AIRFLOW_CTX_TRY_NUMBER='1' AIRFLOW_CTX_DAG_RUN_ID='manual__2026-09-22T03:55:18+00:00'
[2026-09-22T03:56:05.849+0000] {taskinstance.py:731} INFO - ::endgroup::
[2026-09-22T03:56:05.851+0000] {baseoperator.py:416} WARNING - ShortCircuitOperator.execute cannot be called outside TaskInstance!
[2026-09-22T03:56:05.851+0000] {python.py:240} INFO - Done. Returned value was: False
[2026-09-22T03:56:05.851+0000] {python.py:309} INFO - Condition result is False
[2026-09-22T03:56:05.851+0000] {python.py:336} INFO - Skipping downstream tasks
[2026-09-22T03:56:05.870+0000] {python.py:344} INFO - Done.
[2026-09-22T03:56:05.887+0000] {taskinstance.py:340} INFO - ::group::Post task execution logs
[2026-09-22T03:56:05.888+0000] {taskinstance.py:352} INFO - Marking task as SUCCESS. dag_id=spotify_etl_pro, task_id=condicion_proceso_album, run_id=manual__2026-09-22T03:55:18+00:00, execution_date=20260922T035518, start_date=20260922T035605, end_date=20260922T035605
[2026-09-22T03:56:05.896+0000] {local_task_job_runner.py:266} INFO - Task exited with return code 0
[2026-09-22T03:56:05.910+0000] {taskinstance.py:3895} INFO - 0 downstream tasks scheduled from follow-on schedule check
[2026-09-22T03:56:05.910+0000] {local_task_job_runner.py:245} INFO - ::endgroup::
