[2026-09-23T02:54:29.967+0000] {local_task_job_runner.py:123} INFO - ::group::Pre task execution logs
[2026-09-23T02:54:30.029+0000] {taskinstance.py:2613} INFO - Dependencies all met for dep_context=non-requeueable deps ti=<TaskInstance: spotify_etl_pro.canciones.create_tabla_canciones manual__2026-09-23T02:54:10+00:00 [queued]>
[2026-09-23T02:54:30.054+0000] {taskinstance.py:2613} INFO - Dependencies all met for dep_context=requeueable deps ti=<TaskInstance: spotify_etl_pro.canciones.create_tabla_canciones manual__2026-09-23T02:54:10+00:00 [queued]>
[2026-09-23T02:54:30.055+0000] {taskinstance.py:2866} INFO - Starting attempt 1 of 3
[2026-09-23T02:54:30.098+0000] {taskinstance.py:2889} INFO - Executing <Task(_PythonDecoratedOperator): canciones.create_tabla_canciones> on 2026-09-23 02:54:10+00:00
[2026-09-23T02:54:30.144+0000] {standard_task_runner.py:72} INFO - Started process 1946 to run task
[2026-09-23T02:54:30.171+0000] {standard_task_runner.py:104} INFO - Running: ['airflow', 'tasks', 'run', 'spotify_etl_pro', 'canciones.create_tabla_canciones', 'manual__2026-09-23T02:54:10+00:00', '--job-id', '957', '--raw', '--subdir', 'DAGS_FOLDER/spotify_etl_pro.py', '--cfg-path', '/tmp/tmpg8y9osuk']
[2026-09-23T02:54:30.195+0000] {standard_task_runner.py:105} INFO - Job 957: Subtask canciones.create_tabla_canciones
[2026-09-23T02:54:30.987+0000] {task_command.py:467} INFO - Running <TaskInstance: spotify_etl_pro.canciones.create_tabla_canciones manual__2026-09-23T02:54:10+00:00 [running]> on host 96d0bddc4644
[2026-09-23T02:54:33.594+0000] {taskinstance.py:3132} INFO - Exporting env vars: AIRFLOW_CTX_DAG_OWNER='axel' AIRFLOW_CTX_DAG_ID='spotify_etl_pro' AIRFLOW_CTX_TASK_ID='canciones.create_tabla_canciones' AIRFLOW_CTX_EXECUTION_DATE='2026-09-23T02:54:10+00:00' AIRFLOW_CTX_TRY_NUMBER='1' AIRFLOW_CTX_DAG_RUN_ID='manual__2026-09-23T02:54:10+00:00'
[2026-09-23T02:54:33.697+0000] {taskinstance.py:731} INFO - ::endgroup::
[2026-09-23T02:54:33.799+0000] {base.py:1032} INFO - BEGIN (implicit)
[2026-09-23T02:54:33.824+0000] {base.py:1863} INFO - select relname from pg_class c join pg_namespace n on n.oid=c.relnamespace where pg_catalog.pg_table_is_visible(c.oid) and relname=%(name)s
[2026-09-23T02:54:33.828+0000] {base.py:1868} INFO - [generated in 0.00573s] {'name': 'canciones'}
[2026-09-23T02:54:33.876+0000] {base.py:1092} INFO - COMMIT
[2026-09-23T02:54:33.885+0000] {logging_mixin.py:190} INFO - Tabla 'canciones' verificada/creada correctamente.
[2026-09-23T02:54:33.892+0000] {spotify_etl_pro.py:269} INFO - OK. Se creo la Tabla.
[2026-09-23T02:54:33.895+0000] {python.py:240} INFO - Done. Returned value was: None
[2026-09-23T02:54:34.022+0000] {taskinstance.py:340} INFO - ::group::Post task execution logs
[2026-09-23T02:54:34.023+0000] {taskinstance.py:352} INFO - Marking task as SUCCESS. dag_id=spotify_etl_pro, task_id=canciones.create_tabla_canciones, run_id=manual__2026-09-23T02:54:10+00:00, execution_date=20260923T025410, start_date=20260923T025430, end_date=20260923T025434
[2026-09-23T02:54:34.208+0000] {local_task_job_runner.py:266} INFO - Task exited with return code 0
[2026-09-23T02:54:34.595+0000] {taskinstance.py:3895} INFO - 0 downstream tasks scheduled from follow-on schedule check
[2026-09-23T02:54:34.613+0000] {local_task_job_runner.py:245} INFO - ::endgroup::
