[2026-09-22T01:37:11.303+0000] {local_task_job_runner.py:123} INFO - ::group::Pre task execution logs
[2026-09-22T01:37:11.318+0000] {taskinstance.py:2613} INFO - Dependencies all met for dep_context=non-requeueable deps ti=<TaskInstance: spotify_etl_pro.artista.subir_inf_artista scheduled__2026-09-21T00:00:00+00:00 [queued]>
[2026-09-22T01:37:11.324+0000] {taskinstance.py:2613} INFO - Dependencies all met for dep_context=requeueable deps ti=<TaskInstance: spotify_etl_pro.artista.subir_inf_artista scheduled__2026-09-21T00:00:00+00:00 [queued]>
[2026-09-22T01:37:11.325+0000] {taskinstance.py:2866} INFO - Starting attempt 1 of 3
[2026-09-22T01:37:11.334+0000] {taskinstance.py:2889} INFO - Executing <Task(_PythonDecoratedOperator): artista.subir_inf_artista> on 2026-09-21 00:00:00+00:00
[2026-09-22T01:37:11.338+0000] {standard_task_runner.py:72} INFO - Started process 1445 to run task
[2026-09-22T01:37:11.342+0000] {standard_task_runner.py:104} INFO - Running: ['airflow', 'tasks', 'run', 'spotify_etl_pro', 'artista.subir_inf_artista', 'scheduled__2026-09-21T00:00:00+00:00', '--job-id', '750', '--raw', '--subdir', 'DAGS_FOLDER/spotify_etl_pro.py', '--cfg-path', '/tmp/tmpmop4cg2v']
[2026-09-22T01:37:11.344+0000] {standard_task_runner.py:105} INFO - Job 750: Subtask artista.subir_inf_artista
[2026-09-22T01:37:11.380+0000] {task_command.py:467} INFO - Running <TaskInstance: spotify_etl_pro.artista.subir_inf_artista scheduled__2026-09-21T00:00:00+00:00 [running]> on host 96d0bddc4644
[2026-09-22T01:37:11.436+0000] {taskinstance.py:3132} INFO - Exporting env vars: AIRFLOW_CTX_DAG_OWNER='axel' AIRFLOW_CTX_DAG_ID='spotify_etl_pro' AIRFLOW_CTX_TASK_ID='artista.subir_inf_artista' AIRFLOW_CTX_EXECUTION_DATE='2026-09-21T00:00:00+00:00' AIRFLOW_CTX_TRY_NUMBER='1' AIRFLOW_CTX_DAG_RUN_ID='scheduled__2026-09-21T00:00:00+00:00'
[2026-09-22T01:37:11.437+0000] {taskinstance.py:731} INFO - ::endgroup::
[2026-09-22T01:37:11.438+0000] {base.py:1032} INFO - BEGIN (implicit)
[2026-09-22T01:37:11.439+0000] {base.py:1863} INFO - INSERT INTO artista (nombre_artista, id_spotify) VALUES (%(nombre_artista)s, %(id_spotify)s) RETURNING artista.id_artista
[2026-09-22T01:37:11.439+0000] {base.py:1868} INFO - [generated in 0.00025s] {'nombre_artista': 'Bad Bunny', 'id_spotify': '4q3ewBCX7sLwd24euuV69X'}
[2026-09-22T01:37:11.441+0000] {base.py:1060} INFO - ROLLBACK
[2026-09-22T01:37:11.441+0000] {logging_mixin.py:190} INFO - ERROR: (psycopg2.errors.UniqueViolation) duplicate key value violates unique constraint "artista_id_spotify_key"
DETAIL:  Key (id_spotify)=(4q3ewBCX7sLwd24euuV69X) already exists.

[SQL: INSERT INTO artista (nombre_artista, id_spotify) VALUES (%(nombre_artista)s, %(id_spotify)s) RETURNING artista.id_artista]
[parameters: {'nombre_artista': 'Bad Bunny', 'id_spotify': '4q3ewBCX7sLwd24euuV69X'}]
(Background on this error at: https://sqlalche.me/e/14/gkpj)
[2026-09-22T01:37:11.441+0000] {spotify_etl_pro.py:280} INFO - OK. Se ingreso la informacion en la tabla
[2026-09-22T01:37:11.441+0000] {python.py:240} INFO - Done. Returned value was: None
[2026-09-22T01:37:11.448+0000] {taskinstance.py:340} INFO - ::group::Post task execution logs
[2026-09-22T01:37:11.448+0000] {taskinstance.py:352} INFO - Marking task as SUCCESS. dag_id=spotify_etl_pro, task_id=artista.subir_inf_artista, run_id=scheduled__2026-09-21T00:00:00+00:00, execution_date=20260921T000000, start_date=20260922T013711, end_date=20260922T013711
[2026-09-22T01:37:11.476+0000] {local_task_job_runner.py:266} INFO - Task exited with return code 0
[2026-09-22T01:37:11.496+0000] {taskinstance.py:3895} INFO - 0 downstream tasks scheduled from follow-on schedule check
[2026-09-22T01:37:11.497+0000] {local_task_job_runner.py:245} INFO - ::endgroup::
