[2026-09-23T03:08:14.906+0000] {local_task_job_runner.py:123} INFO - ::group::Pre task execution logs
[2026-09-23T03:08:14.920+0000] {taskinstance.py:2613} INFO - Dependencies all met for dep_context=non-requeueable deps ti=<TaskInstance: spotify_etl_pro.artista_bq_historico.subir_inf_artista_bigquerry manual__2026-09-23T03:07:22+00:00 [queued]>
[2026-09-23T03:08:14.925+0000] {taskinstance.py:2613} INFO - Dependencies all met for dep_context=requeueable deps ti=<TaskInstance: spotify_etl_pro.artista_bq_historico.subir_inf_artista_bigquerry manual__2026-09-23T03:07:22+00:00 [queued]>
[2026-09-23T03:08:14.925+0000] {taskinstance.py:2866} INFO - Starting attempt 1 of 3
[2026-09-23T03:08:14.931+0000] {taskinstance.py:2889} INFO - Executing <Task(_PythonDecoratedOperator): artista_bq_historico.subir_inf_artista_bigquerry> on 2026-09-23 03:07:22+00:00
[2026-09-23T03:08:14.935+0000] {standard_task_runner.py:72} INFO - Started process 2158 to run task
[2026-09-23T03:08:14.950+0000] {standard_task_runner.py:104} INFO - Running: ['airflow', 'tasks', 'run', 'spotify_etl_pro', 'artista_bq_historico.subir_inf_artista_bigquerry', 'manual__2026-09-23T03:07:22+00:00', '--job-id', '982', '--raw', '--subdir', 'DAGS_FOLDER/spotify_etl_pro.py', '--cfg-path', '/tmp/tmpjxshiwih']
[2026-09-23T03:08:14.953+0000] {standard_task_runner.py:105} INFO - Job 982: Subtask artista_bq_historico.subir_inf_artista_bigquerry
[2026-09-23T03:08:15.018+0000] {task_command.py:467} INFO - Running <TaskInstance: spotify_etl_pro.artista_bq_historico.subir_inf_artista_bigquerry manual__2026-09-23T03:07:22+00:00 [running]> on host 96d0bddc4644
[2026-09-23T03:08:15.149+0000] {taskinstance.py:3132} INFO - Exporting env vars: AIRFLOW_CTX_DAG_OWNER='axel' AIRFLOW_CTX_DAG_ID='spotify_etl_pro' AIRFLOW_CTX_TASK_ID='artista_bq_historico.subir_inf_artista_bigquerry' AIRFLOW_CTX_EXECUTION_DATE='2026-09-23T03:07:22+00:00' AIRFLOW_CTX_TRY_NUMBER='1' AIRFLOW_CTX_DAG_RUN_ID='manual__2026-09-23T03:07:22+00:00'
[2026-09-23T03:08:15.151+0000] {taskinstance.py:731} INFO - ::endgroup::
[2026-09-23T03:08:15.753+0000] {_default.py:685} WARNING - No project ID could be determined. Consider running `gcloud config set project` or setting the GOOGLE_CLOUD_PROJECT environment variable
[2026-09-23T03:08:16.262+0000] {logging_mixin.py:190} INFO - []
[2026-09-23T03:08:16.328+0000] {logging_mixin.py:190} INFO - Empty DataFrame
Columns: [fecha_ingesta]
Index: []
[2026-09-23T03:08:19.126+0000] {spotify_etl_pro.py:321} INFO - OK. Se ingreso la informacion a la tabla del datasert
[2026-09-23T03:08:19.136+0000] {python.py:240} INFO - Done. Returned value was: None
[2026-09-23T03:08:19.217+0000] {taskinstance.py:340} INFO - ::group::Post task execution logs
[2026-09-23T03:08:19.219+0000] {taskinstance.py:352} INFO - Marking task as SUCCESS. dag_id=spotify_etl_pro, task_id=artista_bq_historico.subir_inf_artista_bigquerry, run_id=manual__2026-09-23T03:07:22+00:00, execution_date=20260923T030722, start_date=20260923T030814, end_date=20260923T030819
[2026-09-23T03:08:19.301+0000] {local_task_job_runner.py:266} INFO - Task exited with return code 0
[2026-09-23T03:08:19.353+0000] {taskinstance.py:3895} INFO - 1 downstream tasks scheduled from follow-on schedule check
[2026-09-23T03:08:19.354+0000] {local_task_job_runner.py:245} INFO - ::endgroup::
