[2026-09-21T23:02:09.880+0000] {local_task_job_runner.py:123} INFO - ::group::Pre task execution logs
[2026-09-21T23:02:09.899+0000] {taskinstance.py:2613} INFO - Dependencies all met for dep_context=non-requeueable deps ti=<TaskInstance: spotify_etl_pro.tiempo_espera_30s manual__2026-09-21T23:01:40+00:00 [queued]>
[2026-09-21T23:02:09.917+0000] {taskinstance.py:2613} INFO - Dependencies all met for dep_context=requeueable deps ti=<TaskInstance: spotify_etl_pro.tiempo_espera_30s manual__2026-09-21T23:01:40+00:00 [queued]>
[2026-09-21T23:02:09.918+0000] {taskinstance.py:2866} INFO - Starting attempt 1 of 3
[2026-09-21T23:02:09.931+0000] {taskinstance.py:2889} INFO - Executing <Task(BashOperator): tiempo_espera_30s> on 2026-09-21 23:01:40+00:00
[2026-09-21T23:02:09.938+0000] {standard_task_runner.py:72} INFO - Started process 747 to run task
[2026-09-21T23:02:09.942+0000] {standard_task_runner.py:104} INFO - Running: ['airflow', 'tasks', 'run', 'spotify_etl_pro', 'tiempo_espera_30s', 'manual__2026-09-21T23:01:40+00:00', '--job-id', '740', '--raw', '--subdir', 'DAGS_FOLDER/spotify_etl_pro.py', '--cfg-path', '/tmp/tmpt5hwoxec']
[2026-09-21T23:02:09.945+0000] {standard_task_runner.py:105} INFO - Job 740: Subtask tiempo_espera_30s
[2026-09-21T23:02:09.996+0000] {task_command.py:467} INFO - Running <TaskInstance: spotify_etl_pro.tiempo_espera_30s manual__2026-09-21T23:01:40+00:00 [running]> on host 96d0bddc4644
[2026-09-21T23:02:10.060+0000] {taskinstance.py:3132} INFO - Exporting env vars: AIRFLOW_CTX_DAG_OWNER='axel' AIRFLOW_CTX_DAG_ID='spotify_etl_pro' AIRFLOW_CTX_TASK_ID='tiempo_espera_30s' AIRFLOW_CTX_EXECUTION_DATE='2026-09-21T23:01:40+00:00' AIRFLOW_CTX_TRY_NUMBER='1' AIRFLOW_CTX_DAG_RUN_ID='manual__2026-09-21T23:01:40+00:00'
[2026-09-21T23:02:10.061+0000] {taskinstance.py:731} INFO - ::endgroup::
[2026-09-21T23:02:10.062+0000] {subprocess.py:78} INFO - Tmp dir root location: /tmp
[2026-09-21T23:02:10.063+0000] {subprocess.py:88} INFO - Running command: ['/usr/bin/bash', '-c', 'sleep 30']
[2026-09-21T23:02:10.069+0000] {subprocess.py:99} INFO - Output:
[2026-09-21T23:02:40.078+0000] {subprocess.py:110} INFO - Command exited with return code 0
[2026-09-21T23:02:40.162+0000] {taskinstance.py:340} INFO - ::group::Post task execution logs
[2026-09-21T23:02:40.163+0000] {taskinstance.py:352} INFO - Marking task as SUCCESS. dag_id=spotify_etl_pro, task_id=tiempo_espera_30s, run_id=manual__2026-09-21T23:01:40+00:00, execution_date=20260921T230140, start_date=20260921T230209, end_date=20260921T230240
[2026-09-21T23:02:40.194+0000] {local_task_job_runner.py:266} INFO - Task exited with return code 0
[2026-09-21T23:02:40.223+0000] {taskinstance.py:3895} INFO - 1 downstream tasks scheduled from follow-on schedule check
[2026-09-21T23:02:40.224+0000] {local_task_job_runner.py:245} INFO - ::endgroup::
