[2026-09-22T01:37:45.307+0000] {local_task_job_runner.py:123} INFO - ::group::Pre task execution logs
[2026-09-22T01:37:45.318+0000] {taskinstance.py:2613} INFO - Dependencies all met for dep_context=non-requeueable deps ti=<TaskInstance: spotify_etl_pro.condicion_proceso_album scheduled__2026-09-21T00:00:00+00:00 [queued]>
[2026-09-22T01:37:45.324+0000] {taskinstance.py:2613} INFO - Dependencies all met for dep_context=requeueable deps ti=<TaskInstance: spotify_etl_pro.condicion_proceso_album scheduled__2026-09-21T00:00:00+00:00 [queued]>
[2026-09-22T01:37:45.325+0000] {taskinstance.py:2866} INFO - Starting attempt 1 of 3
[2026-09-22T01:37:45.332+0000] {taskinstance.py:2889} INFO - Executing <Task(ShortCircuitOperator): condicion_proceso_album> on 2026-09-21 00:00:00+00:00
[2026-09-22T01:37:45.338+0000] {standard_task_runner.py:72} INFO - Started process 1492 to run task
[2026-09-22T01:37:45.342+0000] {standard_task_runner.py:104} INFO - Running: ['airflow', 'tasks', 'run', 'spotify_etl_pro', 'condicion_proceso_album', 'scheduled__2026-09-21T00:00:00+00:00', '--job-id', '762', '--raw', '--subdir', 'DAGS_FOLDER/spotify_etl_pro.py', '--cfg-path', '/tmp/tmp28d5dgzo']
[2026-09-22T01:37:45.344+0000] {standard_task_runner.py:105} INFO - Job 762: Subtask condicion_proceso_album
[2026-09-22T01:37:45.395+0000] {task_command.py:467} INFO - Running <TaskInstance: spotify_etl_pro.condicion_proceso_album scheduled__2026-09-21T00:00:00+00:00 [running]> on host 96d0bddc4644
[2026-09-22T01:37:45.457+0000] {taskinstance.py:3132} INFO - Exporting env vars: AIRFLOW_CTX_DAG_OWNER='axel' AIRFLOW_CTX_DAG_ID='spotify_etl_pro' AIRFLOW_CTX_TASK_ID='condicion_proceso_album' AIRFLOW_CTX_EXECUTION_DATE='2026-09-21T00:00:00+00:00' AIRFLOW_CTX_TRY_NUMBER='1' AIRFLOW_CTX_DAG_RUN_ID='scheduled__2026-09-21T00:00:00+00:00'
[2026-09-22T01:37:45.458+0000] {taskinstance.py:731} INFO - ::endgroup::
[2026-09-22T01:37:45.461+0000] {baseoperator.py:416} WARNING - ShortCircuitOperator.execute cannot be called outside TaskInstance!
[2026-09-22T01:37:45.461+0000] {python.py:240} INFO - Done. Returned value was: True
[2026-09-22T01:37:45.462+0000] {python.py:309} INFO - Condition result is True
[2026-09-22T01:37:45.462+0000] {python.py:312} INFO - Proceeding with downstream tasks...
[2026-09-22T01:37:45.478+0000] {taskinstance.py:340} INFO - ::group::Post task execution logs
[2026-09-22T01:37:45.479+0000] {taskinstance.py:352} INFO - Marking task as SUCCESS. dag_id=spotify_etl_pro, task_id=condicion_proceso_album, run_id=scheduled__2026-09-21T00:00:00+00:00, execution_date=20260921T000000, start_date=20260922T013745, end_date=20260922T013745
[2026-09-22T01:37:45.521+0000] {local_task_job_runner.py:266} INFO - Task exited with return code 0
[2026-09-22T01:37:45.545+0000] {taskinstance.py:3895} INFO - 1 downstream tasks scheduled from follow-on schedule check
[2026-09-22T01:37:45.546+0000] {local_task_job_runner.py:245} INFO - ::endgroup::
