[2026-09-23T04:12:36.748+0000] {local_task_job_runner.py:123} INFO - ::group::Pre task execution logs
[2026-09-23T04:12:36.781+0000] {taskinstance.py:2613} INFO - Dependencies all met for dep_context=non-requeueable deps ti=<TaskInstance: spotify_etl_pro.albun.create_tabla_album manual__2026-09-23T04:12:15+00:00 [queued]>
[2026-09-23T04:12:36.792+0000] {taskinstance.py:2613} INFO - Dependencies all met for dep_context=requeueable deps ti=<TaskInstance: spotify_etl_pro.albun.create_tabla_album manual__2026-09-23T04:12:15+00:00 [queued]>
[2026-09-23T04:12:36.795+0000] {taskinstance.py:2866} INFO - Starting attempt 1 of 3
[2026-09-23T04:12:36.821+0000] {taskinstance.py:2889} INFO - Executing <Task(_PythonDecoratedOperator): albun.create_tabla_album> on 2026-09-23 04:12:15+00:00
[2026-09-23T04:12:36.828+0000] {standard_task_runner.py:72} INFO - Started process 2932 to run task
[2026-09-23T04:12:36.848+0000] {standard_task_runner.py:104} INFO - Running: ['airflow', 'tasks', 'run', 'spotify_etl_pro', 'albun.create_tabla_album', 'manual__2026-09-23T04:12:15+00:00', '--job-id', '1022', '--raw', '--subdir', 'DAGS_FOLDER/spotify_etl_pro.py', '--cfg-path', '/tmp/tmpvvqeo387']
[2026-09-23T04:12:36.893+0000] {standard_task_runner.py:105} INFO - Job 1022: Subtask albun.create_tabla_album
[2026-09-23T04:12:37.289+0000] {task_command.py:467} INFO - Running <TaskInstance: spotify_etl_pro.albun.create_tabla_album manual__2026-09-23T04:12:15+00:00 [running]> on host 96d0bddc4644
[2026-09-23T04:12:37.524+0000] {taskinstance.py:3132} INFO - Exporting env vars: AIRFLOW_CTX_DAG_OWNER='axel' AIRFLOW_CTX_DAG_ID='spotify_etl_pro' AIRFLOW_CTX_TASK_ID='albun.create_tabla_album' AIRFLOW_CTX_EXECUTION_DATE='2026-09-23T04:12:15+00:00' AIRFLOW_CTX_TRY_NUMBER='1' AIRFLOW_CTX_DAG_RUN_ID='manual__2026-09-23T04:12:15+00:00'
[2026-09-23T04:12:37.529+0000] {taskinstance.py:731} INFO - ::endgroup::
[2026-09-23T04:12:37.537+0000] {base.py:1032} INFO - BEGIN (implicit)
[2026-09-23T04:12:37.541+0000] {base.py:1863} INFO - select relname from pg_class c join pg_namespace n on n.oid=c.relnamespace where pg_catalog.pg_table_is_visible(c.oid) and relname=%(name)s
[2026-09-23T04:12:37.543+0000] {base.py:1868} INFO - [generated in 0.00115s] {'name': 'album'}
[2026-09-23T04:12:37.545+0000] {base.py:1092} INFO - COMMIT
[2026-09-23T04:12:37.547+0000] {logging_mixin.py:190} INFO - Tabla 'album' verificada/creada correctamente.
[2026-09-23T04:12:37.549+0000] {spotify_etl_pro.py:260} INFO - OK. Se creo la Tabla.
[2026-09-23T04:12:37.550+0000] {python.py:240} INFO - Done. Returned value was: None
[2026-09-23T04:12:37.560+0000] {taskinstance.py:340} INFO - ::group::Post task execution logs
[2026-09-23T04:12:37.561+0000] {taskinstance.py:352} INFO - Marking task as SUCCESS. dag_id=spotify_etl_pro, task_id=albun.create_tabla_album, run_id=manual__2026-09-23T04:12:15+00:00, execution_date=20260923T041215, start_date=20260923T041236, end_date=20260923T041237
[2026-09-23T04:12:37.601+0000] {local_task_job_runner.py:266} INFO - Task exited with return code 0
[2026-09-23T04:12:37.640+0000] {local_task_job_runner.py:245} INFO - ::endgroup::
