[2026-09-21T22:36:01.554+0000] {local_task_job_runner.py:123} INFO - ::group::Pre task execution logs
[2026-09-21T22:36:01.564+0000] {taskinstance.py:2613} INFO - Dependencies all met for dep_context=non-requeueable deps ti=<TaskInstance: spotify_etl_pro.condicion_proceso_album manual__2026-09-21T22:35:07+00:00 [queued]>
[2026-09-21T22:36:01.569+0000] {taskinstance.py:2613} INFO - Dependencies all met for dep_context=requeueable deps ti=<TaskInstance: spotify_etl_pro.condicion_proceso_album manual__2026-09-21T22:35:07+00:00 [queued]>
[2026-09-21T22:36:01.569+0000] {taskinstance.py:2866} INFO - Starting attempt 1 of 3
[2026-09-21T22:36:01.575+0000] {taskinstance.py:2889} INFO - Executing <Task(ShortCircuitOperator): condicion_proceso_album> on 2026-09-21 22:35:07+00:00
[2026-09-21T22:36:01.585+0000] {standard_task_runner.py:72} INFO - Started process 336 to run task
[2026-09-21T22:36:01.589+0000] {standard_task_runner.py:104} INFO - Running: ['airflow', 'tasks', 'run', 'spotify_etl_pro', 'condicion_proceso_album', 'manual__2026-09-21T22:35:07+00:00', '--job-id', '693', '--raw', '--subdir', 'DAGS_FOLDER/spotify_etl_pro.py', '--cfg-path', '/tmp/tmpnhmo6iyo']
[2026-09-21T22:36:01.591+0000] {standard_task_runner.py:105} INFO - Job 693: Subtask condicion_proceso_album
[2026-09-21T22:36:01.636+0000] {task_command.py:467} INFO - Running <TaskInstance: spotify_etl_pro.condicion_proceso_album manual__2026-09-21T22:35:07+00:00 [running]> on host 96d0bddc4644
[2026-09-21T22:36:01.690+0000] {taskinstance.py:3132} INFO - Exporting env vars: AIRFLOW_CTX_DAG_OWNER='axel' AIRFLOW_CTX_DAG_ID='spotify_etl_pro' AIRFLOW_CTX_TASK_ID='condicion_proceso_album' AIRFLOW_CTX_EXECUTION_DATE='2026-09-21T22:35:07+00:00' AIRFLOW_CTX_TRY_NUMBER='1' AIRFLOW_CTX_DAG_RUN_ID='manual__2026-09-21T22:35:07+00:00'
[2026-09-21T22:36:01.690+0000] {taskinstance.py:731} INFO - ::endgroup::
[2026-09-21T22:36:01.692+0000] {baseoperator.py:416} WARNING - ShortCircuitOperator.execute cannot be called outside TaskInstance!
[2026-09-21T22:36:01.692+0000] {python.py:240} INFO - Done. Returned value was: False
[2026-09-21T22:36:01.692+0000] {python.py:309} INFO - Condition result is False
[2026-09-21T22:36:01.693+0000] {python.py:336} INFO - Skipping downstream tasks
[2026-09-21T22:36:01.707+0000] {python.py:344} INFO - Done.
[2026-09-21T22:36:01.718+0000] {taskinstance.py:340} INFO - ::group::Post task execution logs
[2026-09-21T22:36:01.719+0000] {taskinstance.py:352} INFO - Marking task as SUCCESS. dag_id=spotify_etl_pro, task_id=condicion_proceso_album, run_id=manual__2026-09-21T22:35:07+00:00, execution_date=20260921T223507, start_date=20260921T223601, end_date=20260921T223601
[2026-09-21T22:36:01.767+0000] {local_task_job_runner.py:266} INFO - Task exited with return code 0
[2026-09-21T22:36:01.779+0000] {taskinstance.py:3895} INFO - 0 downstream tasks scheduled from follow-on schedule check
[2026-09-21T22:36:01.780+0000] {local_task_job_runner.py:245} INFO - ::endgroup::
