[2026-09-22T05:28:37.624+0000] {local_task_job_runner.py:123} INFO - ::group::Pre task execution logs
[2026-09-22T05:28:37.660+0000] {taskinstance.py:2613} INFO - Dependencies all met for dep_context=non-requeueable deps ti=<TaskInstance: spotify_etl_pro.artista_bq_historico.subir_inf_artista_bigquerry__3 manual__2026-09-22T04:42:46+00:00 [queued]>
[2026-09-22T05:28:37.678+0000] {taskinstance.py:2613} INFO - Dependencies all met for dep_context=requeueable deps ti=<TaskInstance: spotify_etl_pro.artista_bq_historico.subir_inf_artista_bigquerry__3 manual__2026-09-22T04:42:46+00:00 [queued]>
[2026-09-22T05:28:37.679+0000] {taskinstance.py:2866} INFO - Starting attempt 1 of 3
[2026-09-22T05:28:37.709+0000] {taskinstance.py:2889} INFO - Executing <Task(_PythonDecoratedOperator): artista_bq_historico.subir_inf_artista_bigquerry__3> on 2026-09-22 04:42:46+00:00
[2026-09-22T05:28:37.724+0000] {standard_task_runner.py:72} INFO - Started process 3964 to run task
[2026-09-22T05:28:37.736+0000] {standard_task_runner.py:104} INFO - Running: ['airflow', 'tasks', 'run', 'spotify_etl_pro', 'artista_bq_historico.subir_inf_artista_bigquerry__3', 'manual__2026-09-22T04:42:46+00:00', '--job-id', '887', '--raw', '--subdir', 'DAGS_FOLDER/spotify_etl_pro.py', '--cfg-path', '/tmp/tmpcmirtjo1']
[2026-09-22T05:28:37.754+0000] {standard_task_runner.py:105} INFO - Job 887: Subtask artista_bq_historico.subir_inf_artista_bigquerry__3
[2026-09-22T05:28:37.933+0000] {task_command.py:467} INFO - Running <TaskInstance: spotify_etl_pro.artista_bq_historico.subir_inf_artista_bigquerry__3 manual__2026-09-22T04:42:46+00:00 [running]> on host 96d0bddc4644
[2026-09-22T05:28:38.227+0000] {taskinstance.py:3132} INFO - Exporting env vars: AIRFLOW_CTX_DAG_OWNER='axel' AIRFLOW_CTX_DAG_ID='spotify_etl_pro' AIRFLOW_CTX_TASK_ID='artista_bq_historico.subir_inf_artista_bigquerry__3' AIRFLOW_CTX_EXECUTION_DATE='2026-09-22T04:42:46+00:00' AIRFLOW_CTX_TRY_NUMBER='1' AIRFLOW_CTX_DAG_RUN_ID='manual__2026-09-22T04:42:46+00:00'
[2026-09-22T05:28:38.234+0000] {taskinstance.py:731} INFO - ::endgroup::
[2026-09-22T05:28:44.697+0000] {_default.py:685} WARNING - No project ID could be determined. Consider running `gcloud config set project` or setting the GOOGLE_CLOUD_PROJECT environment variable
[2026-09-22T05:28:45.270+0000] {logging_mixin.py:190} INFO - []
[2026-09-22T05:28:45.292+0000] {logging_mixin.py:190} INFO - Empty DataFrame
Columns: [fecha_ingesta]
Index: []
[2026-09-22T05:28:48.148+0000] {spotify_etl_pro.py:321} INFO - OK. Se ingreso la informacion a la tabla del datasert
[2026-09-22T05:28:48.158+0000] {python.py:240} INFO - Done. Returned value was: None
[2026-09-22T05:28:48.252+0000] {taskinstance.py:340} INFO - ::group::Post task execution logs
[2026-09-22T05:28:48.255+0000] {taskinstance.py:352} INFO - Marking task as SUCCESS. dag_id=spotify_etl_pro, task_id=artista_bq_historico.subir_inf_artista_bigquerry__3, run_id=manual__2026-09-22T04:42:46+00:00, execution_date=20260922T044246, start_date=20260922T052837, end_date=20260922T052848
[2026-09-22T05:28:48.335+0000] {local_task_job_runner.py:266} INFO - Task exited with return code 0
[2026-09-22T05:28:48.404+0000] {taskinstance.py:3895} INFO - 0 downstream tasks scheduled from follow-on schedule check
[2026-09-22T05:28:48.406+0000] {local_task_job_runner.py:245} INFO - ::endgroup::
