[2026-09-22T04:04:34.892+0000] {local_task_job_runner.py:123} INFO - ::group::Pre task execution logs
[2026-09-22T04:04:34.959+0000] {taskinstance.py:2613} INFO - Dependencies all met for dep_context=non-requeueable deps ti=<TaskInstance: spotify_etl_pro.artista_bq_historico.subir_inf_artista_bigquerry__3 manual__2026-09-22T04:03:21+00:00 [queued]>
[2026-09-22T04:04:34.991+0000] {taskinstance.py:2613} INFO - Dependencies all met for dep_context=requeueable deps ti=<TaskInstance: spotify_etl_pro.artista_bq_historico.subir_inf_artista_bigquerry__3 manual__2026-09-22T04:03:21+00:00 [queued]>
[2026-09-22T04:04:34.993+0000] {taskinstance.py:2866} INFO - Starting attempt 1 of 3
[2026-09-22T04:04:35.054+0000] {taskinstance.py:2889} INFO - Executing <Task(_PythonDecoratedOperator): artista_bq_historico.subir_inf_artista_bigquerry__3> on 2026-09-22 04:03:21+00:00
[2026-09-22T04:04:35.074+0000] {standard_task_runner.py:72} INFO - Started process 2583 to run task
[2026-09-22T04:04:35.101+0000] {standard_task_runner.py:104} INFO - Running: ['airflow', 'tasks', 'run', 'spotify_etl_pro', 'artista_bq_historico.subir_inf_artista_bigquerry__3', 'manual__2026-09-22T04:03:21+00:00', '--job-id', '829', '--raw', '--subdir', 'DAGS_FOLDER/spotify_etl_pro.py', '--cfg-path', '/tmp/tmp9uyaasqx']
[2026-09-22T04:04:35.125+0000] {standard_task_runner.py:105} INFO - Job 829: Subtask artista_bq_historico.subir_inf_artista_bigquerry__3
[2026-09-22T04:04:35.414+0000] {task_command.py:467} INFO - Running <TaskInstance: spotify_etl_pro.artista_bq_historico.subir_inf_artista_bigquerry__3 manual__2026-09-22T04:03:21+00:00 [running]> on host 96d0bddc4644
[2026-09-22T04:04:35.857+0000] {taskinstance.py:3132} INFO - Exporting env vars: AIRFLOW_CTX_DAG_OWNER='axel' AIRFLOW_CTX_DAG_ID='spotify_etl_pro' AIRFLOW_CTX_TASK_ID='artista_bq_historico.subir_inf_artista_bigquerry__3' AIRFLOW_CTX_EXECUTION_DATE='2026-09-22T04:03:21+00:00' AIRFLOW_CTX_TRY_NUMBER='1' AIRFLOW_CTX_DAG_RUN_ID='manual__2026-09-22T04:03:21+00:00'
[2026-09-22T04:04:35.862+0000] {taskinstance.py:731} INFO - ::endgroup::
[2026-09-22T04:04:38.451+0000] {_default.py:685} WARNING - No project ID could be determined. Consider running `gcloud config set project` or setting the GOOGLE_CLOUD_PROJECT environment variable
[2026-09-22T04:04:39.551+0000] {logging_mixin.py:190} INFO - []
[2026-09-22T04:04:39.610+0000] {logging_mixin.py:190} INFO - Empty DataFrame
Columns: [fecha_ingesta]
Index: []
[2026-09-22T04:04:42.500+0000] {spotify_etl_pro.py:321} INFO - OK. Se ingreso la informacion a la tabla del datasert
[2026-09-22T04:04:42.520+0000] {python.py:240} INFO - Done. Returned value was: None
[2026-09-22T04:04:42.604+0000] {taskinstance.py:340} INFO - ::group::Post task execution logs
[2026-09-22T04:04:42.605+0000] {taskinstance.py:352} INFO - Marking task as SUCCESS. dag_id=spotify_etl_pro, task_id=artista_bq_historico.subir_inf_artista_bigquerry__3, run_id=manual__2026-09-22T04:03:21+00:00, execution_date=20260922T040321, start_date=20260922T040434, end_date=20260922T040442
[2026-09-22T04:04:42.735+0000] {local_task_job_runner.py:266} INFO - Task exited with return code 0
[2026-09-22T04:04:42.832+0000] {taskinstance.py:3895} INFO - 0 downstream tasks scheduled from follow-on schedule check
[2026-09-22T04:04:42.834+0000] {local_task_job_runner.py:245} INFO - ::endgroup::
