[2026-09-19T22:52:24.296+0000] {local_task_job_runner.py:123} INFO - ::group::Pre task execution logs
[2026-09-19T22:52:24.306+0000] {taskinstance.py:2613} INFO - Dependencies all met for dep_context=non-requeueable deps ti=<TaskInstance: spotify_etl_pro.condicion_proceso_album manual__2026-09-19T22:51:40+00:00 [queued]>
[2026-09-19T22:52:24.310+0000] {taskinstance.py:2613} INFO - Dependencies all met for dep_context=requeueable deps ti=<TaskInstance: spotify_etl_pro.condicion_proceso_album manual__2026-09-19T22:51:40+00:00 [queued]>
[2026-09-19T22:52:24.310+0000] {taskinstance.py:2866} INFO - Starting attempt 1 of 1
[2026-09-19T22:52:24.316+0000] {taskinstance.py:2889} INFO - Executing <Task(ShortCircuitOperator): condicion_proceso_album> on 2026-09-19 22:51:40+00:00
[2026-09-19T22:52:24.318+0000] {standard_task_runner.py:72} INFO - Started process 209 to run task
[2026-09-19T22:52:24.321+0000] {standard_task_runner.py:104} INFO - Running: ['airflow', 'tasks', 'run', 'spotify_etl_pro', 'condicion_proceso_album', 'manual__2026-09-19T22:51:40+00:00', '--job-id', '652', '--raw', '--subdir', 'DAGS_FOLDER/spotify_etl_pro.py', '--cfg-path', '/tmp/tmpskjm16t0']
[2026-09-19T22:52:24.322+0000] {standard_task_runner.py:105} INFO - Job 652: Subtask condicion_proceso_album
[2026-09-19T22:52:24.356+0000] {task_command.py:467} INFO - Running <TaskInstance: spotify_etl_pro.condicion_proceso_album manual__2026-09-19T22:51:40+00:00 [running]> on host 96d0bddc4644
[2026-09-19T22:52:24.407+0000] {taskinstance.py:3132} INFO - Exporting env vars: AIRFLOW_CTX_DAG_OWNER='airflow' AIRFLOW_CTX_DAG_ID='spotify_etl_pro' AIRFLOW_CTX_TASK_ID='condicion_proceso_album' AIRFLOW_CTX_EXECUTION_DATE='2026-09-19T22:51:40+00:00' AIRFLOW_CTX_TRY_NUMBER='1' AIRFLOW_CTX_DAG_RUN_ID='manual__2026-09-19T22:51:40+00:00'
[2026-09-19T22:52:24.407+0000] {taskinstance.py:731} INFO - ::endgroup::
[2026-09-19T22:52:24.408+0000] {baseoperator.py:416} WARNING - ShortCircuitOperator.execute cannot be called outside TaskInstance!
[2026-09-19T22:52:24.409+0000] {python.py:240} INFO - Done. Returned value was: False
[2026-09-19T22:52:24.409+0000] {python.py:309} INFO - Condition result is False
[2026-09-19T22:52:24.409+0000] {python.py:336} INFO - Skipping downstream tasks
[2026-09-19T22:52:24.423+0000] {python.py:344} INFO - Done.
[2026-09-19T22:52:24.434+0000] {taskinstance.py:340} INFO - ::group::Post task execution logs
[2026-09-19T22:52:24.435+0000] {taskinstance.py:352} INFO - Marking task as SUCCESS. dag_id=spotify_etl_pro, task_id=condicion_proceso_album, run_id=manual__2026-09-19T22:51:40+00:00, execution_date=20260919T225140, start_date=20260919T225224, end_date=20260919T225224
[2026-09-19T22:52:24.455+0000] {local_task_job_runner.py:266} INFO - Task exited with return code 0
[2026-09-19T22:52:24.467+0000] {taskinstance.py:3895} INFO - 0 downstream tasks scheduled from follow-on schedule check
[2026-09-19T22:52:24.468+0000] {local_task_job_runner.py:245} INFO - ::endgroup::
