[2026-09-23T00:00:07.827+0000] {local_task_job_runner.py:123} INFO - ::group::Pre task execution logs
[2026-09-23T00:00:07.843+0000] {taskinstance.py:2613} INFO - Dependencies all met for dep_context=non-requeueable deps ti=<TaskInstance: spotify_etl_pro.tiempo_espera_30s scheduled__2026-09-22T00:00:00+00:00 [queued]>
[2026-09-23T00:00:07.851+0000] {taskinstance.py:2613} INFO - Dependencies all met for dep_context=requeueable deps ti=<TaskInstance: spotify_etl_pro.tiempo_espera_30s scheduled__2026-09-22T00:00:00+00:00 [queued]>
[2026-09-23T00:00:07.852+0000] {taskinstance.py:2866} INFO - Starting attempt 1 of 3
[2026-09-23T00:00:07.861+0000] {taskinstance.py:2889} INFO - Executing <Task(BashOperator): tiempo_espera_30s> on 2026-09-22 00:00:00+00:00
[2026-09-23T00:00:07.869+0000] {standard_task_runner.py:72} INFO - Started process 765 to run task
[2026-09-23T00:00:07.873+0000] {standard_task_runner.py:104} INFO - Running: ['airflow', 'tasks', 'run', 'spotify_etl_pro', 'tiempo_espera_30s', 'scheduled__2026-09-22T00:00:00+00:00', '--job-id', '924', '--raw', '--subdir', 'DAGS_FOLDER/spotify_etl_pro.py', '--cfg-path', '/tmp/tmpze8gxmqp']
[2026-09-23T00:00:07.875+0000] {standard_task_runner.py:105} INFO - Job 924: Subtask tiempo_espera_30s
[2026-09-23T00:00:07.937+0000] {task_command.py:467} INFO - Running <TaskInstance: spotify_etl_pro.tiempo_espera_30s scheduled__2026-09-22T00:00:00+00:00 [running]> on host 96d0bddc4644
[2026-09-23T00:00:08.021+0000] {taskinstance.py:3132} INFO - Exporting env vars: AIRFLOW_CTX_DAG_OWNER='axel' AIRFLOW_CTX_DAG_ID='spotify_etl_pro' AIRFLOW_CTX_TASK_ID='tiempo_espera_30s' AIRFLOW_CTX_EXECUTION_DATE='2026-09-22T00:00:00+00:00' AIRFLOW_CTX_TRY_NUMBER='1' AIRFLOW_CTX_DAG_RUN_ID='scheduled__2026-09-22T00:00:00+00:00'
[2026-09-23T00:00:08.022+0000] {taskinstance.py:731} INFO - ::endgroup::
[2026-09-23T00:00:08.024+0000] {subprocess.py:78} INFO - Tmp dir root location: /tmp
[2026-09-23T00:00:08.025+0000] {subprocess.py:88} INFO - Running command: ['/usr/bin/bash', '-c', 'sleep 30']
[2026-09-23T00:00:08.036+0000] {subprocess.py:99} INFO - Output:
[2026-09-23T00:00:38.050+0000] {subprocess.py:110} INFO - Command exited with return code 0
[2026-09-23T00:00:38.142+0000] {taskinstance.py:340} INFO - ::group::Post task execution logs
[2026-09-23T00:00:38.143+0000] {taskinstance.py:352} INFO - Marking task as SUCCESS. dag_id=spotify_etl_pro, task_id=tiempo_espera_30s, run_id=scheduled__2026-09-22T00:00:00+00:00, execution_date=20260922T000000, start_date=20260923T000007, end_date=20260923T000038
[2026-09-23T00:00:38.179+0000] {local_task_job_runner.py:266} INFO - Task exited with return code 0
[2026-09-23T00:00:38.223+0000] {taskinstance.py:3895} INFO - 1 downstream tasks scheduled from follow-on schedule check
[2026-09-23T00:00:38.224+0000] {local_task_job_runner.py:245} INFO - ::endgroup::
