[2026-09-21T22:32:55.450+0000] {local_task_job_runner.py:123} INFO - ::group::Pre task execution logs
[2026-09-21T22:32:55.463+0000] {taskinstance.py:2613} INFO - Dependencies all met for dep_context=non-requeueable deps ti=<TaskInstance: spotify_etl_pro.verify_big_querry_conect manual__2026-09-21T22:32:43+00:00 [queued]>
[2026-09-21T22:32:55.468+0000] {taskinstance.py:2613} INFO - Dependencies all met for dep_context=requeueable deps ti=<TaskInstance: spotify_etl_pro.verify_big_querry_conect manual__2026-09-21T22:32:43+00:00 [queued]>
[2026-09-21T22:32:55.469+0000] {taskinstance.py:2866} INFO - Starting attempt 1 of 3
[2026-09-21T22:32:55.475+0000] {taskinstance.py:2889} INFO - Executing <Task(PythonOperator): verify_big_querry_conect> on 2026-09-21 22:32:43+00:00
[2026-09-21T22:32:55.478+0000] {standard_task_runner.py:72} INFO - Started process 245 to run task
[2026-09-21T22:32:55.481+0000] {standard_task_runner.py:104} INFO - Running: ['airflow', 'tasks', 'run', 'spotify_etl_pro', 'verify_big_querry_conect', 'manual__2026-09-21T22:32:43+00:00', '--job-id', '675', '--raw', '--subdir', 'DAGS_FOLDER/spotify_etl_pro.py', '--cfg-path', '/tmp/tmpv816mm33']
[2026-09-21T22:32:55.483+0000] {standard_task_runner.py:105} INFO - Job 675: Subtask verify_big_querry_conect
[2026-09-21T22:32:55.523+0000] {task_command.py:467} INFO - Running <TaskInstance: spotify_etl_pro.verify_big_querry_conect manual__2026-09-21T22:32:43+00:00 [running]> on host 96d0bddc4644
[2026-09-21T22:32:55.575+0000] {taskinstance.py:3132} INFO - Exporting env vars: AIRFLOW_CTX_DAG_OWNER='axel' AIRFLOW_CTX_DAG_ID='spotify_etl_pro' AIRFLOW_CTX_TASK_ID='verify_big_querry_conect' AIRFLOW_CTX_EXECUTION_DATE='2026-09-21T22:32:43+00:00' AIRFLOW_CTX_TRY_NUMBER='1' AIRFLOW_CTX_DAG_RUN_ID='manual__2026-09-21T22:32:43+00:00'
[2026-09-21T22:32:55.576+0000] {taskinstance.py:731} INFO - ::endgroup::
[2026-09-21T22:32:56.013+0000] {spotify_etl_pro.py:90} INFO - OK. Instanciando cliente de BigQuery...
[2026-09-21T22:32:56.017+0000] {_default.py:685} WARNING - No project ID could be determined. Consider running `gcloud config set project` or setting the GOOGLE_CLOUD_PROJECT environment variable
[2026-09-21T22:32:56.017+0000] {spotify_etl_pro.py:93} INFO - OK. Cliente conectado al proyecto: vital-pillar-509021-s9
[2026-09-21T22:32:56.017+0000] {spotify_etl_pro.py:94} INFO - OK. Listando datasets existentes...
[2026-09-21T22:32:56.431+0000] {spotify_etl_pro.py:102} INFO - OK. Conexión exitosa. Aún no existen datasets en este proyecto.
[2026-09-21T22:32:56.432+0000] {spotify_etl_pro.py:104} INFO - OK. Verificación de conexión a BigQuery completada sin errores.
[2026-09-21T22:32:56.432+0000] {python.py:240} INFO - Done. Returned value was: vital-pillar-509021-s9
[2026-09-21T22:32:56.459+0000] {taskinstance.py:340} INFO - ::group::Post task execution logs
[2026-09-21T22:32:56.460+0000] {taskinstance.py:352} INFO - Marking task as SUCCESS. dag_id=spotify_etl_pro, task_id=verify_big_querry_conect, run_id=manual__2026-09-21T22:32:43+00:00, execution_date=20260921T223243, start_date=20260921T223255, end_date=20260921T223256
[2026-09-21T22:32:56.514+0000] {local_task_job_runner.py:266} INFO - Task exited with return code 0
[2026-09-21T22:32:56.537+0000] {taskinstance.py:3895} INFO - 1 downstream tasks scheduled from follow-on schedule check
[2026-09-21T22:32:56.538+0000] {local_task_job_runner.py:245} INFO - ::endgroup::
