[2026-09-23T04:12:36.717+0000] {local_task_job_runner.py:123} INFO - ::group::Pre task execution logs
[2026-09-23T04:12:36.741+0000] {taskinstance.py:2613} INFO - Dependencies all met for dep_context=non-requeueable deps ti=<TaskInstance: spotify_etl_pro.canciones.create_tabla_canciones manual__2026-09-23T04:12:15+00:00 [queued]>
[2026-09-23T04:12:36.764+0000] {taskinstance.py:2613} INFO - Dependencies all met for dep_context=requeueable deps ti=<TaskInstance: spotify_etl_pro.canciones.create_tabla_canciones manual__2026-09-23T04:12:15+00:00 [queued]>
[2026-09-23T04:12:36.768+0000] {taskinstance.py:2866} INFO - Starting attempt 1 of 3
[2026-09-23T04:12:36.790+0000] {taskinstance.py:2889} INFO - Executing <Task(_PythonDecoratedOperator): canciones.create_tabla_canciones> on 2026-09-23 04:12:15+00:00
[2026-09-23T04:12:36.811+0000] {standard_task_runner.py:72} INFO - Started process 2931 to run task
[2026-09-23T04:12:36.824+0000] {standard_task_runner.py:104} INFO - Running: ['airflow', 'tasks', 'run', 'spotify_etl_pro', 'canciones.create_tabla_canciones', 'manual__2026-09-23T04:12:15+00:00', '--job-id', '1021', '--raw', '--subdir', 'DAGS_FOLDER/spotify_etl_pro.py', '--cfg-path', '/tmp/tmpramqubnh']
[2026-09-23T04:12:36.855+0000] {standard_task_runner.py:105} INFO - Job 1021: Subtask canciones.create_tabla_canciones
[2026-09-23T04:12:37.275+0000] {task_command.py:467} INFO - Running <TaskInstance: spotify_etl_pro.canciones.create_tabla_canciones manual__2026-09-23T04:12:15+00:00 [running]> on host 96d0bddc4644
[2026-09-23T04:12:37.547+0000] {taskinstance.py:3132} INFO - Exporting env vars: AIRFLOW_CTX_DAG_OWNER='axel' AIRFLOW_CTX_DAG_ID='spotify_etl_pro' AIRFLOW_CTX_TASK_ID='canciones.create_tabla_canciones' AIRFLOW_CTX_EXECUTION_DATE='2026-09-23T04:12:15+00:00' AIRFLOW_CTX_TRY_NUMBER='1' AIRFLOW_CTX_DAG_RUN_ID='manual__2026-09-23T04:12:15+00:00'
[2026-09-23T04:12:37.550+0000] {taskinstance.py:731} INFO - ::endgroup::
[2026-09-23T04:12:37.555+0000] {base.py:1032} INFO - BEGIN (implicit)
[2026-09-23T04:12:37.557+0000] {base.py:1863} INFO - select relname from pg_class c join pg_namespace n on n.oid=c.relnamespace where pg_catalog.pg_table_is_visible(c.oid) and relname=%(name)s
[2026-09-23T04:12:37.557+0000] {base.py:1868} INFO - [generated in 0.00066s] {'name': 'canciones'}
[2026-09-23T04:12:37.559+0000] {base.py:1092} INFO - COMMIT
[2026-09-23T04:12:37.561+0000] {logging_mixin.py:190} INFO - Tabla 'canciones' verificada/creada correctamente.
[2026-09-23T04:12:37.561+0000] {spotify_etl_pro.py:269} INFO - OK. Se creo la Tabla.
[2026-09-23T04:12:37.562+0000] {python.py:240} INFO - Done. Returned value was: None
[2026-09-23T04:12:37.575+0000] {taskinstance.py:340} INFO - ::group::Post task execution logs
[2026-09-23T04:12:37.577+0000] {taskinstance.py:352} INFO - Marking task as SUCCESS. dag_id=spotify_etl_pro, task_id=canciones.create_tabla_canciones, run_id=manual__2026-09-23T04:12:15+00:00, execution_date=20260923T041215, start_date=20260923T041236, end_date=20260923T041237
[2026-09-23T04:12:37.614+0000] {local_task_job_runner.py:266} INFO - Task exited with return code 0
[2026-09-23T04:12:37.644+0000] {local_task_job_runner.py:245} INFO - ::endgroup::
