[2026-09-22T05:28:32.863+0000] {local_task_job_runner.py:123} INFO - ::group::Pre task execution logs
[2026-09-22T05:28:32.878+0000] {taskinstance.py:2613} INFO - Dependencies all met for dep_context=non-requeueable deps ti=<TaskInstance: spotify_etl_pro.condicion_historico_big_querry manual__2026-09-22T04:42:46+00:00 [queued]>
[2026-09-22T05:28:32.886+0000] {taskinstance.py:2613} INFO - Dependencies all met for dep_context=requeueable deps ti=<TaskInstance: spotify_etl_pro.condicion_historico_big_querry manual__2026-09-22T04:42:46+00:00 [queued]>
[2026-09-22T05:28:32.887+0000] {taskinstance.py:2866} INFO - Starting attempt 1 of 3
[2026-09-22T05:28:32.904+0000] {taskinstance.py:2889} INFO - Executing <Task(ShortCircuitOperator): condicion_historico_big_querry> on 2026-09-22 04:42:46+00:00
[2026-09-22T05:28:32.908+0000] {standard_task_runner.py:72} INFO - Started process 3954 to run task
[2026-09-22T05:28:32.912+0000] {standard_task_runner.py:104} INFO - Running: ['airflow', 'tasks', 'run', 'spotify_etl_pro', 'condicion_historico_big_querry', 'manual__2026-09-22T04:42:46+00:00', '--job-id', '885', '--raw', '--subdir', 'DAGS_FOLDER/spotify_etl_pro.py', '--cfg-path', '/tmp/tmpkthrk4c7']
[2026-09-22T05:28:32.914+0000] {standard_task_runner.py:105} INFO - Job 885: Subtask condicion_historico_big_querry
[2026-09-22T05:28:32.958+0000] {task_command.py:467} INFO - Running <TaskInstance: spotify_etl_pro.condicion_historico_big_querry manual__2026-09-22T04:42:46+00:00 [running]> on host 96d0bddc4644
[2026-09-22T05:28:33.040+0000] {taskinstance.py:3132} INFO - Exporting env vars: AIRFLOW_CTX_DAG_OWNER='axel' AIRFLOW_CTX_DAG_ID='spotify_etl_pro' AIRFLOW_CTX_TASK_ID='condicion_historico_big_querry' AIRFLOW_CTX_EXECUTION_DATE='2026-09-22T04:42:46+00:00' AIRFLOW_CTX_TRY_NUMBER='1' AIRFLOW_CTX_DAG_RUN_ID='manual__2026-09-22T04:42:46+00:00'
[2026-09-22T05:28:33.042+0000] {taskinstance.py:731} INFO - ::endgroup::
[2026-09-22T05:28:33.043+0000] {baseoperator.py:416} WARNING - ShortCircuitOperator.execute cannot be called outside TaskInstance!
[2026-09-22T05:28:33.044+0000] {python.py:240} INFO - Done. Returned value was: True
[2026-09-22T05:28:33.044+0000] {python.py:309} INFO - Condition result is True
[2026-09-22T05:28:33.045+0000] {python.py:312} INFO - Proceeding with downstream tasks...
[2026-09-22T05:28:33.070+0000] {taskinstance.py:340} INFO - ::group::Post task execution logs
[2026-09-22T05:28:33.071+0000] {taskinstance.py:352} INFO - Marking task as SUCCESS. dag_id=spotify_etl_pro, task_id=condicion_historico_big_querry, run_id=manual__2026-09-22T04:42:46+00:00, execution_date=20260922T044246, start_date=20260922T052832, end_date=20260922T052833
[2026-09-22T05:28:33.127+0000] {local_task_job_runner.py:266} INFO - Task exited with return code 0
[2026-09-22T05:28:33.157+0000] {taskinstance.py:3895} INFO - 4 downstream tasks scheduled from follow-on schedule check
[2026-09-22T05:28:33.164+0000] {local_task_job_runner.py:245} INFO - ::endgroup::
