[2026-09-22T23:57:29.970+0000] {local_task_job_runner.py:123} INFO - ::group::Pre task execution logs
[2026-09-22T23:57:29.980+0000] {taskinstance.py:2613} INFO - Dependencies all met for dep_context=non-requeueable deps ti=<TaskInstance: spotify_etl_pro.artista.subir_inf_artista manual__2026-09-22T23:57:14+00:00 [queued]>
[2026-09-22T23:57:29.984+0000] {taskinstance.py:2613} INFO - Dependencies all met for dep_context=requeueable deps ti=<TaskInstance: spotify_etl_pro.artista.subir_inf_artista manual__2026-09-22T23:57:14+00:00 [queued]>
[2026-09-22T23:57:29.985+0000] {taskinstance.py:2866} INFO - Starting attempt 1 of 3
[2026-09-22T23:57:29.990+0000] {taskinstance.py:2889} INFO - Executing <Task(_PythonDecoratedOperator): artista.subir_inf_artista> on 2026-09-22 23:57:14+00:00
[2026-09-22T23:57:29.994+0000] {standard_task_runner.py:72} INFO - Started process 711 to run task
[2026-09-22T23:57:29.998+0000] {standard_task_runner.py:104} INFO - Running: ['airflow', 'tasks', 'run', 'spotify_etl_pro', 'artista.subir_inf_artista', 'manual__2026-09-22T23:57:14+00:00', '--job-id', '916', '--raw', '--subdir', 'DAGS_FOLDER/spotify_etl_pro.py', '--cfg-path', '/tmp/tmp_tnlb524']
[2026-09-22T23:57:30.003+0000] {standard_task_runner.py:105} INFO - Job 916: Subtask artista.subir_inf_artista
[2026-09-22T23:57:30.069+0000] {task_command.py:467} INFO - Running <TaskInstance: spotify_etl_pro.artista.subir_inf_artista manual__2026-09-22T23:57:14+00:00 [running]> on host 96d0bddc4644
[2026-09-22T23:57:30.160+0000] {taskinstance.py:3132} INFO - Exporting env vars: AIRFLOW_CTX_DAG_OWNER='axel' AIRFLOW_CTX_DAG_ID='spotify_etl_pro' AIRFLOW_CTX_TASK_ID='artista.subir_inf_artista' AIRFLOW_CTX_EXECUTION_DATE='2026-09-22T23:57:14+00:00' AIRFLOW_CTX_TRY_NUMBER='1' AIRFLOW_CTX_DAG_RUN_ID='manual__2026-09-22T23:57:14+00:00'
[2026-09-22T23:57:30.162+0000] {taskinstance.py:731} INFO - ::endgroup::
[2026-09-22T23:57:30.166+0000] {base.py:1032} INFO - BEGIN (implicit)
[2026-09-22T23:57:30.167+0000] {base.py:1863} INFO - INSERT INTO artista (nombre_artista, id_spotify) VALUES (%(nombre_artista)s, %(id_spotify)s) RETURNING artista.id_artista
[2026-09-22T23:57:30.167+0000] {base.py:1868} INFO - [generated in 0.00030s] {'nombre_artista': 'Bad Bunny', 'id_spotify': '4q3ewBCX7sLwd24euuV69X'}
[2026-09-22T23:57:30.169+0000] {base.py:1060} INFO - ROLLBACK
[2026-09-22T23:57:30.169+0000] {logging_mixin.py:190} INFO - ERROR: (psycopg2.errors.UniqueViolation) duplicate key value violates unique constraint "artista_id_spotify_key"
DETAIL:  Key (id_spotify)=(4q3ewBCX7sLwd24euuV69X) already exists.

[SQL: INSERT INTO artista (nombre_artista, id_spotify) VALUES (%(nombre_artista)s, %(id_spotify)s) RETURNING artista.id_artista]
[parameters: {'nombre_artista': 'Bad Bunny', 'id_spotify': '4q3ewBCX7sLwd24euuV69X'}]
(Background on this error at: https://sqlalche.me/e/14/gkpj)
[2026-09-22T23:57:30.170+0000] {spotify_etl_pro.py:287} INFO - OK. Se ingreso la informacion en la tabla
[2026-09-22T23:57:30.170+0000] {python.py:240} INFO - Done. Returned value was: None
[2026-09-22T23:57:30.179+0000] {taskinstance.py:340} INFO - ::group::Post task execution logs
[2026-09-22T23:57:30.180+0000] {taskinstance.py:352} INFO - Marking task as SUCCESS. dag_id=spotify_etl_pro, task_id=artista.subir_inf_artista, run_id=manual__2026-09-22T23:57:14+00:00, execution_date=20260922T235714, start_date=20260922T235729, end_date=20260922T235730
[2026-09-22T23:57:30.214+0000] {local_task_job_runner.py:266} INFO - Task exited with return code 0
[2026-09-22T23:57:30.236+0000] {taskinstance.py:3895} INFO - 0 downstream tasks scheduled from follow-on schedule check
[2026-09-22T23:57:30.237+0000] {local_task_job_runner.py:245} INFO - ::endgroup::
