[2026-09-23T03:18:28.282+0000] {local_task_job_runner.py:123} INFO - ::group::Pre task execution logs
[2026-09-23T03:18:28.300+0000] {taskinstance.py:2613} INFO - Dependencies all met for dep_context=non-requeueable deps ti=<TaskInstance: spotify_etl_pro.canciones.create_tabla_canciones manual__2026-09-23T03:18:21+00:00 [queued]>
[2026-09-23T03:18:28.311+0000] {taskinstance.py:2613} INFO - Dependencies all met for dep_context=requeueable deps ti=<TaskInstance: spotify_etl_pro.canciones.create_tabla_canciones manual__2026-09-23T03:18:21+00:00 [queued]>
[2026-09-23T03:18:28.312+0000] {taskinstance.py:2866} INFO - Starting attempt 1 of 3
[2026-09-23T03:18:28.326+0000] {taskinstance.py:2889} INFO - Executing <Task(_PythonDecoratedOperator): canciones.create_tabla_canciones> on 2026-09-23 03:18:21+00:00
[2026-09-23T03:18:28.336+0000] {standard_task_runner.py:72} INFO - Started process 2287 to run task
[2026-09-23T03:18:28.339+0000] {standard_task_runner.py:104} INFO - Running: ['airflow', 'tasks', 'run', 'spotify_etl_pro', 'canciones.create_tabla_canciones', 'manual__2026-09-23T03:18:21+00:00', '--job-id', '990', '--raw', '--subdir', 'DAGS_FOLDER/spotify_etl_pro.py', '--cfg-path', '/tmp/tmpv0qjpown']
[2026-09-23T03:18:28.343+0000] {standard_task_runner.py:105} INFO - Job 990: Subtask canciones.create_tabla_canciones
[2026-09-23T03:18:28.425+0000] {task_command.py:467} INFO - Running <TaskInstance: spotify_etl_pro.canciones.create_tabla_canciones manual__2026-09-23T03:18:21+00:00 [running]> on host 96d0bddc4644
[2026-09-23T03:18:28.546+0000] {taskinstance.py:3132} INFO - Exporting env vars: AIRFLOW_CTX_DAG_OWNER='axel' AIRFLOW_CTX_DAG_ID='spotify_etl_pro' AIRFLOW_CTX_TASK_ID='canciones.create_tabla_canciones' AIRFLOW_CTX_EXECUTION_DATE='2026-09-23T03:18:21+00:00' AIRFLOW_CTX_TRY_NUMBER='1' AIRFLOW_CTX_DAG_RUN_ID='manual__2026-09-23T03:18:21+00:00'
[2026-09-23T03:18:28.550+0000] {taskinstance.py:731} INFO - ::endgroup::
[2026-09-23T03:18:28.560+0000] {base.py:1032} INFO - BEGIN (implicit)
[2026-09-23T03:18:28.563+0000] {base.py:1863} INFO - select relname from pg_class c join pg_namespace n on n.oid=c.relnamespace where pg_catalog.pg_table_is_visible(c.oid) and relname=%(name)s
[2026-09-23T03:18:28.563+0000] {base.py:1868} INFO - [generated in 0.00074s] {'name': 'canciones'}
[2026-09-23T03:18:28.565+0000] {base.py:1092} INFO - COMMIT
[2026-09-23T03:18:28.566+0000] {logging_mixin.py:190} INFO - Tabla 'canciones' verificada/creada correctamente.
[2026-09-23T03:18:28.566+0000] {spotify_etl_pro.py:269} INFO - OK. Se creo la Tabla.
[2026-09-23T03:18:28.566+0000] {python.py:240} INFO - Done. Returned value was: None
[2026-09-23T03:18:28.580+0000] {taskinstance.py:340} INFO - ::group::Post task execution logs
[2026-09-23T03:18:28.582+0000] {taskinstance.py:352} INFO - Marking task as SUCCESS. dag_id=spotify_etl_pro, task_id=canciones.create_tabla_canciones, run_id=manual__2026-09-23T03:18:21+00:00, execution_date=20260923T031821, start_date=20260923T031828, end_date=20260923T031828
[2026-09-23T03:18:28.645+0000] {local_task_job_runner.py:266} INFO - Task exited with return code 0
[2026-09-23T03:18:28.687+0000] {local_task_job_runner.py:245} INFO - ::endgroup::
