[2026-09-21T23:02:01.637+0000] {local_task_job_runner.py:123} INFO - ::group::Pre task execution logs
[2026-09-21T23:02:01.655+0000] {taskinstance.py:2613} INFO - Dependencies all met for dep_context=non-requeueable deps ti=<TaskInstance: spotify_etl_pro.artista.subir_inf_artista manual__2026-09-21T23:01:40+00:00 [queued]>
[2026-09-21T23:02:01.662+0000] {taskinstance.py:2613} INFO - Dependencies all met for dep_context=requeueable deps ti=<TaskInstance: spotify_etl_pro.artista.subir_inf_artista manual__2026-09-21T23:01:40+00:00 [queued]>
[2026-09-21T23:02:01.664+0000] {taskinstance.py:2866} INFO - Starting attempt 1 of 3
[2026-09-21T23:02:01.671+0000] {taskinstance.py:2889} INFO - Executing <Task(_PythonDecoratedOperator): artista.subir_inf_artista> on 2026-09-21 23:01:40+00:00
[2026-09-21T23:02:01.680+0000] {standard_task_runner.py:72} INFO - Started process 740 to run task
[2026-09-21T23:02:01.683+0000] {standard_task_runner.py:104} INFO - Running: ['airflow', 'tasks', 'run', 'spotify_etl_pro', 'artista.subir_inf_artista', 'manual__2026-09-21T23:01:40+00:00', '--job-id', '738', '--raw', '--subdir', 'DAGS_FOLDER/spotify_etl_pro.py', '--cfg-path', '/tmp/tmp23bwxu47']
[2026-09-21T23:02:01.685+0000] {standard_task_runner.py:105} INFO - Job 738: Subtask artista.subir_inf_artista
[2026-09-21T23:02:01.724+0000] {task_command.py:467} INFO - Running <TaskInstance: spotify_etl_pro.artista.subir_inf_artista manual__2026-09-21T23:01:40+00:00 [running]> on host 96d0bddc4644
[2026-09-21T23:02:01.798+0000] {taskinstance.py:3132} INFO - Exporting env vars: AIRFLOW_CTX_DAG_OWNER='axel' AIRFLOW_CTX_DAG_ID='spotify_etl_pro' AIRFLOW_CTX_TASK_ID='artista.subir_inf_artista' AIRFLOW_CTX_EXECUTION_DATE='2026-09-21T23:01:40+00:00' AIRFLOW_CTX_TRY_NUMBER='1' AIRFLOW_CTX_DAG_RUN_ID='manual__2026-09-21T23:01:40+00:00'
[2026-09-21T23:02:01.799+0000] {taskinstance.py:731} INFO - ::endgroup::
[2026-09-21T23:02:01.818+0000] {logging_mixin.py:190} INFO - 2026-09-21 23:02:01,818 INFO sqlalchemy.engine.Engine select pg_catalog.version()
[2026-09-21T23:02:01.818+0000] {base.py:1863} INFO - select pg_catalog.version()
[2026-09-21T23:02:01.819+0000] {logging_mixin.py:190} INFO - 2026-09-21 23:02:01,819 INFO sqlalchemy.engine.Engine [raw sql] {}
[2026-09-21T23:02:01.819+0000] {base.py:1868} INFO - [raw sql] {}
[2026-09-21T23:02:01.820+0000] {logging_mixin.py:190} INFO - 2026-09-21 23:02:01,820 INFO sqlalchemy.engine.Engine select current_schema()
[2026-09-21T23:02:01.820+0000] {base.py:1863} INFO - select current_schema()
[2026-09-21T23:02:01.820+0000] {logging_mixin.py:190} INFO - 2026-09-21 23:02:01,820 INFO sqlalchemy.engine.Engine [raw sql] {}
[2026-09-21T23:02:01.820+0000] {base.py:1868} INFO - [raw sql] {}
[2026-09-21T23:02:01.820+0000] {logging_mixin.py:190} INFO - 2026-09-21 23:02:01,820 INFO sqlalchemy.engine.Engine show standard_conforming_strings
[2026-09-21T23:02:01.820+0000] {base.py:1863} INFO - show standard_conforming_strings
[2026-09-21T23:02:01.821+0000] {logging_mixin.py:190} INFO - 2026-09-21 23:02:01,821 INFO sqlalchemy.engine.Engine [raw sql] {}
[2026-09-21T23:02:01.821+0000] {base.py:1868} INFO - [raw sql] {}
[2026-09-21T23:02:01.821+0000] {logging_mixin.py:190} INFO - 2026-09-21 23:02:01,821 INFO sqlalchemy.engine.Engine BEGIN (implicit)
[2026-09-21T23:02:01.821+0000] {base.py:1032} INFO - BEGIN (implicit)
[2026-09-21T23:02:01.823+0000] {logging_mixin.py:190} INFO - 2026-09-21 23:02:01,823 INFO sqlalchemy.engine.Engine INSERT INTO artista (nombre_artista, id_spotify) VALUES (%(nombre_artista)s, %(id_spotify)s) RETURNING artista.id_artista
[2026-09-21T23:02:01.823+0000] {base.py:1863} INFO - INSERT INTO artista (nombre_artista, id_spotify) VALUES (%(nombre_artista)s, %(id_spotify)s) RETURNING artista.id_artista
[2026-09-21T23:02:01.823+0000] {logging_mixin.py:190} INFO - 2026-09-21 23:02:01,823 INFO sqlalchemy.engine.Engine [generated in 0.00046s] {'nombre_artista': 'Snoop Dogg', 'id_spotify': '7hJcb9fa4alzcOq3EaNPoG'}
[2026-09-21T23:02:01.823+0000] {base.py:1868} INFO - [generated in 0.00046s] {'nombre_artista': 'Snoop Dogg', 'id_spotify': '7hJcb9fa4alzcOq3EaNPoG'}
[2026-09-21T23:02:01.845+0000] {logging_mixin.py:190} INFO - 2026-09-21 23:02:01,845 INFO sqlalchemy.engine.Engine COMMIT
[2026-09-21T23:02:01.845+0000] {base.py:1092} INFO - COMMIT
[2026-09-21T23:02:01.846+0000] {logging_mixin.py:190} INFO - Registro insertado correctamente
[2026-09-21T23:02:01.846+0000] {spotify_etl_pro.py:280} INFO - OK. Se ingreso la informacion en la tabla
[2026-09-21T23:02:01.846+0000] {python.py:240} INFO - Done. Returned value was: None
[2026-09-21T23:02:01.856+0000] {taskinstance.py:340} INFO - ::group::Post task execution logs
[2026-09-21T23:02:01.857+0000] {taskinstance.py:352} INFO - Marking task as SUCCESS. dag_id=spotify_etl_pro, task_id=artista.subir_inf_artista, run_id=manual__2026-09-21T23:01:40+00:00, execution_date=20260921T230140, start_date=20260921T230201, end_date=20260921T230201
[2026-09-21T23:02:01.898+0000] {local_task_job_runner.py:266} INFO - Task exited with return code 0
[2026-09-21T23:02:01.924+0000] {taskinstance.py:3895} INFO - 0 downstream tasks scheduled from follow-on schedule check
[2026-09-21T23:02:01.925+0000] {local_task_job_runner.py:245} INFO - ::endgroup::
