[2026-09-19T22:51:03.887+0000] {processor.py:186} INFO - Started process (PID=167) to work on /opt/airflow/dags/spotify_etl_pro.py
[2026-09-19T22:51:03.888+0000] {processor.py:914} INFO - Processing file /opt/airflow/dags/spotify_etl_pro.py for tasks to queue
[2026-09-19T22:51:03.892+0000] {logging_mixin.py:190} INFO - [2026-09-19T22:51:03.892+0000] {dagbag.py:588} INFO - Filling up the DagBag from /opt/airflow/dags/spotify_etl_pro.py
[2026-09-19T22:51:03.926+0000] {processor.py:925} INFO - DAG(s) 'spotify_etl_pro' retrieved from /opt/airflow/dags/spotify_etl_pro.py
[2026-09-19T22:51:03.999+0000] {logging_mixin.py:190} INFO - [2026-09-19T22:51:03.999+0000] {dag.py:3239} INFO - Sync 1 DAGs
[2026-09-19T22:51:04.017+0000] {logging_mixin.py:190} INFO - [2026-09-19T22:51:04.017+0000] {dag.py:4180} INFO - Setting next_dagrun for spotify_etl_pro to 2026-09-19 00:00:00+00:00, run_after=2026-09-20 00:00:00+00:00
[2026-09-19T22:51:04.031+0000] {processor.py:208} INFO - Processing /opt/airflow/dags/spotify_etl_pro.py took 0.154 seconds
[2026-09-19T22:51:34.240+0000] {processor.py:186} INFO - Started process (PID=172) to work on /opt/airflow/dags/spotify_etl_pro.py
[2026-09-19T22:51:34.244+0000] {processor.py:914} INFO - Processing file /opt/airflow/dags/spotify_etl_pro.py for tasks to queue
[2026-09-19T22:51:34.249+0000] {logging_mixin.py:190} INFO - [2026-09-19T22:51:34.248+0000] {dagbag.py:588} INFO - Filling up the DagBag from /opt/airflow/dags/spotify_etl_pro.py
[2026-09-19T22:51:34.282+0000] {processor.py:925} INFO - DAG(s) 'spotify_etl_pro' retrieved from /opt/airflow/dags/spotify_etl_pro.py
[2026-09-19T22:51:34.353+0000] {logging_mixin.py:190} INFO - [2026-09-19T22:51:34.353+0000] {dag.py:3239} INFO - Sync 1 DAGs
[2026-09-19T22:51:34.374+0000] {logging_mixin.py:190} INFO - [2026-09-19T22:51:34.374+0000] {dag.py:4180} INFO - Setting next_dagrun for spotify_etl_pro to 2026-09-19 00:00:00+00:00, run_after=2026-09-20 00:00:00+00:00
[2026-09-19T22:51:34.390+0000] {processor.py:208} INFO - Processing /opt/airflow/dags/spotify_etl_pro.py took 0.161 seconds
[2026-09-19T22:52:04.817+0000] {processor.py:186} INFO - Started process (PID=203) to work on /opt/airflow/dags/spotify_etl_pro.py
[2026-09-19T22:52:04.818+0000] {processor.py:914} INFO - Processing file /opt/airflow/dags/spotify_etl_pro.py for tasks to queue
[2026-09-19T22:52:04.822+0000] {logging_mixin.py:190} INFO - [2026-09-19T22:52:04.822+0000] {dagbag.py:588} INFO - Filling up the DagBag from /opt/airflow/dags/spotify_etl_pro.py
[2026-09-19T22:52:04.858+0000] {processor.py:925} INFO - DAG(s) 'spotify_etl_pro' retrieved from /opt/airflow/dags/spotify_etl_pro.py
[2026-09-19T22:52:04.926+0000] {logging_mixin.py:190} INFO - [2026-09-19T22:52:04.925+0000] {dag.py:3239} INFO - Sync 1 DAGs
[2026-09-19T22:52:04.941+0000] {logging_mixin.py:190} INFO - [2026-09-19T22:52:04.941+0000] {dag.py:4180} INFO - Setting next_dagrun for spotify_etl_pro to 2026-09-19 00:00:00+00:00, run_after=2026-09-20 00:00:00+00:00
[2026-09-19T22:52:04.953+0000] {processor.py:208} INFO - Processing /opt/airflow/dags/spotify_etl_pro.py took 0.157 seconds
[2026-09-19T22:52:35.288+0000] {processor.py:186} INFO - Started process (PID=211) to work on /opt/airflow/dags/spotify_etl_pro.py
[2026-09-19T22:52:35.290+0000] {processor.py:914} INFO - Processing file /opt/airflow/dags/spotify_etl_pro.py for tasks to queue
[2026-09-19T22:52:35.297+0000] {logging_mixin.py:190} INFO - [2026-09-19T22:52:35.296+0000] {dagbag.py:588} INFO - Filling up the DagBag from /opt/airflow/dags/spotify_etl_pro.py
[2026-09-19T22:52:35.336+0000] {processor.py:925} INFO - DAG(s) 'spotify_etl_pro' retrieved from /opt/airflow/dags/spotify_etl_pro.py
[2026-09-19T22:52:35.422+0000] {logging_mixin.py:190} INFO - [2026-09-19T22:52:35.422+0000] {dag.py:3239} INFO - Sync 1 DAGs
[2026-09-19T22:52:35.446+0000] {logging_mixin.py:190} INFO - [2026-09-19T22:52:35.445+0000] {dag.py:4180} INFO - Setting next_dagrun for spotify_etl_pro to 2026-09-19 00:00:00+00:00, run_after=2026-09-20 00:00:00+00:00
[2026-09-19T22:52:35.458+0000] {processor.py:208} INFO - Processing /opt/airflow/dags/spotify_etl_pro.py took 0.191 seconds
[2026-09-19T22:53:05.801+0000] {processor.py:186} INFO - Started process (PID=216) to work on /opt/airflow/dags/spotify_etl_pro.py
[2026-09-19T22:53:05.802+0000] {processor.py:914} INFO - Processing file /opt/airflow/dags/spotify_etl_pro.py for tasks to queue
[2026-09-19T22:53:05.805+0000] {logging_mixin.py:190} INFO - [2026-09-19T22:53:05.805+0000] {dagbag.py:588} INFO - Filling up the DagBag from /opt/airflow/dags/spotify_etl_pro.py
[2026-09-19T22:53:05.843+0000] {processor.py:925} INFO - DAG(s) 'spotify_etl_pro' retrieved from /opt/airflow/dags/spotify_etl_pro.py
[2026-09-19T22:53:05.911+0000] {logging_mixin.py:190} INFO - [2026-09-19T22:53:05.911+0000] {dag.py:3239} INFO - Sync 1 DAGs
[2026-09-19T22:53:05.928+0000] {logging_mixin.py:190} INFO - [2026-09-19T22:53:05.928+0000] {dag.py:4180} INFO - Setting next_dagrun for spotify_etl_pro to 2026-09-19 00:00:00+00:00, run_after=2026-09-20 00:00:00+00:00
[2026-09-19T22:53:05.939+0000] {processor.py:208} INFO - Processing /opt/airflow/dags/spotify_etl_pro.py took 0.161 seconds
[2026-09-19T22:53:36.211+0000] {processor.py:186} INFO - Started process (PID=221) to work on /opt/airflow/dags/spotify_etl_pro.py
[2026-09-19T22:53:36.213+0000] {processor.py:914} INFO - Processing file /opt/airflow/dags/spotify_etl_pro.py for tasks to queue
[2026-09-19T22:53:36.216+0000] {logging_mixin.py:190} INFO - [2026-09-19T22:53:36.215+0000] {dagbag.py:588} INFO - Filling up the DagBag from /opt/airflow/dags/spotify_etl_pro.py
[2026-09-19T22:53:36.248+0000] {processor.py:925} INFO - DAG(s) 'spotify_etl_pro' retrieved from /opt/airflow/dags/spotify_etl_pro.py
[2026-09-19T22:53:36.307+0000] {logging_mixin.py:190} INFO - [2026-09-19T22:53:36.307+0000] {dag.py:3239} INFO - Sync 1 DAGs
[2026-09-19T22:53:36.323+0000] {logging_mixin.py:190} INFO - [2026-09-19T22:53:36.323+0000] {dag.py:4180} INFO - Setting next_dagrun for spotify_etl_pro to 2026-09-19 00:00:00+00:00, run_after=2026-09-20 00:00:00+00:00
[2026-09-19T22:53:36.333+0000] {processor.py:208} INFO - Processing /opt/airflow/dags/spotify_etl_pro.py took 0.133 seconds
[2026-09-19T22:54:06.609+0000] {processor.py:186} INFO - Started process (PID=226) to work on /opt/airflow/dags/spotify_etl_pro.py
[2026-09-19T22:54:06.610+0000] {processor.py:914} INFO - Processing file /opt/airflow/dags/spotify_etl_pro.py for tasks to queue
[2026-09-19T22:54:06.612+0000] {logging_mixin.py:190} INFO - [2026-09-19T22:54:06.611+0000] {dagbag.py:588} INFO - Filling up the DagBag from /opt/airflow/dags/spotify_etl_pro.py
[2026-09-19T22:54:06.636+0000] {processor.py:925} INFO - DAG(s) 'spotify_etl_pro' retrieved from /opt/airflow/dags/spotify_etl_pro.py
[2026-09-19T22:54:06.694+0000] {logging_mixin.py:190} INFO - [2026-09-19T22:54:06.694+0000] {dag.py:3239} INFO - Sync 1 DAGs
[2026-09-19T22:54:06.705+0000] {logging_mixin.py:190} INFO - [2026-09-19T22:54:06.705+0000] {dag.py:4180} INFO - Setting next_dagrun for spotify_etl_pro to 2026-09-19 00:00:00+00:00, run_after=2026-09-20 00:00:00+00:00
[2026-09-19T22:54:06.713+0000] {processor.py:208} INFO - Processing /opt/airflow/dags/spotify_etl_pro.py took 0.111 seconds
[2026-09-19T22:54:36.954+0000] {processor.py:186} INFO - Started process (PID=231) to work on /opt/airflow/dags/spotify_etl_pro.py
[2026-09-19T22:54:36.955+0000] {processor.py:914} INFO - Processing file /opt/airflow/dags/spotify_etl_pro.py for tasks to queue
[2026-09-19T22:54:36.957+0000] {logging_mixin.py:190} INFO - [2026-09-19T22:54:36.957+0000] {dagbag.py:588} INFO - Filling up the DagBag from /opt/airflow/dags/spotify_etl_pro.py
[2026-09-19T22:54:36.982+0000] {processor.py:925} INFO - DAG(s) 'spotify_etl_pro' retrieved from /opt/airflow/dags/spotify_etl_pro.py
[2026-09-19T22:54:37.045+0000] {logging_mixin.py:190} INFO - [2026-09-19T22:54:37.045+0000] {dag.py:3239} INFO - Sync 1 DAGs
[2026-09-19T22:54:37.061+0000] {logging_mixin.py:190} INFO - [2026-09-19T22:54:37.060+0000] {dag.py:4180} INFO - Setting next_dagrun for spotify_etl_pro to 2026-09-19 00:00:00+00:00, run_after=2026-09-20 00:00:00+00:00
[2026-09-19T22:54:37.077+0000] {processor.py:208} INFO - Processing /opt/airflow/dags/spotify_etl_pro.py took 0.129 seconds
