[2026-09-23T03:18:34.649+0000] {local_task_job_runner.py:123} INFO - ::group::Pre task execution logs
[2026-09-23T03:18:34.666+0000] {taskinstance.py:2613} INFO - Dependencies all met for dep_context=non-requeueable deps ti=<TaskInstance: spotify_etl_pro.tiempo_espera_30s manual__2026-09-23T03:18:21+00:00 [queued]>
[2026-09-23T03:18:34.674+0000] {taskinstance.py:2613} INFO - Dependencies all met for dep_context=requeueable deps ti=<TaskInstance: spotify_etl_pro.tiempo_espera_30s manual__2026-09-23T03:18:21+00:00 [queued]>
[2026-09-23T03:18:34.676+0000] {taskinstance.py:2866} INFO - Starting attempt 1 of 3
[2026-09-23T03:18:34.689+0000] {taskinstance.py:2889} INFO - Executing <Task(BashOperator): tiempo_espera_30s> on 2026-09-23 03:18:21+00:00
[2026-09-23T03:18:34.696+0000] {standard_task_runner.py:72} INFO - Started process 2309 to run task
[2026-09-23T03:18:34.704+0000] {standard_task_runner.py:104} INFO - Running: ['airflow', 'tasks', 'run', 'spotify_etl_pro', 'tiempo_espera_30s', 'manual__2026-09-23T03:18:21+00:00', '--job-id', '996', '--raw', '--subdir', 'DAGS_FOLDER/spotify_etl_pro.py', '--cfg-path', '/tmp/tmp6em7klkh']
[2026-09-23T03:18:34.712+0000] {standard_task_runner.py:105} INFO - Job 996: Subtask tiempo_espera_30s
[2026-09-23T03:18:34.779+0000] {task_command.py:467} INFO - Running <TaskInstance: spotify_etl_pro.tiempo_espera_30s manual__2026-09-23T03:18:21+00:00 [running]> on host 96d0bddc4644
[2026-09-23T03:18:34.855+0000] {taskinstance.py:3132} INFO - Exporting env vars: AIRFLOW_CTX_DAG_OWNER='axel' AIRFLOW_CTX_DAG_ID='spotify_etl_pro' AIRFLOW_CTX_TASK_ID='tiempo_espera_30s' AIRFLOW_CTX_EXECUTION_DATE='2026-09-23T03:18:21+00:00' AIRFLOW_CTX_TRY_NUMBER='1' AIRFLOW_CTX_DAG_RUN_ID='manual__2026-09-23T03:18:21+00:00'
[2026-09-23T03:18:34.856+0000] {taskinstance.py:731} INFO - ::endgroup::
[2026-09-23T03:18:34.858+0000] {subprocess.py:78} INFO - Tmp dir root location: /tmp
[2026-09-23T03:18:34.859+0000] {subprocess.py:88} INFO - Running command: ['/usr/bin/bash', '-c', 'sleep 30']
[2026-09-23T03:18:34.866+0000] {subprocess.py:99} INFO - Output:
[2026-09-23T03:19:04.889+0000] {subprocess.py:110} INFO - Command exited with return code 0
[2026-09-23T03:19:05.112+0000] {taskinstance.py:340} INFO - ::group::Post task execution logs
[2026-09-23T03:19:05.115+0000] {taskinstance.py:352} INFO - Marking task as SUCCESS. dag_id=spotify_etl_pro, task_id=tiempo_espera_30s, run_id=manual__2026-09-23T03:18:21+00:00, execution_date=20260923T031821, start_date=20260923T031834, end_date=20260923T031905
[2026-09-23T03:19:05.180+0000] {local_task_job_runner.py:266} INFO - Task exited with return code 0
[2026-09-23T03:19:05.250+0000] {taskinstance.py:3895} INFO - 1 downstream tasks scheduled from follow-on schedule check
[2026-09-23T03:19:05.252+0000] {local_task_job_runner.py:245} INFO - ::endgroup::
