[2026-09-23T03:19:15.931+0000] {local_task_job_runner.py:123} INFO - ::group::Pre task execution logs
[2026-09-23T03:19:15.943+0000] {taskinstance.py:2613} INFO - Dependencies all met for dep_context=non-requeueable deps ti=<TaskInstance: spotify_etl_pro.condicion_proceso_album manual__2026-09-23T03:18:21+00:00 [queued]>
[2026-09-23T03:19:15.948+0000] {taskinstance.py:2613} INFO - Dependencies all met for dep_context=requeueable deps ti=<TaskInstance: spotify_etl_pro.condicion_proceso_album manual__2026-09-23T03:18:21+00:00 [queued]>
[2026-09-23T03:19:15.948+0000] {taskinstance.py:2866} INFO - Starting attempt 1 of 3
[2026-09-23T03:19:15.956+0000] {taskinstance.py:2889} INFO - Executing <Task(ShortCircuitOperator): condicion_proceso_album> on 2026-09-23 03:18:21+00:00
[2026-09-23T03:19:15.965+0000] {standard_task_runner.py:72} INFO - Started process 2331 to run task
[2026-09-23T03:19:15.970+0000] {standard_task_runner.py:104} INFO - Running: ['airflow', 'tasks', 'run', 'spotify_etl_pro', 'condicion_proceso_album', 'manual__2026-09-23T03:18:21+00:00', '--job-id', '1001', '--raw', '--subdir', 'DAGS_FOLDER/spotify_etl_pro.py', '--cfg-path', '/tmp/tmpo_l0dayj']
[2026-09-23T03:19:15.974+0000] {standard_task_runner.py:105} INFO - Job 1001: Subtask condicion_proceso_album
[2026-09-23T03:19:16.022+0000] {task_command.py:467} INFO - Running <TaskInstance: spotify_etl_pro.condicion_proceso_album manual__2026-09-23T03:18:21+00:00 [running]> on host 96d0bddc4644
[2026-09-23T03:19:16.081+0000] {taskinstance.py:3132} INFO - Exporting env vars: AIRFLOW_CTX_DAG_OWNER='axel' AIRFLOW_CTX_DAG_ID='spotify_etl_pro' AIRFLOW_CTX_TASK_ID='condicion_proceso_album' AIRFLOW_CTX_EXECUTION_DATE='2026-09-23T03:18:21+00:00' AIRFLOW_CTX_TRY_NUMBER='1' AIRFLOW_CTX_DAG_RUN_ID='manual__2026-09-23T03:18:21+00:00'
[2026-09-23T03:19:16.082+0000] {taskinstance.py:731} INFO - ::endgroup::
[2026-09-23T03:19:16.083+0000] {baseoperator.py:416} WARNING - ShortCircuitOperator.execute cannot be called outside TaskInstance!
[2026-09-23T03:19:16.084+0000] {python.py:240} INFO - Done. Returned value was: False
[2026-09-23T03:19:16.084+0000] {python.py:309} INFO - Condition result is False
[2026-09-23T03:19:16.084+0000] {python.py:336} INFO - Skipping downstream tasks
[2026-09-23T03:19:16.102+0000] {python.py:344} INFO - Done.
[2026-09-23T03:19:16.115+0000] {taskinstance.py:340} INFO - ::group::Post task execution logs
[2026-09-23T03:19:16.115+0000] {taskinstance.py:352} INFO - Marking task as SUCCESS. dag_id=spotify_etl_pro, task_id=condicion_proceso_album, run_id=manual__2026-09-23T03:18:21+00:00, execution_date=20260923T031821, start_date=20260923T031915, end_date=20260923T031916
[2026-09-23T03:19:16.147+0000] {local_task_job_runner.py:266} INFO - Task exited with return code 0
[2026-09-23T03:19:16.160+0000] {taskinstance.py:3895} INFO - 0 downstream tasks scheduled from follow-on schedule check
[2026-09-23T03:19:16.162+0000] {local_task_job_runner.py:245} INFO - ::endgroup::
