[2026-09-22T01:37:48.791+0000] {local_task_job_runner.py:123} INFO - ::group::Pre task execution logs
[2026-09-22T01:37:48.808+0000] {taskinstance.py:2613} INFO - Dependencies all met for dep_context=non-requeueable deps ti=<TaskInstance: spotify_etl_pro.albun.subir_inf_albums scheduled__2026-09-21T00:00:00+00:00 [queued]>
[2026-09-22T01:37:48.816+0000] {taskinstance.py:2613} INFO - Dependencies all met for dep_context=requeueable deps ti=<TaskInstance: spotify_etl_pro.albun.subir_inf_albums scheduled__2026-09-21T00:00:00+00:00 [queued]>
[2026-09-22T01:37:48.816+0000] {taskinstance.py:2866} INFO - Starting attempt 1 of 3
[2026-09-22T01:37:48.824+0000] {taskinstance.py:2889} INFO - Executing <Task(_PythonDecoratedOperator): albun.subir_inf_albums> on 2026-09-21 00:00:00+00:00
[2026-09-22T01:37:48.830+0000] {standard_task_runner.py:72} INFO - Started process 1500 to run task
[2026-09-22T01:37:48.834+0000] {standard_task_runner.py:104} INFO - Running: ['airflow', 'tasks', 'run', 'spotify_etl_pro', 'albun.subir_inf_albums', 'scheduled__2026-09-21T00:00:00+00:00', '--job-id', '764', '--raw', '--subdir', 'DAGS_FOLDER/spotify_etl_pro.py', '--cfg-path', '/tmp/tmpmiharnrv']
[2026-09-22T01:37:48.840+0000] {standard_task_runner.py:105} INFO - Job 764: Subtask albun.subir_inf_albums
[2026-09-22T01:37:48.884+0000] {task_command.py:467} INFO - Running <TaskInstance: spotify_etl_pro.albun.subir_inf_albums scheduled__2026-09-21T00:00:00+00:00 [running]> on host 96d0bddc4644
[2026-09-22T01:37:48.963+0000] {taskinstance.py:3132} INFO - Exporting env vars: AIRFLOW_CTX_DAG_OWNER='axel' AIRFLOW_CTX_DAG_ID='spotify_etl_pro' AIRFLOW_CTX_TASK_ID='albun.subir_inf_albums' AIRFLOW_CTX_EXECUTION_DATE='2026-09-21T00:00:00+00:00' AIRFLOW_CTX_TRY_NUMBER='1' AIRFLOW_CTX_DAG_RUN_ID='scheduled__2026-09-21T00:00:00+00:00'
[2026-09-22T01:37:48.965+0000] {taskinstance.py:731} INFO - ::endgroup::
[2026-09-22T01:37:48.968+0000] {base.py:1032} INFO - BEGIN (implicit)
[2026-09-22T01:37:48.969+0000] {base.py:1863} INFO - INSERT INTO album (nombre_album, id_spotify, fecha_lanzamiento, num_canciones, id_artista) VALUES (%(nombre_album)s, %(id_spotify)s, %(fecha_lanzamiento)s, %(num_canciones)s, %(id_artista)s)
[2026-09-22T01:37:48.969+0000] {base.py:1868} INFO - [generated in 0.00033s] ({'nombre_album': 'DeBÍ TiRAR MáS FOToS', 'id_spotify': '5K79FLRUCSysQnVESLcTdb', 'fecha_lanzamiento': datetime.date(2025, 1, 5), 'num_canciones': 17, 'id_artista': 37}, {'nombre_album': 'nadie sabe lo que va a pasar mañana', 'id_spotify': '4FftCsAcXXD1nFO9RFUNFO', 'fecha_lanzamiento': datetime.date(2023, 10, 13), 'num_canciones': 22, 'id_artista': 37}, {'nombre_album': 'Un Verano Sin Ti', 'id_spotify': '3RQQmkQEvNCY4prGKE6oc5', 'fecha_lanzamiento': datetime.date(2022, 5, 6), 'num_canciones': 23, 'id_artista': 37}, {'nombre_album': 'EL ÚLTIMO TOUR DEL MUNDO', 'id_spotify': '2d9BCZeAAhiZWPpbX9aPCW', 'fecha_lanzamiento': datetime.date(2020, 11, 27), 'num_canciones': 16, 'id_artista': 37}, {'nombre_album': 'LAS QUE NO IBAN A SALIR', 'id_spotify': '4gvQO5mEuhbMSrLIuwXkmz', 'fecha_lanzamiento': datetime.date(2020, 5, 10), 'num_canciones': 10, 'id_artista': 37}, {'nombre_album': 'YHLQMDLG', 'id_spotify': '5lJqux7orBlA1QzyiBGti1', 'fecha_lanzamiento': datetime.date(2020, 2, 29), 'num_canciones': 20, 'id_artista': 37}, {'nombre_album': 'OASIS', 'id_spotify': '6ylFfzx32ICw4L1A7YWNLN', 'fecha_lanzamiento': datetime.date(2019, 6, 28), 'num_canciones': 8, 'id_artista': 37}, {'nombre_album': 'X 100PRE', 'id_spotify': '7CjJb2mikwAWA1V6kewFBF', 'fecha_lanzamiento': datetime.date(2018, 12, 23), 'num_canciones': 15, 'id_artista': 37})
[2026-09-22T01:37:48.974+0000] {base.py:1060} INFO - ROLLBACK
[2026-09-22T01:37:48.974+0000] {logging_mixin.py:190} INFO - ERROR: (psycopg2.errors.UniqueViolation) duplicate key value violates unique constraint "album_id_spotify_key"
DETAIL:  Key (id_spotify)=(5K79FLRUCSysQnVESLcTdb) already exists.

[SQL: INSERT INTO album (nombre_album, id_spotify, fecha_lanzamiento, num_canciones, id_artista) VALUES (%(nombre_album)s, %(id_spotify)s, %(fecha_lanzamiento)s, %(num_canciones)s, %(id_artista)s)]
[parameters: ({'nombre_album': 'DeBÍ TiRAR MáS FOToS', 'id_spotify': '5K79FLRUCSysQnVESLcTdb', 'fecha_lanzamiento': datetime.date(2025, 1, 5), 'num_canciones': 17, 'id_artista': 37}, {'nombre_album': 'nadie sabe lo que va a pasar mañana', 'id_spotify': '4FftCsAcXXD1nFO9RFUNFO', 'fecha_lanzamiento': datetime.date(2023, 10, 13), 'num_canciones': 22, 'id_artista': 37}, {'nombre_album': 'Un Verano Sin Ti', 'id_spotify': '3RQQmkQEvNCY4prGKE6oc5', 'fecha_lanzamiento': datetime.date(2022, 5, 6), 'num_canciones': 23, 'id_artista': 37}, {'nombre_album': 'EL ÚLTIMO TOUR DEL MUNDO', 'id_spotify': '2d9BCZeAAhiZWPpbX9aPCW', 'fecha_lanzamiento': datetime.date(2020, 11, 27), 'num_canciones': 16, 'id_artista': 37}, {'nombre_album': 'LAS QUE NO IBAN A SALIR', 'id_spotify': '4gvQO5mEuhbMSrLIuwXkmz', 'fecha_lanzamiento': datetime.date(2020, 5, 10), 'num_canciones': 10, 'id_artista': 37}, {'nombre_album': 'YHLQMDLG', 'id_spotify': '5lJqux7orBlA1QzyiBGti1', 'fecha_lanzamiento': datetime.date(2020, 2, 29), 'num_canciones': 20, 'id_artista': 37}, {'nombre_album': 'OASIS', 'id_spotify': '6ylFfzx32ICw4L1A7YWNLN', 'fecha_lanzamiento': datetime.date(2019, 6, 28), 'num_canciones': 8, 'id_artista': 37}, {'nombre_album': 'X 100PRE', 'id_spotify': '7CjJb2mikwAWA1V6kewFBF', 'fecha_lanzamiento': datetime.date(2018, 12, 23), 'num_canciones': 15, 'id_artista': 37})]
(Background on this error at: https://sqlalche.me/e/14/gkpj)
[2026-09-22T01:37:48.975+0000] {spotify_etl_pro.py:289} INFO - OK. Se ingreso la informacion en la tabla
[2026-09-22T01:37:48.975+0000] {python.py:240} INFO - Done. Returned value was: None
[2026-09-22T01:37:48.982+0000] {taskinstance.py:340} INFO - ::group::Post task execution logs
[2026-09-22T01:37:48.983+0000] {taskinstance.py:352} INFO - Marking task as SUCCESS. dag_id=spotify_etl_pro, task_id=albun.subir_inf_albums, run_id=scheduled__2026-09-21T00:00:00+00:00, execution_date=20260921T000000, start_date=20260922T013748, end_date=20260922T013748
[2026-09-22T01:37:49.012+0000] {local_task_job_runner.py:266} INFO - Task exited with return code 0
[2026-09-22T01:37:49.055+0000] {taskinstance.py:3895} INFO - 0 downstream tasks scheduled from follow-on schedule check
[2026-09-22T01:37:49.056+0000] {local_task_job_runner.py:245} INFO - ::endgroup::
