[2026-09-23T04:25:02.432+0000] {local_task_job_runner.py:123} INFO - ::group::Pre task execution logs
[2026-09-23T04:25:02.448+0000] {taskinstance.py:2613} INFO - Dependencies all met for dep_context=non-requeueable deps ti=<TaskInstance: spotify_etl_pro.canciones.create_tabla_canciones manual__2026-09-23T04:21:33+00:00 [queued]>
[2026-09-23T04:25:02.453+0000] {taskinstance.py:2613} INFO - Dependencies all met for dep_context=requeueable deps ti=<TaskInstance: spotify_etl_pro.canciones.create_tabla_canciones manual__2026-09-23T04:21:33+00:00 [queued]>
[2026-09-23T04:25:02.454+0000] {taskinstance.py:2866} INFO - Starting attempt 1 of 3
[2026-09-23T04:25:02.471+0000] {taskinstance.py:2889} INFO - Executing <Task(_PythonDecoratedOperator): canciones.create_tabla_canciones> on 2026-09-23 04:21:33+00:00
[2026-09-23T04:25:02.486+0000] {standard_task_runner.py:72} INFO - Started process 3273 to run task
[2026-09-23T04:25:02.527+0000] {standard_task_runner.py:104} INFO - Running: ['airflow', 'tasks', 'run', 'spotify_etl_pro', 'canciones.create_tabla_canciones', 'manual__2026-09-23T04:21:33+00:00', '--job-id', '1038', '--raw', '--subdir', 'DAGS_FOLDER/spotify_etl_pro.py', '--cfg-path', '/tmp/tmpzkoyhxhx']
[2026-09-23T04:25:02.544+0000] {standard_task_runner.py:105} INFO - Job 1038: Subtask canciones.create_tabla_canciones
[2026-09-23T04:25:02.718+0000] {task_command.py:467} INFO - Running <TaskInstance: spotify_etl_pro.canciones.create_tabla_canciones manual__2026-09-23T04:21:33+00:00 [running]> on host 96d0bddc4644
[2026-09-23T04:25:02.906+0000] {taskinstance.py:3132} INFO - Exporting env vars: AIRFLOW_CTX_DAG_OWNER='axel' AIRFLOW_CTX_DAG_ID='spotify_etl_pro' AIRFLOW_CTX_TASK_ID='canciones.create_tabla_canciones' AIRFLOW_CTX_EXECUTION_DATE='2026-09-23T04:21:33+00:00' AIRFLOW_CTX_TRY_NUMBER='1' AIRFLOW_CTX_DAG_RUN_ID='manual__2026-09-23T04:21:33+00:00'
[2026-09-23T04:25:02.919+0000] {taskinstance.py:731} INFO - ::endgroup::
[2026-09-23T04:25:02.925+0000] {base.py:1032} INFO - BEGIN (implicit)
[2026-09-23T04:25:02.929+0000] {base.py:1863} INFO - select relname from pg_class c join pg_namespace n on n.oid=c.relnamespace where pg_catalog.pg_table_is_visible(c.oid) and relname=%(name)s
[2026-09-23T04:25:02.930+0000] {base.py:1868} INFO - [generated in 0.00187s] {'name': 'canciones'}
[2026-09-23T04:25:02.934+0000] {base.py:1092} INFO - COMMIT
[2026-09-23T04:25:02.936+0000] {logging_mixin.py:190} INFO - Tabla 'canciones' verificada/creada correctamente.
[2026-09-23T04:25:02.936+0000] {spotify_etl_pro.py:269} INFO - OK. Se creo la Tabla.
[2026-09-23T04:25:02.937+0000] {python.py:240} INFO - Done. Returned value was: None
[2026-09-23T04:25:02.953+0000] {taskinstance.py:340} INFO - ::group::Post task execution logs
[2026-09-23T04:25:02.955+0000] {taskinstance.py:352} INFO - Marking task as SUCCESS. dag_id=spotify_etl_pro, task_id=canciones.create_tabla_canciones, run_id=manual__2026-09-23T04:21:33+00:00, execution_date=20260923T042133, start_date=20260923T042502, end_date=20260923T042502
[2026-09-23T04:25:03.021+0000] {local_task_job_runner.py:266} INFO - Task exited with return code 0
[2026-09-23T04:25:03.087+0000] {local_task_job_runner.py:245} INFO - ::endgroup::
