[2026-09-23T00:00:44.263+0000] {local_task_job_runner.py:123} INFO - ::group::Pre task execution logs
[2026-09-23T00:00:44.284+0000] {taskinstance.py:2613} INFO - Dependencies all met for dep_context=non-requeueable deps ti=<TaskInstance: spotify_etl_pro.mas_informacion.extraer_mas_info scheduled__2026-09-22T00:00:00+00:00 [queued]>
[2026-09-23T00:00:44.294+0000] {taskinstance.py:2613} INFO - Dependencies all met for dep_context=requeueable deps ti=<TaskInstance: spotify_etl_pro.mas_informacion.extraer_mas_info scheduled__2026-09-22T00:00:00+00:00 [queued]>
[2026-09-23T00:00:44.294+0000] {taskinstance.py:2866} INFO - Starting attempt 1 of 3
[2026-09-23T00:00:44.304+0000] {taskinstance.py:2889} INFO - Executing <Task(_PythonDecoratedOperator): mas_informacion.extraer_mas_info> on 2026-09-22 00:00:00+00:00
[2026-09-23T00:00:44.313+0000] {standard_task_runner.py:72} INFO - Started process 873 to run task
[2026-09-23T00:00:44.316+0000] {standard_task_runner.py:104} INFO - Running: ['airflow', 'tasks', 'run', 'spotify_etl_pro', 'mas_informacion.extraer_mas_info', 'scheduled__2026-09-22T00:00:00+00:00', '--job-id', '928', '--raw', '--subdir', 'DAGS_FOLDER/spotify_etl_pro.py', '--cfg-path', '/tmp/tmp9yi9xom1']
[2026-09-23T00:00:44.319+0000] {standard_task_runner.py:105} INFO - Job 928: Subtask mas_informacion.extraer_mas_info
[2026-09-23T00:00:44.368+0000] {task_command.py:467} INFO - Running <TaskInstance: spotify_etl_pro.mas_informacion.extraer_mas_info scheduled__2026-09-22T00:00:00+00:00 [running]> on host 96d0bddc4644
[2026-09-23T00:00:44.428+0000] {taskinstance.py:3132} INFO - Exporting env vars: AIRFLOW_CTX_DAG_OWNER='axel' AIRFLOW_CTX_DAG_ID='spotify_etl_pro' AIRFLOW_CTX_TASK_ID='mas_informacion.extraer_mas_info' AIRFLOW_CTX_EXECUTION_DATE='2026-09-22T00:00:00+00:00' AIRFLOW_CTX_TRY_NUMBER='1' AIRFLOW_CTX_DAG_RUN_ID='scheduled__2026-09-22T00:00:00+00:00'
[2026-09-23T00:00:44.430+0000] {taskinstance.py:731} INFO - ::endgroup::
[2026-09-23T00:00:44.468+0000] {base.py:1032} INFO - BEGIN (implicit)
[2026-09-23T00:00:44.469+0000] {base.py:1863} INFO - SELECT artista.nombre_artista 
FROM artista ORDER BY artista.nombre_artista ASC
[2026-09-23T00:00:44.469+0000] {base.py:1868} INFO - [generated in 0.00025s] {}
[2026-09-23T00:00:44.470+0000] {base.py:1060} INFO - ROLLBACK
[2026-09-23T00:00:44.470+0000] {spotify_etl_pro.py:231} INFO - ['Amduscia', 'Bad Bunny', 'Belanova', 'Boy Harsher', 'Charles Ans', 'Dabeull', 'Daddy Yankee', 'Doja Cat', 'Ductape', 'Empire Of The Sun', 'EXO', 'fedesttar', 'Hapax', 'Hocico', 'José José', 'Justin Bieber', 'Kendrick Lamar', 'Kiddie Gang', 'Kris Floyd', 'Linkin Park', 'Marilyn Manson', 'Mecano', 'Méne', 'Metallica', 'Plan B', 'Rihanna', 'Robot95', 'Snoop Dogg', 'Soda Stereo', 'Steve Lukather', 'The Weeknd', 'Tony Succar', 'Tyga', 'Utro', 'Zoé']
[2026-09-23T00:00:44.954+0000] {spotify_etl_pro.py:233} INFO - OK. Iniciando proceso de extraccion mediante Playwrite
[2026-09-23T00:00:47.400+0000] {logging_mixin.py:190} INFO - Ingresamos en el buscador a: Amduscia.
[2026-09-23T00:00:53.882+0000] {logging_mixin.py:190} INFO - Seleccionamos apartado de Artistas.
[2026-09-23T00:01:03.154+0000] {logging_mixin.py:190} INFO - Validando que exista el artista a buscar.
[2026-09-23T00:01:03.184+0000] {logging_mixin.py:190} INFO - Tarjetas encontradas: ['Amanda Miguel', 'Andrea Bocelli', 'Amduscia', 'Andrés Obregón', 'Andy Rivera', 'And One', 'André Rieu', 'Andrés Vázquez', 'Andrés Calamaro', 'Andres Landero', 'Andy & Lucas', 'Amduscias', 'Andrés Cepeda', 'Amdrea', 'Anderson .Paak', 'Feqadu Amde-mesqel', 'Massive Attack', 'Assaf Amdursky', 'AMEDA', 'Amd Sad', 'Amdiaboy', 'AMD', 'AMDI', 'Benny Amdursky', 'Semmi Amdouni', 'Amdad Ali', 'Амд', 'Aizat Amdan', 'Daniel Amdemichael', 'Amilion-Dayz']
[2026-09-23T00:01:03.292+0000] {logging_mixin.py:190} INFO - Nos movemos al elemento de Acerc de:
[2026-09-23T00:01:17.506+0000] {base.py:1032} INFO - BEGIN (implicit)
[2026-09-23T00:01:17.525+0000] {base.py:1863} INFO - SELECT artista.id_artista 
FROM artista 
WHERE artista.nombre_artista = %(nombre_artista_1)s
[2026-09-23T00:01:17.527+0000] {base.py:1868} INFO - [generated in 0.00239s] {'nombre_artista_1': 'Amduscia'}
[2026-09-23T00:01:17.542+0000] {logging_mixin.py:190} INFO - El id_artista asociado con Amduscia es: 41
[2026-09-23T00:01:17.543+0000] {base.py:1060} INFO - ROLLBACK
[2026-09-23T00:01:21.557+0000] {logging_mixin.py:190} INFO - Ingresamos en el buscador a: Bad Bunny.
[2026-09-23T00:01:29.222+0000] {logging_mixin.py:190} INFO - Seleccionamos apartado de Artistas.
[2026-09-23T00:01:38.608+0000] {logging_mixin.py:190} INFO - Validando que exista el artista a buscar.
[2026-09-23T00:01:38.657+0000] {logging_mixin.py:190} INFO - Tarjetas encontradas: ['Bad Bunny', 'KAROL G', 'Peso Pluma', 'Maluma', 'Tito Double P', 'Anuel AA', 'J Balvin', 'Ozuna', 'Myke Towers', 'Rauw Alejandro', 'Omar Courtz', 'Bad Bunny Music', 'Duki', 'Feid', 'Mora', 'BAD BUNNY BAND', 'Bad Bunny Peruano', 'Tainy', 'Bad bunny gang', 'Bad Bunny Chapin', 'Bad Bunny - Piano Cover', 'bunny', 'Bad Bunny PH', 'Milky Bunny', 'Bad Red Bunny', 'Bad Pepa Bunny', 'Tiny Bunny', 'Bad Juice Bunny', 'Bunny the BAd GiRL a.k.a. クロノコ', 'Bunny and the Badfire']
[2026-09-23T00:01:38.898+0000] {logging_mixin.py:190} INFO - Nos movemos al elemento de Acerc de:
[2026-09-23T00:01:52.383+0000] {base.py:1032} INFO - BEGIN (implicit)
[2026-09-23T00:01:52.391+0000] {base.py:1863} INFO - SELECT artista.id_artista 
FROM artista 
WHERE artista.nombre_artista = %(nombre_artista_1)s
[2026-09-23T00:01:52.392+0000] {base.py:1868} INFO - [cached since 34.87s ago] {'nombre_artista_1': 'Bad Bunny'}
[2026-09-23T00:01:52.393+0000] {logging_mixin.py:190} INFO - El id_artista asociado con Bad Bunny es: 37
[2026-09-23T00:01:52.394+0000] {base.py:1060} INFO - ROLLBACK
[2026-09-23T00:01:56.142+0000] {logging_mixin.py:190} INFO - Ingresamos en el buscador a: Belanova.
[2026-09-23T00:02:02.600+0000] {logging_mixin.py:190} INFO - Seleccionamos apartado de Artistas.
[2026-09-23T00:02:12.148+0000] {logging_mixin.py:190} INFO - Validando que exista el artista a buscar.
[2026-09-23T00:02:12.215+0000] {logging_mixin.py:190} INFO - Tarjetas encontradas: ['Belanova', 'Kenia Os', 'Mon Laferte', 'Miranda!', 'Julieta Venegas', 'Morat', 'Jesse & Joy', 'Zoé', 'Playa Limbo', 'Yuridia', 'Reik', 'Belinda', 'DANNA', 'Cazzu', 'Elefante', 'El Junior', 'Bellanova', 'Belnova', 'Bella Nova', 'Béla Kovács', 'Belan Camp', 'Isobel Belano', 'Gabito Ballesteros', 'BELANO', 'Belonoga', 'BELIBOVA', 'Belanga', 'BELANO', 'Belanda Hitam', 'Belanegara Abe']
[2026-09-23T00:02:12.618+0000] {logging_mixin.py:190} INFO - Nos movemos al elemento de Acerc de:
[2026-09-23T00:02:26.222+0000] {base.py:1032} INFO - BEGIN (implicit)
[2026-09-23T00:02:26.227+0000] {base.py:1863} INFO - SELECT artista.id_artista 
FROM artista 
WHERE artista.nombre_artista = %(nombre_artista_1)s
[2026-09-23T00:02:26.228+0000] {base.py:1868} INFO - [cached since 68.7s ago] {'nombre_artista_1': 'Belanova'}
[2026-09-23T00:02:26.229+0000] {logging_mixin.py:190} INFO - El id_artista asociado con Belanova es: 18
[2026-09-23T00:02:26.230+0000] {base.py:1060} INFO - ROLLBACK
[2026-09-23T00:02:30.032+0000] {logging_mixin.py:190} INFO - Ingresamos en el buscador a: Boy Harsher.
[2026-09-23T00:02:36.778+0000] {logging_mixin.py:190} INFO - Seleccionamos apartado de Artistas.
[2026-09-23T00:02:45.974+0000] {logging_mixin.py:190} INFO - Validando que exista el artista a buscar.
[2026-09-23T00:02:46.018+0000] {logging_mixin.py:190} INFO - Tarjetas encontradas: ['Boy Harsher', 'BOY HARSHER', 'Lebanon Hanover', 'Twin Tribes', 'TR/ST', 'Nation of Language', 'BOY HARSHER', 'And One', 'She Past Away', 'Siouxsie and the Banshees', 'Sextile', 'Drab Majesty', 'Sexual Purity', 'Echoberyl', 'Pixel Grip', 'Hante.', 'The frozen Autumn', 'Hatsune Miku', 'Miree', 'AJ Dispirito', 'h4teboy', 'SARCOMA HORROR', 'Bauhaus', 'Brutal Pig', 'Dismembered Pig', 'KMFDM', 'La Bande-Son Imaginaire', 'mentalHAZRD', 'Hocico', 'Sasuke Haraguchi']
[2026-09-23T00:02:46.178+0000] {logging_mixin.py:190} INFO - Nos movemos al elemento de Acerc de:
[2026-09-23T00:03:00.280+0000] {base.py:1032} INFO - BEGIN (implicit)
[2026-09-23T00:03:00.301+0000] {base.py:1863} INFO - SELECT artista.id_artista 
FROM artista 
WHERE artista.nombre_artista = %(nombre_artista_1)s
[2026-09-23T00:03:00.306+0000] {base.py:1868} INFO - [cached since 102.8s ago] {'nombre_artista_1': 'Boy Harsher'}
[2026-09-23T00:03:00.312+0000] {logging_mixin.py:190} INFO - El id_artista asociado con Boy Harsher es: 10
[2026-09-23T00:03:00.314+0000] {base.py:1060} INFO - ROLLBACK
[2026-09-23T00:03:04.032+0000] {logging_mixin.py:190} INFO - Ingresamos en el buscador a: Charles Ans.
[2026-09-23T00:03:10.576+0000] {logging_mixin.py:190} INFO - Seleccionamos apartado de Artistas.
[2026-09-23T00:03:20.114+0000] {logging_mixin.py:190} INFO - Validando que exista el artista a buscar.
[2026-09-23T00:03:20.212+0000] {logging_mixin.py:190} INFO - Tarjetas encontradas: ['Charles Ans', 'Gera MX', 'Charles Ans', 'C-Kan', 'Alemán', 'Nanpa Básico', 'Rels B', 'Sabino', 'Adán Cruz', 'DAAZ', 'Robot95', 'Charles Ans', 'Charles Ans', 'Charles Ans', 'Samantha Barrón', 'Charles Ans', 'Rich Vagos', 'Nsqk', 'Ray Charles', 'Charles Aznavour', 'Charles Sanson', 'Charles Sardo', 'Charles Wesley Godwin', 'Charles Parsson', 'Charles Weems', 'Charles Strouse', 'Charles Pasi', 'Adolphe Adam', 'Charles Daisey & Friends', 'Charles New']
[2026-09-23T00:03:20.502+0000] {logging_mixin.py:190} INFO - Nos movemos al elemento de Acerc de:
[2026-09-23T00:03:34.680+0000] {base.py:1032} INFO - BEGIN (implicit)
[2026-09-23T00:03:34.684+0000] {base.py:1863} INFO - SELECT artista.id_artista 
FROM artista 
WHERE artista.nombre_artista = %(nombre_artista_1)s
[2026-09-23T00:03:34.685+0000] {base.py:1868} INFO - [cached since 137.2s ago] {'nombre_artista_1': 'Charles Ans'}
[2026-09-23T00:03:34.687+0000] {logging_mixin.py:190} INFO - El id_artista asociado con Charles Ans es: 12
[2026-09-23T00:03:34.688+0000] {base.py:1060} INFO - ROLLBACK
[2026-09-23T00:03:41.828+0000] {logging_mixin.py:190} INFO - Ingresamos en el buscador a: Dabeull.
[2026-09-23T00:03:48.733+0000] {logging_mixin.py:190} INFO - Seleccionamos apartado de Artistas.
[2026-09-23T00:03:58.174+0000] {logging_mixin.py:190} INFO - Validando que exista el artista a buscar.
[2026-09-23T00:03:58.244+0000] {logging_mixin.py:190} INFO - Tarjetas encontradas: ['Dabeull', 'HolyBrune', "L'Impératrice", 'Dezzy Hollow', 'Dabeull', 'Mike Patton', 'Darell', 'KATSEYE', 'Boko Yout', 'Boca Paila', 'Sūn Byrd', 'Rude Jude', 'Patchwork Inc.', 'Sofia Rei', 'Lemon Bucket Orkestra', 'Lorelle Meets The Obsolete', 'Busy P', 'DaBella', 'DABELLE', 'SANTOS BRAVOS', 'Dabeunotres', 'DannyLux', 'MC Davo', 'Fabruuhh', 'Dauble', 'Darkiel', 'J Abdiel', 'DABUDABU', 'Dav1el', 'VV Brujo']
[2026-09-23T00:03:58.581+0000] {logging_mixin.py:190} INFO - Nos movemos al elemento de Acerc de:
[2026-09-23T00:04:11.977+0000] {base.py:1032} INFO - BEGIN (implicit)
[2026-09-23T00:04:11.980+0000] {base.py:1863} INFO - SELECT artista.id_artista 
FROM artista 
WHERE artista.nombre_artista = %(nombre_artista_1)s
[2026-09-23T00:04:11.980+0000] {base.py:1868} INFO - [cached since 174.5s ago] {'nombre_artista_1': 'Dabeull'}
[2026-09-23T00:04:11.984+0000] {logging_mixin.py:190} INFO - El id_artista asociado con Dabeull es: 29
[2026-09-23T00:04:11.984+0000] {base.py:1060} INFO - ROLLBACK
[2026-09-23T00:04:15.801+0000] {logging_mixin.py:190} INFO - Ingresamos en el buscador a: Daddy Yankee.
[2026-09-23T00:04:22.576+0000] {logging_mixin.py:190} INFO - Seleccionamos apartado de Artistas.
[2026-09-23T00:04:32.025+0000] {logging_mixin.py:190} INFO - Validando que exista el artista a buscar.
[2026-09-23T00:04:32.069+0000] {logging_mixin.py:190} INFO - Tarjetas encontradas: ['Daddy Yankee', 'Wisin & Yandel', 'Don Omar', 'Bad Bunny', 'Daddy Yankee', 'J Balvin', 'Daddy Yankee Tributo', 'Ozuna', 'Farruko', 'Maluma', 'Arcángel', 'Plan B', 'Danny Ocean', 'Nicky Jam', 'Daddy Yankee (AI)', 'Daddy Yankee', 'Daddy yankee jefe', 'Daddy Yankee', 'Feid', 'Daddy Yankee', 'DJ Daddy Yankee', 'Ayala (Hermano de Daddy Yankee)', 'Daddy Yanke', 'Wisin', 'Tainy', 'Made famous by Daddy Yankee feat Jory', 'Made famous by Don Omar feat Daddy Yankee', 'Made famous by Daddy Yankee', 'Luis Fonsi, Daddy Yankee/Daddy Yankee', 'Made famous by Baby Rasta & Gringo Ft Daddy Yankee']
[2026-09-23T00:04:32.263+0000] {logging_mixin.py:190} INFO - Nos movemos al elemento de Acerc de:
[2026-09-23T00:04:46.710+0000] {base.py:1032} INFO - BEGIN (implicit)
[2026-09-23T00:04:46.721+0000] {base.py:1863} INFO - SELECT artista.id_artista 
FROM artista 
WHERE artista.nombre_artista = %(nombre_artista_1)s
[2026-09-23T00:04:46.725+0000] {base.py:1868} INFO - [cached since 209.2s ago] {'nombre_artista_1': 'Daddy Yankee'}
[2026-09-23T00:04:46.738+0000] {logging_mixin.py:190} INFO - El id_artista asociado con Daddy Yankee es: 30
[2026-09-23T00:04:46.739+0000] {base.py:1060} INFO - ROLLBACK
[2026-09-23T00:04:50.567+0000] {logging_mixin.py:190} INFO - Ingresamos en el buscador a: Doja Cat.
[2026-09-23T00:04:57.048+0000] {logging_mixin.py:190} INFO - Seleccionamos apartado de Artistas.
[2026-09-23T00:05:06.631+0000] {logging_mixin.py:190} INFO - Validando que exista el artista a buscar.
[2026-09-23T00:05:06.681+0000] {logging_mixin.py:190} INFO - Tarjetas encontradas: ['Doja Cat', 'Sabrina Carpenter', 'The Weeknd', 'Cardi B', 'Mon Laferte', 'Kali Uchis', 'Dua Lipa', 'Rihanna', 'Kenia Os', 'Young Miko', 'Ariana Grande', 'Yeri Mua', 'FLVCKKA', 'Cazzu', 'Ice Spice', 'Nicki Nicole', 'Nicki Minaj', 'Bellakath', 'Rels B', 'Doja Cata', 'Duki', 'Dója Kati', 'Dojo Cuts', 'Bizarrap', 'Trueno', 'HUMBE', 'NBA YOUNGA DOJA BILLIE CAT', 'rusowsky', 'El Bogueto', 'DANNA']
[2026-09-23T00:05:06.968+0000] {logging_mixin.py:190} INFO - Nos movemos al elemento de Acerc de:
[2026-09-23T00:05:20.644+0000] {base.py:1032} INFO - BEGIN (implicit)
[2026-09-23T00:05:20.649+0000] {base.py:1863} INFO - SELECT artista.id_artista 
FROM artista 
WHERE artista.nombre_artista = %(nombre_artista_1)s
[2026-09-23T00:05:20.649+0000] {base.py:1868} INFO - [cached since 243.1s ago] {'nombre_artista_1': 'Doja Cat'}
[2026-09-23T00:05:20.654+0000] {logging_mixin.py:190} INFO - El id_artista asociado con Doja Cat es: 72
[2026-09-23T00:05:20.655+0000] {base.py:1060} INFO - ROLLBACK
[2026-09-23T00:05:24.607+0000] {logging_mixin.py:190} INFO - Ingresamos en el buscador a: Ductape.
[2026-09-23T00:05:32.006+0000] {logging_mixin.py:190} INFO - Seleccionamos apartado de Artistas.
[2026-09-23T00:05:41.629+0000] {logging_mixin.py:190} INFO - Validando que exista el artista a buscar.
[2026-09-23T00:05:41.669+0000] {logging_mixin.py:190} INFO - Tarjetas encontradas: ['Ductape', 'Ductape', 'Ductape Halo', 'DucTape', 'Ductape Junkies', 'OTB DucTape', 'Cupcake Ductape', 'DuckTape', 'Midnight Generation', 'Liquits', 'Night Tapes', 'Dumbmonei', 'suciopata', 'STRFKR', 'FUFU', 'CLUBZ', 'Los Dutis', 'Tankeone', 'Ape Drums', 'Duck Fizz', 'Duck Sauce', 'UTCK-Lmntal', 'Madame Récamier', 'Dapuntobeat', 'Delux', 'Rey Pila', 'Sotomayor', 'PUGSPUGSPUGS', 'MLKMN', 'Tanke']
[2026-09-23T00:05:41.858+0000] {logging_mixin.py:190} INFO - Nos movemos al elemento de Acerc de:
[2026-09-23T00:05:55.607+0000] {base.py:1032} INFO - BEGIN (implicit)
[2026-09-23T00:05:55.615+0000] {base.py:1863} INFO - SELECT artista.id_artista 
FROM artista 
WHERE artista.nombre_artista = %(nombre_artista_1)s
[2026-09-23T00:05:55.616+0000] {base.py:1868} INFO - [cached since 278.1s ago] {'nombre_artista_1': 'Ductape'}
[2026-09-23T00:05:55.619+0000] {logging_mixin.py:190} INFO - El id_artista asociado con Ductape es: 14
[2026-09-23T00:05:55.619+0000] {base.py:1060} INFO - ROLLBACK
[2026-09-23T00:05:59.283+0000] {logging_mixin.py:190} INFO - Ingresamos en el buscador a: Empire Of The Sun.
[2026-09-23T00:06:06.556+0000] {logging_mixin.py:190} INFO - Seleccionamos apartado de Artistas.
[2026-09-23T00:06:15.912+0000] {logging_mixin.py:190} INFO - Validando que exista el artista a buscar.
[2026-09-23T00:06:15.956+0000] {logging_mixin.py:190} INFO - Tarjetas encontradas: ['Empire Of The Sun', 'Daft Punk', 'RÜFÜS DU SOL', 'Tame Impala', 'Mac Miller', 'Foster The People', 'Capital Cities', 'Danny Ocean', 'Zoé', 'Siddhartha', 'Enjambre', 'Kygo', 'MGMT', 'León Larregui', 'Cuco', 'Ed Maverick', 'Kevin Kaarl', 'Odisseo', "L'Impératrice", 'Anyma', 'Suns of the Empire', 'LATIN MAFIA', 'LSD', 'HUMBE', 'rusowsky', 'RØZ', 'DISHYPE', 'Adanowsky', 'Caloncho', 'Dezko']
[2026-09-23T00:06:16.188+0000] {logging_mixin.py:190} INFO - Nos movemos al elemento de Acerc de:
[2026-09-23T00:06:29.868+0000] {base.py:1032} INFO - BEGIN (implicit)
[2026-09-23T00:06:29.879+0000] {base.py:1863} INFO - SELECT artista.id_artista 
FROM artista 
WHERE artista.nombre_artista = %(nombre_artista_1)s
[2026-09-23T00:06:29.880+0000] {base.py:1868} INFO - [cached since 312.4s ago] {'nombre_artista_1': 'Empire Of The Sun'}
[2026-09-23T00:06:29.882+0000] {logging_mixin.py:190} INFO - El id_artista asociado con Empire Of The Sun es: 51
[2026-09-23T00:06:29.883+0000] {base.py:1060} INFO - ROLLBACK
[2026-09-23T00:06:33.668+0000] {logging_mixin.py:190} INFO - Ingresamos en el buscador a: EXO.
[2026-09-23T00:06:39.404+0000] {logging_mixin.py:190} INFO - Seleccionamos apartado de Artistas.
[2026-09-23T00:06:48.660+0000] {logging_mixin.py:190} INFO - Validando que exista el artista a buscar.
[2026-09-23T00:06:48.717+0000] {logging_mixin.py:190} INFO - Tarjetas encontradas: ['Eminem', 'El Rabbanito', 'Eden Muñoz', 'Enrique Iglesias', 'Enjambre', 'Millonario', 'Calibre 50', 'Edicion Especial', 'Ed Sheeran', 'El Malilla', 'Paulo Londra', 'El Bogueto', 'Eslabon Armado', 'Edgardo Nuñez', 'Los Enanitos Verdes', 'Ed Maverick', 'Pitbull', 'Eladio Carrion', 'E', 'E', 'E', 'E', 'E', 'E', 'E', 'E', 'E', 'E', 'E', 'E']
[2026-09-23T00:06:58.751+0000] {logging_mixin.py:190} INFO - Error inesperado durante la bsuqueda del artista: Locator.wait_for: Timeout 10000ms exceeded.
Call log:
  - waiting for locator("p[title=\"EXO\"]").first to be visible
[2026-09-23T00:06:59.068+0000] {python.py:240} INFO - Done. Returned value was: None
[2026-09-23T00:06:59.113+0000] {taskinstance.py:340} INFO - ::group::Post task execution logs
[2026-09-23T00:06:59.115+0000] {taskinstance.py:352} INFO - Marking task as SUCCESS. dag_id=spotify_etl_pro, task_id=mas_informacion.extraer_mas_info, run_id=scheduled__2026-09-22T00:00:00+00:00, execution_date=20260922T000000, start_date=20260923T000044, end_date=20260923T000659
[2026-09-23T00:06:59.167+0000] {local_task_job_runner.py:266} INFO - Task exited with return code 0
[2026-09-23T00:06:59.218+0000] {taskinstance.py:3895} INFO - 1 downstream tasks scheduled from follow-on schedule check
[2026-09-23T00:06:59.220+0000] {local_task_job_runner.py:245} INFO - ::endgroup::
