[2026-09-23T03:07:32.043+0000] {local_task_job_runner.py:123} INFO - ::group::Pre task execution logs
[2026-09-23T03:07:32.153+0000] {taskinstance.py:2613} INFO - Dependencies all met for dep_context=non-requeueable deps ti=<TaskInstance: spotify_etl_pro.artista.create_tabla_artista manual__2026-09-23T03:07:22+00:00 [queued]>
[2026-09-23T03:07:32.166+0000] {taskinstance.py:2613} INFO - Dependencies all met for dep_context=requeueable deps ti=<TaskInstance: spotify_etl_pro.artista.create_tabla_artista manual__2026-09-23T03:07:22+00:00 [queued]>
[2026-09-23T03:07:32.167+0000] {taskinstance.py:2866} INFO - Starting attempt 1 of 3
[2026-09-23T03:07:32.211+0000] {taskinstance.py:2889} INFO - Executing <Task(_PythonDecoratedOperator): artista.create_tabla_artista> on 2026-09-23 03:07:22+00:00
[2026-09-23T03:07:32.234+0000] {standard_task_runner.py:72} INFO - Started process 2123 to run task
[2026-09-23T03:07:32.271+0000] {standard_task_runner.py:104} INFO - Running: ['airflow', 'tasks', 'run', 'spotify_etl_pro', 'artista.create_tabla_artista', 'manual__2026-09-23T03:07:22+00:00', '--job-id', '972', '--raw', '--subdir', 'DAGS_FOLDER/spotify_etl_pro.py', '--cfg-path', '/tmp/tmpzm771t2o']
[2026-09-23T03:07:32.298+0000] {standard_task_runner.py:105} INFO - Job 972: Subtask artista.create_tabla_artista
[2026-09-23T03:07:32.571+0000] {task_command.py:467} INFO - Running <TaskInstance: spotify_etl_pro.artista.create_tabla_artista manual__2026-09-23T03:07:22+00:00 [running]> on host 96d0bddc4644
[2026-09-23T03:07:32.839+0000] {taskinstance.py:3132} INFO - Exporting env vars: AIRFLOW_CTX_DAG_OWNER='axel' AIRFLOW_CTX_DAG_ID='spotify_etl_pro' AIRFLOW_CTX_TASK_ID='artista.create_tabla_artista' AIRFLOW_CTX_EXECUTION_DATE='2026-09-23T03:07:22+00:00' AIRFLOW_CTX_TRY_NUMBER='1' AIRFLOW_CTX_DAG_RUN_ID='manual__2026-09-23T03:07:22+00:00'
[2026-09-23T03:07:32.851+0000] {taskinstance.py:731} INFO - ::endgroup::
[2026-09-23T03:07:32.879+0000] {base.py:1863} INFO - select pg_catalog.version()
[2026-09-23T03:07:32.880+0000] {base.py:1868} INFO - [raw sql] {}
[2026-09-23T03:07:32.881+0000] {base.py:1863} INFO - select current_schema()
[2026-09-23T03:07:32.882+0000] {base.py:1868} INFO - [raw sql] {}
[2026-09-23T03:07:32.882+0000] {base.py:1863} INFO - show standard_conforming_strings
[2026-09-23T03:07:32.883+0000] {base.py:1868} INFO - [raw sql] {}
[2026-09-23T03:07:32.886+0000] {base.py:1032} INFO - BEGIN (implicit)
[2026-09-23T03:07:32.890+0000] {base.py:1863} INFO - select relname from pg_class c join pg_namespace n on n.oid=c.relnamespace where pg_catalog.pg_table_is_visible(c.oid) and relname=%(name)s
[2026-09-23T03:07:32.890+0000] {base.py:1868} INFO - [generated in 0.00053s] {'name': 'artista'}
[2026-09-23T03:07:32.894+0000] {base.py:1092} INFO - COMMIT
[2026-09-23T03:07:32.894+0000] {logging_mixin.py:190} INFO - Tabla 'artista' verificada/creada correctamente.
[2026-09-23T03:07:32.894+0000] {spotify_etl_pro.py:251} INFO - OK. Se creo la Tabla
[2026-09-23T03:07:32.895+0000] {python.py:240} INFO - Done. Returned value was: None
[2026-09-23T03:07:32.911+0000] {taskinstance.py:340} INFO - ::group::Post task execution logs
[2026-09-23T03:07:32.911+0000] {taskinstance.py:352} INFO - Marking task as SUCCESS. dag_id=spotify_etl_pro, task_id=artista.create_tabla_artista, run_id=manual__2026-09-23T03:07:22+00:00, execution_date=20260923T030722, start_date=20260923T030732, end_date=20260923T030732
[2026-09-23T03:07:32.957+0000] {local_task_job_runner.py:266} INFO - Task exited with return code 0
[2026-09-23T03:07:33.067+0000] {taskinstance.py:3895} INFO - 0 downstream tasks scheduled from follow-on schedule check
[2026-09-23T03:07:33.069+0000] {local_task_job_runner.py:245} INFO - ::endgroup::
