[2026-09-21T22:42:51.154+0000] {local_task_job_runner.py:123} INFO - ::group::Pre task execution logs
[2026-09-21T22:42:51.164+0000] {taskinstance.py:2613} INFO - Dependencies all met for dep_context=non-requeueable deps ti=<TaskInstance: spotify_etl_pro.artista_big_querry.subir_inf_artista_bigquerry manual__2026-09-21T22:42:38+00:00 [queued]>
[2026-09-21T22:42:51.168+0000] {taskinstance.py:2613} INFO - Dependencies all met for dep_context=requeueable deps ti=<TaskInstance: spotify_etl_pro.artista_big_querry.subir_inf_artista_bigquerry manual__2026-09-21T22:42:38+00:00 [queued]>
[2026-09-21T22:42:51.168+0000] {taskinstance.py:2866} INFO - Starting attempt 1 of 3
[2026-09-21T22:42:51.173+0000] {taskinstance.py:2889} INFO - Executing <Task(_PythonDecoratedOperator): artista_big_querry.subir_inf_artista_bigquerry> on 2026-09-21 22:42:38+00:00
[2026-09-21T22:42:51.176+0000] {standard_task_runner.py:72} INFO - Started process 478 to run task
[2026-09-21T22:42:51.179+0000] {standard_task_runner.py:104} INFO - Running: ['airflow', 'tasks', 'run', 'spotify_etl_pro', 'artista_big_querry.subir_inf_artista_bigquerry', 'manual__2026-09-21T22:42:38+00:00', '--job-id', '715', '--raw', '--subdir', 'DAGS_FOLDER/spotify_etl_pro.py', '--cfg-path', '/tmp/tmpb_qm2vjp']
[2026-09-21T22:42:51.181+0000] {standard_task_runner.py:105} INFO - Job 715: Subtask artista_big_querry.subir_inf_artista_bigquerry
[2026-09-21T22:42:51.223+0000] {task_command.py:467} INFO - Running <TaskInstance: spotify_etl_pro.artista_big_querry.subir_inf_artista_bigquerry manual__2026-09-21T22:42:38+00:00 [running]> on host 96d0bddc4644
[2026-09-21T22:42:51.278+0000] {taskinstance.py:3132} INFO - Exporting env vars: AIRFLOW_CTX_DAG_OWNER='axel' AIRFLOW_CTX_DAG_ID='spotify_etl_pro' AIRFLOW_CTX_TASK_ID='artista_big_querry.subir_inf_artista_bigquerry' AIRFLOW_CTX_EXECUTION_DATE='2026-09-21T22:42:38+00:00' AIRFLOW_CTX_TRY_NUMBER='1' AIRFLOW_CTX_DAG_RUN_ID='manual__2026-09-21T22:42:38+00:00'
[2026-09-21T22:42:51.278+0000] {taskinstance.py:731} INFO - ::endgroup::
[2026-09-21T22:42:51.657+0000] {_default.py:685} WARNING - No project ID could be determined. Consider running `gcloud config set project` or setting the GOOGLE_CLOUD_PROJECT environment variable
[2026-09-21T22:42:52.179+0000] {logging_mixin.py:190} INFO - [{'nombre_artista': 'Bad Bunny', 'id_spotify': '4q3ewBCX7sLwd24euuV69X'}]
[2026-09-21T22:42:52.184+0000] {logging_mixin.py:190} INFO - [{'nombre_artista': 'Bad Bunny', 'id_spotify': '4q3ewBCX7sLwd24euuV69X'}]
[2026-09-21T22:42:54.931+0000] {spotify_etl_pro.py:312} INFO - OK. Se ingreso la informacion a la tabla del datasert
[2026-09-21T22:42:54.934+0000] {python.py:240} INFO - Done. Returned value was: None
[2026-09-21T22:42:54.963+0000] {taskinstance.py:340} INFO - ::group::Post task execution logs
[2026-09-21T22:42:54.964+0000] {taskinstance.py:352} INFO - Marking task as SUCCESS. dag_id=spotify_etl_pro, task_id=artista_big_querry.subir_inf_artista_bigquerry, run_id=manual__2026-09-21T22:42:38+00:00, execution_date=20260921T224238, start_date=20260921T224251, end_date=20260921T224254
[2026-09-21T22:42:55.033+0000] {local_task_job_runner.py:266} INFO - Task exited with return code 0
[2026-09-21T22:42:55.094+0000] {taskinstance.py:3895} INFO - 1 downstream tasks scheduled from follow-on schedule check
[2026-09-21T22:42:55.095+0000] {local_task_job_runner.py:245} INFO - ::endgroup::
