[2026-09-21T22:35:28.344+0000] {local_task_job_runner.py:123} INFO - ::group::Pre task execution logs
[2026-09-21T22:35:28.354+0000] {taskinstance.py:2613} INFO - Dependencies all met for dep_context=non-requeueable deps ti=<TaskInstance: spotify_etl_pro.artista_big_querry.subir_inf_artista_bigquerry manual__2026-09-21T22:35:07+00:00 [queued]>
[2026-09-21T22:35:28.358+0000] {taskinstance.py:2613} INFO - Dependencies all met for dep_context=requeueable deps ti=<TaskInstance: spotify_etl_pro.artista_big_querry.subir_inf_artista_bigquerry manual__2026-09-21T22:35:07+00:00 [queued]>
[2026-09-21T22:35:28.359+0000] {taskinstance.py:2866} INFO - Starting attempt 1 of 3
[2026-09-21T22:35:28.365+0000] {taskinstance.py:2889} INFO - Executing <Task(_PythonDecoratedOperator): artista_big_querry.subir_inf_artista_bigquerry> on 2026-09-21 22:35:07+00:00
[2026-09-21T22:35:28.367+0000] {standard_task_runner.py:72} INFO - Started process 323 to run task
[2026-09-21T22:35:28.370+0000] {standard_task_runner.py:104} INFO - Running: ['airflow', 'tasks', 'run', 'spotify_etl_pro', 'artista_big_querry.subir_inf_artista_bigquerry', 'manual__2026-09-21T22:35:07+00:00', '--job-id', '691', '--raw', '--subdir', 'DAGS_FOLDER/spotify_etl_pro.py', '--cfg-path', '/tmp/tmpd8egk36e']
[2026-09-21T22:35:28.371+0000] {standard_task_runner.py:105} INFO - Job 691: Subtask artista_big_querry.subir_inf_artista_bigquerry
[2026-09-21T22:35:28.403+0000] {task_command.py:467} INFO - Running <TaskInstance: spotify_etl_pro.artista_big_querry.subir_inf_artista_bigquerry manual__2026-09-21T22:35:07+00:00 [running]> on host 96d0bddc4644
[2026-09-21T22:35:28.457+0000] {taskinstance.py:3132} INFO - Exporting env vars: AIRFLOW_CTX_DAG_OWNER='axel' AIRFLOW_CTX_DAG_ID='spotify_etl_pro' AIRFLOW_CTX_TASK_ID='artista_big_querry.subir_inf_artista_bigquerry' AIRFLOW_CTX_EXECUTION_DATE='2026-09-21T22:35:07+00:00' AIRFLOW_CTX_TRY_NUMBER='1' AIRFLOW_CTX_DAG_RUN_ID='manual__2026-09-21T22:35:07+00:00'
[2026-09-21T22:35:28.458+0000] {taskinstance.py:731} INFO - ::endgroup::
[2026-09-21T22:35:29.022+0000] {_default.py:685} WARNING - No project ID could be determined. Consider running `gcloud config set project` or setting the GOOGLE_CLOUD_PROJECT environment variable
[2026-09-21T22:35:29.580+0000] {logging_mixin.py:190} INFO - [{'nombre_artista': 'Bad Bunny', 'id_spotify': '4q3ewBCX7sLwd24euuV69X'}]
[2026-09-21T22:35:29.584+0000] {spotify_etl_pro.py:314} ERROR - ERROR. Al subir la informacion : list indices must be integers or slices, not str
[2026-09-21T22:35:29.584+0000] {python.py:240} INFO - Done. Returned value was: None
[2026-09-21T22:35:29.613+0000] {taskinstance.py:340} INFO - ::group::Post task execution logs
[2026-09-21T22:35:29.614+0000] {taskinstance.py:352} INFO - Marking task as SUCCESS. dag_id=spotify_etl_pro, task_id=artista_big_querry.subir_inf_artista_bigquerry, run_id=manual__2026-09-21T22:35:07+00:00, execution_date=20260921T223507, start_date=20260921T223528, end_date=20260921T223529
[2026-09-21T22:35:29.677+0000] {local_task_job_runner.py:266} INFO - Task exited with return code 0
[2026-09-21T22:35:29.729+0000] {taskinstance.py:3895} INFO - 1 downstream tasks scheduled from follow-on schedule check
[2026-09-21T22:35:29.730+0000] {local_task_job_runner.py:245} INFO - ::endgroup::
