[2026-09-22T01:37:05.186+0000] {local_task_job_runner.py:123} INFO - ::group::Pre task execution logs
[2026-09-22T01:37:05.201+0000] {taskinstance.py:2613} INFO - Dependencies all met for dep_context=non-requeueable deps ti=<TaskInstance: spotify_etl_pro.inicializador scheduled__2026-09-21T00:00:00+00:00 [queued]>
[2026-09-22T01:37:05.207+0000] {taskinstance.py:2613} INFO - Dependencies all met for dep_context=requeueable deps ti=<TaskInstance: spotify_etl_pro.inicializador scheduled__2026-09-21T00:00:00+00:00 [queued]>
[2026-09-22T01:37:05.208+0000] {taskinstance.py:2866} INFO - Starting attempt 1 of 3
[2026-09-22T01:37:05.220+0000] {taskinstance.py:2889} INFO - Executing <Task(BashOperator): inicializador> on 2026-09-21 00:00:00+00:00
[2026-09-22T01:37:05.229+0000] {standard_task_runner.py:72} INFO - Started process 1423 to run task
[2026-09-22T01:37:05.249+0000] {standard_task_runner.py:104} INFO - Running: ['airflow', 'tasks', 'run', 'spotify_etl_pro', 'inicializador', 'scheduled__2026-09-21T00:00:00+00:00', '--job-id', '745', '--raw', '--subdir', 'DAGS_FOLDER/spotify_etl_pro.py', '--cfg-path', '/tmp/tmp5x2ofjkx']
[2026-09-22T01:37:05.262+0000] {standard_task_runner.py:105} INFO - Job 745: Subtask inicializador
[2026-09-22T01:37:05.390+0000] {task_command.py:467} INFO - Running <TaskInstance: spotify_etl_pro.inicializador scheduled__2026-09-21T00:00:00+00:00 [running]> on host 96d0bddc4644
[2026-09-22T01:37:05.564+0000] {taskinstance.py:3132} INFO - Exporting env vars: AIRFLOW_CTX_DAG_OWNER='axel' AIRFLOW_CTX_DAG_ID='spotify_etl_pro' AIRFLOW_CTX_TASK_ID='inicializador' AIRFLOW_CTX_EXECUTION_DATE='2026-09-21T00:00:00+00:00' AIRFLOW_CTX_TRY_NUMBER='1' AIRFLOW_CTX_DAG_RUN_ID='scheduled__2026-09-21T00:00:00+00:00'
[2026-09-22T01:37:05.567+0000] {taskinstance.py:731} INFO - ::endgroup::
[2026-09-22T01:37:05.571+0000] {subprocess.py:78} INFO - Tmp dir root location: /tmp
[2026-09-22T01:37:05.574+0000] {subprocess.py:88} INFO - Running command: ['/usr/bin/bash', '-c', 'echo "Iniciando pipeline de Spotify..."']
[2026-09-22T01:37:05.584+0000] {subprocess.py:99} INFO - Output:
[2026-09-22T01:37:05.603+0000] {subprocess.py:106} INFO - Iniciando pipeline de Spotify...
[2026-09-22T01:37:05.606+0000] {subprocess.py:110} INFO - Command exited with return code 0
[2026-09-22T01:37:05.665+0000] {taskinstance.py:340} INFO - ::group::Post task execution logs
[2026-09-22T01:37:05.665+0000] {taskinstance.py:352} INFO - Marking task as SUCCESS. dag_id=spotify_etl_pro, task_id=inicializador, run_id=scheduled__2026-09-21T00:00:00+00:00, execution_date=20260921T000000, start_date=20260922T013705, end_date=20260922T013705
[2026-09-22T01:37:05.701+0000] {local_task_job_runner.py:266} INFO - Task exited with return code 0
[2026-09-22T01:37:05.716+0000] {local_task_job_runner.py:245} INFO - ::endgroup::
