[2026-09-23T02:54:29.994+0000] {local_task_job_runner.py:123} INFO - ::group::Pre task execution logs
[2026-09-23T02:54:30.054+0000] {taskinstance.py:2613} INFO - Dependencies all met for dep_context=non-requeueable deps ti=<TaskInstance: spotify_etl_pro.artista.create_tabla_artista manual__2026-09-23T02:54:10+00:00 [queued]>
[2026-09-23T02:54:30.071+0000] {taskinstance.py:2613} INFO - Dependencies all met for dep_context=requeueable deps ti=<TaskInstance: spotify_etl_pro.artista.create_tabla_artista manual__2026-09-23T02:54:10+00:00 [queued]>
[2026-09-23T02:54:30.072+0000] {taskinstance.py:2866} INFO - Starting attempt 1 of 3
[2026-09-23T02:54:30.118+0000] {taskinstance.py:2889} INFO - Executing <Task(_PythonDecoratedOperator): artista.create_tabla_artista> on 2026-09-23 02:54:10+00:00
[2026-09-23T02:54:30.153+0000] {standard_task_runner.py:72} INFO - Started process 1949 to run task
[2026-09-23T02:54:30.204+0000] {standard_task_runner.py:104} INFO - Running: ['airflow', 'tasks', 'run', 'spotify_etl_pro', 'artista.create_tabla_artista', 'manual__2026-09-23T02:54:10+00:00', '--job-id', '960', '--raw', '--subdir', 'DAGS_FOLDER/spotify_etl_pro.py', '--cfg-path', '/tmp/tmp4i511pcj']
[2026-09-23T02:54:30.254+0000] {standard_task_runner.py:105} INFO - Job 960: Subtask artista.create_tabla_artista
[2026-09-23T02:54:31.027+0000] {task_command.py:467} INFO - Running <TaskInstance: spotify_etl_pro.artista.create_tabla_artista manual__2026-09-23T02:54:10+00:00 [running]> on host 96d0bddc4644
[2026-09-23T02:54:33.714+0000] {taskinstance.py:3132} INFO - Exporting env vars: AIRFLOW_CTX_DAG_OWNER='axel' AIRFLOW_CTX_DAG_ID='spotify_etl_pro' AIRFLOW_CTX_TASK_ID='artista.create_tabla_artista' AIRFLOW_CTX_EXECUTION_DATE='2026-09-23T02:54:10+00:00' AIRFLOW_CTX_TRY_NUMBER='1' AIRFLOW_CTX_DAG_RUN_ID='manual__2026-09-23T02:54:10+00:00'
[2026-09-23T02:54:33.776+0000] {taskinstance.py:731} INFO - ::endgroup::
[2026-09-23T02:54:33.905+0000] {base.py:1032} INFO - BEGIN (implicit)
[2026-09-23T02:54:33.922+0000] {base.py:1863} INFO - select relname from pg_class c join pg_namespace n on n.oid=c.relnamespace where pg_catalog.pg_table_is_visible(c.oid) and relname=%(name)s
[2026-09-23T02:54:33.925+0000] {base.py:1868} INFO - [generated in 0.00367s] {'name': 'artista'}
[2026-09-23T02:54:33.954+0000] {base.py:1092} INFO - COMMIT
[2026-09-23T02:54:33.959+0000] {logging_mixin.py:190} INFO - Tabla 'artista' verificada/creada correctamente.
[2026-09-23T02:54:33.963+0000] {spotify_etl_pro.py:251} INFO - OK. Se creo la Tabla
[2026-09-23T02:54:33.964+0000] {python.py:240} INFO - Done. Returned value was: None
[2026-09-23T02:54:34.051+0000] {taskinstance.py:340} INFO - ::group::Post task execution logs
[2026-09-23T02:54:34.055+0000] {taskinstance.py:352} INFO - Marking task as SUCCESS. dag_id=spotify_etl_pro, task_id=artista.create_tabla_artista, run_id=manual__2026-09-23T02:54:10+00:00, execution_date=20260923T025410, start_date=20260923T025430, end_date=20260923T025434
[2026-09-23T02:54:34.174+0000] {local_task_job_runner.py:266} INFO - Task exited with return code 0
[2026-09-23T02:54:34.384+0000] {local_task_job_runner.py:245} INFO - ::endgroup::
