[2026-09-23T02:55:25.294+0000] {local_task_job_runner.py:123} INFO - ::group::Pre task execution logs
[2026-09-23T02:55:25.306+0000] {taskinstance.py:2613} INFO - Dependencies all met for dep_context=non-requeueable deps ti=<TaskInstance: spotify_etl_pro.condicion_historico_big_querry manual__2026-09-23T02:54:10+00:00 [queued]>
[2026-09-23T02:55:25.311+0000] {taskinstance.py:2613} INFO - Dependencies all met for dep_context=requeueable deps ti=<TaskInstance: spotify_etl_pro.condicion_historico_big_querry manual__2026-09-23T02:54:10+00:00 [queued]>
[2026-09-23T02:55:25.312+0000] {taskinstance.py:2866} INFO - Starting attempt 1 of 3
[2026-09-23T02:55:25.319+0000] {taskinstance.py:2889} INFO - Executing <Task(ShortCircuitOperator): condicion_historico_big_querry> on 2026-09-23 02:54:10+00:00
[2026-09-23T02:55:25.341+0000] {standard_task_runner.py:72} INFO - Started process 1983 to run task
[2026-09-23T02:55:25.348+0000] {standard_task_runner.py:104} INFO - Running: ['airflow', 'tasks', 'run', 'spotify_etl_pro', 'condicion_historico_big_querry', 'manual__2026-09-23T02:54:10+00:00', '--job-id', '966', '--raw', '--subdir', 'DAGS_FOLDER/spotify_etl_pro.py', '--cfg-path', '/tmp/tmpctv16nco']
[2026-09-23T02:55:25.355+0000] {standard_task_runner.py:105} INFO - Job 966: Subtask condicion_historico_big_querry
[2026-09-23T02:55:25.440+0000] {task_command.py:467} INFO - Running <TaskInstance: spotify_etl_pro.condicion_historico_big_querry manual__2026-09-23T02:54:10+00:00 [running]> on host 96d0bddc4644
[2026-09-23T02:55:25.524+0000] {taskinstance.py:3132} INFO - Exporting env vars: AIRFLOW_CTX_DAG_OWNER='axel' AIRFLOW_CTX_DAG_ID='spotify_etl_pro' AIRFLOW_CTX_TASK_ID='condicion_historico_big_querry' AIRFLOW_CTX_EXECUTION_DATE='2026-09-23T02:54:10+00:00' AIRFLOW_CTX_TRY_NUMBER='1' AIRFLOW_CTX_DAG_RUN_ID='manual__2026-09-23T02:54:10+00:00'
[2026-09-23T02:55:25.525+0000] {taskinstance.py:731} INFO - ::endgroup::
[2026-09-23T02:55:25.527+0000] {baseoperator.py:416} WARNING - ShortCircuitOperator.execute cannot be called outside TaskInstance!
[2026-09-23T02:55:25.529+0000] {python.py:240} INFO - Done. Returned value was: True
[2026-09-23T02:55:25.530+0000] {python.py:309} INFO - Condition result is True
[2026-09-23T02:55:25.530+0000] {python.py:312} INFO - Proceeding with downstream tasks...
[2026-09-23T02:55:25.561+0000] {taskinstance.py:340} INFO - ::group::Post task execution logs
[2026-09-23T02:55:25.561+0000] {taskinstance.py:352} INFO - Marking task as SUCCESS. dag_id=spotify_etl_pro, task_id=condicion_historico_big_querry, run_id=manual__2026-09-23T02:54:10+00:00, execution_date=20260923T025410, start_date=20260923T025525, end_date=20260923T025525
[2026-09-23T02:55:25.610+0000] {local_task_job_runner.py:266} INFO - Task exited with return code 0
[2026-09-23T02:55:25.657+0000] {taskinstance.py:3895} INFO - 4 downstream tasks scheduled from follow-on schedule check
[2026-09-23T02:55:25.658+0000] {local_task_job_runner.py:245} INFO - ::endgroup::
