[2026-09-22T04:13:45.362+0000] {local_task_job_runner.py:123} INFO - ::group::Pre task execution logs
[2026-09-22T04:13:45.377+0000] {taskinstance.py:2613} INFO - Dependencies all met for dep_context=non-requeueable deps ti=<TaskInstance: spotify_etl_pro.condicion_proceso_canciones manual__2026-09-22T04:12:45+00:00 [queued]>
[2026-09-22T04:13:45.382+0000] {taskinstance.py:2613} INFO - Dependencies all met for dep_context=requeueable deps ti=<TaskInstance: spotify_etl_pro.condicion_proceso_canciones manual__2026-09-22T04:12:45+00:00 [queued]>
[2026-09-22T04:13:45.383+0000] {taskinstance.py:2866} INFO - Starting attempt 1 of 3
[2026-09-22T04:13:45.393+0000] {taskinstance.py:2889} INFO - Executing <Task(ShortCircuitOperator): condicion_proceso_canciones> on 2026-09-22 04:12:45+00:00
[2026-09-22T04:13:45.401+0000] {standard_task_runner.py:72} INFO - Started process 2748 to run task
[2026-09-22T04:13:45.405+0000] {standard_task_runner.py:104} INFO - Running: ['airflow', 'tasks', 'run', 'spotify_etl_pro', 'condicion_proceso_canciones', 'manual__2026-09-22T04:12:45+00:00', '--job-id', '853', '--raw', '--subdir', 'DAGS_FOLDER/spotify_etl_pro.py', '--cfg-path', '/tmp/tmp24vfcv69']
[2026-09-22T04:13:45.409+0000] {standard_task_runner.py:105} INFO - Job 853: Subtask condicion_proceso_canciones
[2026-09-22T04:13:45.509+0000] {task_command.py:467} INFO - Running <TaskInstance: spotify_etl_pro.condicion_proceso_canciones manual__2026-09-22T04:12:45+00:00 [running]> on host 96d0bddc4644
[2026-09-22T04:13:45.636+0000] {taskinstance.py:3132} INFO - Exporting env vars: AIRFLOW_CTX_DAG_OWNER='axel' AIRFLOW_CTX_DAG_ID='spotify_etl_pro' AIRFLOW_CTX_TASK_ID='condicion_proceso_canciones' AIRFLOW_CTX_EXECUTION_DATE='2026-09-22T04:12:45+00:00' AIRFLOW_CTX_TRY_NUMBER='1' AIRFLOW_CTX_DAG_RUN_ID='manual__2026-09-22T04:12:45+00:00'
[2026-09-22T04:13:45.641+0000] {taskinstance.py:731} INFO - ::endgroup::
[2026-09-22T04:13:45.653+0000] {baseoperator.py:416} WARNING - ShortCircuitOperator.execute cannot be called outside TaskInstance!
[2026-09-22T04:13:45.660+0000] {python.py:240} INFO - Done. Returned value was: True
[2026-09-22T04:13:45.662+0000] {python.py:309} INFO - Condition result is True
[2026-09-22T04:13:45.662+0000] {python.py:312} INFO - Proceeding with downstream tasks...
[2026-09-22T04:13:45.700+0000] {taskinstance.py:340} INFO - ::group::Post task execution logs
[2026-09-22T04:13:45.700+0000] {taskinstance.py:352} INFO - Marking task as SUCCESS. dag_id=spotify_etl_pro, task_id=condicion_proceso_canciones, run_id=manual__2026-09-22T04:12:45+00:00, execution_date=20260922T041245, start_date=20260922T041345, end_date=20260922T041345
[2026-09-22T04:13:45.748+0000] {local_task_job_runner.py:266} INFO - Task exited with return code 0
[2026-09-22T04:13:45.803+0000] {taskinstance.py:3895} INFO - 1 downstream tasks scheduled from follow-on schedule check
[2026-09-22T04:13:45.804+0000] {local_task_job_runner.py:245} INFO - ::endgroup::
