[2026-09-22T05:08:57.951+0000] {local_task_job_runner.py:123} INFO - ::group::Pre task execution logs
[2026-09-22T05:08:57.964+0000] {taskinstance.py:2613} INFO - Dependencies all met for dep_context=non-requeueable deps ti=<TaskInstance: spotify_etl_pro.mas_informacion.extraer_mas_info manual__2026-09-22T04:42:46+00:00 [queued]>
[2026-09-22T05:08:57.969+0000] {taskinstance.py:2613} INFO - Dependencies all met for dep_context=requeueable deps ti=<TaskInstance: spotify_etl_pro.mas_informacion.extraer_mas_info manual__2026-09-22T04:42:46+00:00 [queued]>
[2026-09-22T05:08:57.969+0000] {taskinstance.py:2866} INFO - Starting attempt 2 of 3
[2026-09-22T05:08:57.977+0000] {taskinstance.py:2889} INFO - Executing <Task(_PythonDecoratedOperator): mas_informacion.extraer_mas_info> on 2026-09-22 04:42:46+00:00
[2026-09-22T05:08:57.981+0000] {standard_task_runner.py:72} INFO - Started process 3736 to run task
[2026-09-22T05:08:57.992+0000] {standard_task_runner.py:104} INFO - Running: ['airflow', 'tasks', 'run', 'spotify_etl_pro', 'mas_informacion.extraer_mas_info', 'manual__2026-09-22T04:42:46+00:00', '--job-id', '879', '--raw', '--subdir', 'DAGS_FOLDER/spotify_etl_pro.py', '--cfg-path', '/tmp/tmpzlzigxsi']
[2026-09-22T05:08:57.996+0000] {standard_task_runner.py:105} INFO - Job 879: Subtask mas_informacion.extraer_mas_info
[2026-09-22T05:08:58.050+0000] {task_command.py:467} INFO - Running <TaskInstance: spotify_etl_pro.mas_informacion.extraer_mas_info manual__2026-09-22T04:42:46+00:00 [running]> on host 96d0bddc4644
[2026-09-22T05:08:58.122+0000] {taskinstance.py:3132} INFO - Exporting env vars: AIRFLOW_CTX_DAG_OWNER='axel' AIRFLOW_CTX_DAG_ID='spotify_etl_pro' AIRFLOW_CTX_TASK_ID='mas_informacion.extraer_mas_info' AIRFLOW_CTX_EXECUTION_DATE='2026-09-22T04:42:46+00:00' AIRFLOW_CTX_TRY_NUMBER='2' AIRFLOW_CTX_DAG_RUN_ID='manual__2026-09-22T04:42:46+00:00'
[2026-09-22T05:08:58.123+0000] {taskinstance.py:731} INFO - ::endgroup::
[2026-09-22T05:08:58.171+0000] {base.py:1032} INFO - BEGIN (implicit)
[2026-09-22T05:08:58.173+0000] {base.py:1863} INFO - SELECT artista.nombre_artista 
FROM artista ORDER BY artista.nombre_artista ASC
[2026-09-22T05:08:58.173+0000] {base.py:1868} INFO - [generated in 0.00079s] {}
[2026-09-22T05:08:58.176+0000] {base.py:1060} INFO - ROLLBACK
[2026-09-22T05:08:58.177+0000] {spotify_etl_pro.py:231} INFO - ['Amduscia', 'Bad Bunny', 'Belanova', 'Boy Harsher', 'Charles Ans', 'Dabeull', 'Daddy Yankee', 'Doja Cat', 'Ductape', 'Empire Of The Sun', 'EXO', 'fedesttar', 'Hapax', 'Hocico', 'José José', 'Justin Bieber', 'Kendrick Lamar', 'Kiddie Gang', 'Kris Floyd', 'Linkin Park', 'Marilyn Manson', 'Mecano', 'Méne', 'Metallica', 'Plan B', 'Rihanna', 'Robot95', 'Snoop Dogg', 'Soda Stereo', 'Steve Lukather', 'The Weeknd', 'Tony Succar', 'Tyga', 'Utro', 'Zoé']
[2026-09-22T05:08:59.044+0000] {spotify_etl_pro.py:233} INFO - OK. Iniciando proceso de extraccion mediante Playwrite
[2026-09-22T05:09:04.695+0000] {logging_mixin.py:190} INFO - Ingresamos en el buscador a: Amduscia.
[2026-09-22T05:09:12.934+0000] {logging_mixin.py:190} INFO - Seleccionamos apartado de Artistas.
[2026-09-22T05:09:22.904+0000] {logging_mixin.py:190} INFO - Validando que exista el artista a buscar.
[2026-09-22T05:09:22.972+0000] {logging_mixin.py:190} INFO - Tarjetas encontradas: ['Amduscia', 'Hocico', 'Amduscias', 'Amduscias Heirs', 'Amduscias Heirs', 'La Bande-Son Imaginaire', 'Amduscias', 'Amduscias', 'Amduscias', 'Axiom_amduscias', 'Adlomusic', 'Alabanza Musical', 'Grupo Musical Amadeus', 'Asmed', 'Música Expansiva - Omar Valen', 'Música Cristiana', 'Mafia music', 'Musica Catolica', 'Música Más Vida', 'TC Music', '5 Music MX', 'Ryzen Musik', 'Amistad Música', 'Brain Power Amadeus', 'Música Cristiana Para Niños de TraxLab', 'Amaus', 'Musicalísimo Fuego Indio', 'Musica Sonidera inc', 'WC Music', 'Muzik Junkies']
[2026-09-22T05:09:23.273+0000] {logging_mixin.py:190} INFO - Nos movemos al elemento de Acerc de:
[2026-09-22T05:09:37.276+0000] {base.py:1032} INFO - BEGIN (implicit)
[2026-09-22T05:09:37.284+0000] {base.py:1863} INFO - SELECT artista.id_artista 
FROM artista 
WHERE artista.nombre_artista = %(nombre_artista_1)s
[2026-09-22T05:09:37.284+0000] {base.py:1868} INFO - [generated in 0.00052s] {'nombre_artista_1': 'Amduscia'}
[2026-09-22T05:09:37.288+0000] {logging_mixin.py:190} INFO - El id_artista asociado con Amduscia es: 41
[2026-09-22T05:09:37.289+0000] {base.py:1060} INFO - ROLLBACK
[2026-09-22T05:09:40.534+0000] {logging_mixin.py:190} INFO - Ingresamos en el buscador a: Bad Bunny.
[2026-09-22T05:09:47.371+0000] {logging_mixin.py:190} INFO - Seleccionamos apartado de Artistas.
[2026-09-22T05:09:56.766+0000] {logging_mixin.py:190} INFO - Validando que exista el artista a buscar.
[2026-09-22T05:09:56.799+0000] {logging_mixin.py:190} INFO - Tarjetas encontradas: ['Bad Bunny', 'KAROL G', 'Peso Pluma', 'Tito Double P', 'Maluma', 'Ozuna', 'Anuel AA', 'Rauw Alejandro', 'J Balvin', 'Myke Towers', 'Omar Courtz', 'Duki', 'Bad Bunny Music', 'Feid', 'Mora', 'BAD BUNNY BAND', 'Tainy', 'Bad Bunny Peruano', 'Bad bunny gang', 'Bad Bunny Chapin', 'Bad Bunny - Piano Cover', 'bunny', 'Bad Bunny PH', 'Milky Bunny', 'Bad Red Bunny', 'Bad Pepa Bunny', 'Tiny Bunny', 'Bad Juice Bunny', 'Bunny the BAd GiRL a.k.a. クロノコ', 'Bunny and the Badfire']
[2026-09-22T05:09:56.978+0000] {logging_mixin.py:190} INFO - Nos movemos al elemento de Acerc de:
[2026-09-22T05:10:10.551+0000] {base.py:1032} INFO - BEGIN (implicit)
[2026-09-22T05:10:10.555+0000] {base.py:1863} INFO - SELECT artista.id_artista 
FROM artista 
WHERE artista.nombre_artista = %(nombre_artista_1)s
[2026-09-22T05:10:10.555+0000] {base.py:1868} INFO - [cached since 33.27s ago] {'nombre_artista_1': 'Bad Bunny'}
[2026-09-22T05:10:10.557+0000] {logging_mixin.py:190} INFO - El id_artista asociado con Bad Bunny es: 37
[2026-09-22T05:10:10.557+0000] {base.py:1060} INFO - ROLLBACK
[2026-09-22T05:10:13.458+0000] {logging_mixin.py:190} INFO - Ingresamos en el buscador a: Belanova.
[2026-09-22T05:10:19.847+0000] {logging_mixin.py:190} INFO - Seleccionamos apartado de Artistas.
[2026-09-22T05:10:29.580+0000] {logging_mixin.py:190} INFO - Validando que exista el artista a buscar.
[2026-09-22T05:10:29.667+0000] {logging_mixin.py:190} INFO - Tarjetas encontradas: ['Belanova', 'Kenia Os', 'Miranda!', 'Morat', 'Julieta Venegas', 'Mon Laferte', 'Zoé', 'Yuridia', 'Playa Limbo', 'Reik', 'DANNA', 'Belinda', 'Cazzu', 'Elefante', 'El Junior', 'Bellanova', 'Belnova', 'Bella Nova', 'Tito Double P', 'Béla Kovács', 'Belan Camp', 'Isobel Belano', 'Gabito Ballesteros', 'BELANO', 'Belonoga', 'BELIBOVA', 'Belanga', 'BELANO', 'Belanda Hitam', 'Belanegara Abe']
[2026-09-22T05:10:30.001+0000] {logging_mixin.py:190} INFO - Nos movemos al elemento de Acerc de:
[2026-09-22T05:10:43.934+0000] {base.py:1032} INFO - BEGIN (implicit)
[2026-09-22T05:10:43.943+0000] {base.py:1863} INFO - SELECT artista.id_artista 
FROM artista 
WHERE artista.nombre_artista = %(nombre_artista_1)s
[2026-09-22T05:10:43.943+0000] {base.py:1868} INFO - [cached since 66.66s ago] {'nombre_artista_1': 'Belanova'}
[2026-09-22T05:10:43.945+0000] {logging_mixin.py:190} INFO - El id_artista asociado con Belanova es: 18
[2026-09-22T05:10:43.946+0000] {base.py:1060} INFO - ROLLBACK
[2026-09-22T05:10:46.774+0000] {logging_mixin.py:190} INFO - Ingresamos en el buscador a: Boy Harsher.
[2026-09-22T05:10:53.573+0000] {logging_mixin.py:190} INFO - Seleccionamos apartado de Artistas.
[2026-09-22T05:11:03.016+0000] {logging_mixin.py:190} INFO - Validando que exista el artista a buscar.
[2026-09-22T05:11:03.100+0000] {logging_mixin.py:190} INFO - Tarjetas encontradas: ['Boy Harsher', 'BOY HARSHER', 'Lebanon Hanover', 'Twin Tribes', 'TR/ST', 'Nation of Language', 'BOY HARSHER', 'She Past Away', 'And One', 'Siouxsie and the Banshees', 'Sextile', 'Drab Majesty', 'Sexual Purity', 'Echoberyl', 'Pixel Grip', 'Hante.', 'The frozen Autumn', 'Hotel Hazbin LATAM', 'SARCOMA HORROR', 'Bauhaus', 'Brutal Pig', 'Dismembered Pig', 'KMFDM', 'La Bande-Son Imaginaire', 'mentalHAZRD', 'Hocico', 'Motorama', 'Harsh Symmetry', 'Calaverx', 'Biowaverave']
[2026-09-22T05:11:03.315+0000] {logging_mixin.py:190} INFO - Nos movemos al elemento de Acerc de:
[2026-09-22T05:11:16.917+0000] {base.py:1032} INFO - BEGIN (implicit)
[2026-09-22T05:11:16.920+0000] {base.py:1863} INFO - SELECT artista.id_artista 
FROM artista 
WHERE artista.nombre_artista = %(nombre_artista_1)s
[2026-09-22T05:11:16.920+0000] {base.py:1868} INFO - [cached since 99.64s ago] {'nombre_artista_1': 'Boy Harsher'}
[2026-09-22T05:11:16.921+0000] {logging_mixin.py:190} INFO - El id_artista asociado con Boy Harsher es: 10
[2026-09-22T05:11:16.921+0000] {base.py:1060} INFO - ROLLBACK
[2026-09-22T05:11:19.622+0000] {logging_mixin.py:190} INFO - Ingresamos en el buscador a: Charles Ans.
[2026-09-22T05:11:26.101+0000] {logging_mixin.py:190} INFO - Seleccionamos apartado de Artistas.
[2026-09-22T05:11:35.487+0000] {logging_mixin.py:190} INFO - Validando que exista el artista a buscar.
[2026-09-22T05:11:35.544+0000] {logging_mixin.py:190} INFO - Tarjetas encontradas: ['Charles Ans', 'Gera MX', 'Charles Ans', 'C-Kan', 'Alemán', 'Nanpa Básico', 'Rels B', 'Sabino', 'Adán Cruz', 'DAAZ', 'Robot95', 'Samantha Barrón', 'Rich Vagos', 'Charles Ans', 'Charles Ans', 'Charles Ans', 'Charles Ans', 'Nsqk', 'Ray Charles', 'Charles Aznavour', 'Charles Sanson', 'Charles Sardo', 'Charles Wesley Godwin', 'Charles Parsson', 'Charles Weems', 'Charles Strouse', 'Charles Pasi', 'Adolphe Adam', 'Charles Daisey & Friends', 'Charles New']
[2026-09-22T05:11:35.757+0000] {logging_mixin.py:190} INFO - Nos movemos al elemento de Acerc de:
[2026-09-22T05:11:49.399+0000] {base.py:1032} INFO - BEGIN (implicit)
[2026-09-22T05:11:49.404+0000] {base.py:1863} INFO - SELECT artista.id_artista 
FROM artista 
WHERE artista.nombre_artista = %(nombre_artista_1)s
[2026-09-22T05:11:49.404+0000] {base.py:1868} INFO - [cached since 132.1s ago] {'nombre_artista_1': 'Charles Ans'}
[2026-09-22T05:11:49.415+0000] {logging_mixin.py:190} INFO - El id_artista asociado con Charles Ans es: 12
[2026-09-22T05:11:49.417+0000] {base.py:1060} INFO - ROLLBACK
[2026-09-22T05:11:53.027+0000] {logging_mixin.py:190} INFO - Ingresamos en el buscador a: Dabeull.
[2026-09-22T05:11:59.231+0000] {logging_mixin.py:190} INFO - Seleccionamos apartado de Artistas.
[2026-09-22T05:12:09.385+0000] {logging_mixin.py:190} INFO - Validando que exista el artista a buscar.
[2026-09-22T05:12:09.623+0000] {logging_mixin.py:190} INFO - Tarjetas encontradas: ['Dabeull', 'HolyBrune', "L'Impératrice", 'Dezzy Hollow', 'Dabeull', 'Mike Patton', 'Darell', 'Boko Yout', 'Sūn Byrd', 'Boca Paila', 'Rude Jude', 'Patchwork Inc.', 'Sofia Rei', 'Lorelle Meets The Obsolete', 'Lemon Bucket Orkestra', 'Busy P', 'DaBella', 'DABELLE', 'DannyLux', 'Dabeunotres', 'Fabriell', 'Danbul', 'Dauble', 'Fabruuhh', 'DABUDABU', 'J Abdiel', 'Dahel', 'Dav1el', 'The Dave Brubeck Quartet', 'VV Brujo']
[2026-09-22T05:12:10.322+0000] {logging_mixin.py:190} INFO - Nos movemos al elemento de Acerc de:
[2026-09-22T05:12:27.364+0000] {base.py:1032} INFO - BEGIN (implicit)
[2026-09-22T05:12:27.378+0000] {base.py:1863} INFO - SELECT artista.id_artista 
FROM artista 
WHERE artista.nombre_artista = %(nombre_artista_1)s
[2026-09-22T05:12:27.386+0000] {base.py:1868} INFO - [cached since 170.1s ago] {'nombre_artista_1': 'Dabeull'}
[2026-09-22T05:12:27.399+0000] {logging_mixin.py:190} INFO - El id_artista asociado con Dabeull es: 29
[2026-09-22T05:12:27.400+0000] {base.py:1060} INFO - ROLLBACK
[2026-09-22T05:12:35.724+0000] {logging_mixin.py:190} INFO - Ingresamos en el buscador a: Daddy Yankee.
[2026-09-22T05:12:46.236+0000] {logging_mixin.py:190} INFO - Seleccionamos apartado de Artistas.
[2026-09-22T05:12:56.367+0000] {logging_mixin.py:190} INFO - Validando que exista el artista a buscar.
[2026-09-22T05:12:56.483+0000] {logging_mixin.py:190} INFO - Tarjetas encontradas: ['Daddy Yankee', 'Wisin & Yandel', 'Don Omar', 'Bad Bunny', 'Daddy Yankee', 'J Balvin', 'Daddy Yankee Tributo', 'Ozuna', 'Farruko', 'Maluma', 'Arcángel', 'Plan B', 'Danny Ocean', 'Daddy Yankee (AI)', 'Nicky Jam', 'Daddy Yankee', 'Daddy yankee jefe', 'Feid', 'Daddy Yankee', 'Daddy Yankee', 'DJ Daddy Yankee', 'Ayala (Hermano de Daddy Yankee)', 'Daddy Yanke', 'Wisin', 'Tainy', 'Made famous by Daddy Yankee feat Jory', 'Made famous by Don Omar feat Daddy Yankee', 'Made famous by Daddy Yankee', 'Luis Fonsi, Daddy Yankee/Daddy Yankee', 'Made famous by Baby Rasta & Gringo Ft Daddy Yankee']
[2026-09-22T05:12:57.880+0000] {logging_mixin.py:190} INFO - Nos movemos al elemento de Acerc de:
[2026-09-22T05:13:14.786+0000] {base.py:1032} INFO - BEGIN (implicit)
[2026-09-22T05:13:14.799+0000] {base.py:1863} INFO - SELECT artista.id_artista 
FROM artista 
WHERE artista.nombre_artista = %(nombre_artista_1)s
[2026-09-22T05:13:14.800+0000] {base.py:1868} INFO - [cached since 217.5s ago] {'nombre_artista_1': 'Daddy Yankee'}
[2026-09-22T05:13:14.804+0000] {logging_mixin.py:190} INFO - El id_artista asociado con Daddy Yankee es: 30
[2026-09-22T05:13:14.805+0000] {base.py:1060} INFO - ROLLBACK
[2026-09-22T05:13:18.862+0000] {logging_mixin.py:190} INFO - Ingresamos en el buscador a: Doja Cat.
[2026-09-22T05:13:29.015+0000] {logging_mixin.py:190} INFO - Seleccionamos apartado de Artistas.
[2026-09-22T05:13:39.338+0000] {logging_mixin.py:190} INFO - Validando que exista el artista a buscar.
[2026-09-22T05:13:39.478+0000] {logging_mixin.py:190} INFO - Tarjetas encontradas: ['Doja Cat', 'The Weeknd', 'Cardi B', 'Mon Laferte', 'Kali Uchis', 'Dua Lipa', 'Rihanna', 'Kenia Os', 'Young Miko', 'Ariana Grande', 'Zoé', 'Yeri Mua', 'FLVCKKA', 'Cazzu', 'Nicki Minaj', 'Nicki Nicole', 'Bellakath', 'Rels B', 'Doja Cata', 'Duki', 'Dója Kati', 'Dojo Cuts', 'Shakira', 'Bizarrap', 'Trueno', 'HUMBE', 'NBA YOUNGA DOJA BILLIE CAT', 'rusowsky', 'El Bogueto', 'DANNA']
[2026-09-22T05:13:40.365+0000] {logging_mixin.py:190} INFO - Nos movemos al elemento de Acerc de:
[2026-09-22T05:13:54.985+0000] {base.py:1032} INFO - BEGIN (implicit)
[2026-09-22T05:13:54.988+0000] {base.py:1863} INFO - SELECT artista.id_artista 
FROM artista 
WHERE artista.nombre_artista = %(nombre_artista_1)s
[2026-09-22T05:13:54.989+0000] {base.py:1868} INFO - [cached since 257.7s ago] {'nombre_artista_1': 'Doja Cat'}
[2026-09-22T05:13:54.991+0000] {logging_mixin.py:190} INFO - El id_artista asociado con Doja Cat es: 72
[2026-09-22T05:13:54.991+0000] {base.py:1060} INFO - ROLLBACK
[2026-09-22T05:13:57.927+0000] {logging_mixin.py:190} INFO - Ingresamos en el buscador a: Ductape.
[2026-09-22T05:14:06.324+0000] {logging_mixin.py:190} INFO - Seleccionamos apartado de Artistas.
[2026-09-22T05:14:16.080+0000] {logging_mixin.py:190} INFO - Validando que exista el artista a buscar.
[2026-09-22T05:14:16.260+0000] {logging_mixin.py:190} INFO - Tarjetas encontradas: ['Ductape', 'Ductape', 'Ductape Halo', 'DucTape', 'Ductape Junkies', 'OTB DucTape', 'Cupcake Ductape', 'DuckTape', 'Midnight Generation', 'Liquits', 'Night Tapes', 'Girl Ultra', 'Dumbmonei', 'suciopata', 'Duck Fizz', 'CLUBZ', 'Tankeone', 'Los Dutis', 'Ape Drums', 'Duck Sauce', 'UTCK-Lmntal', 'Madame Récamier', 'Dapuntobeat', 'Delux', 'Delux', 'Rey Pila', 'Sotomayor', 'PUGSPUGSPUGS', 'MLKMN', 'Tanke']
[2026-09-22T05:14:19.041+0000] {logging_mixin.py:190} INFO - Nos movemos al elemento de Acerc de:
[2026-09-22T05:14:35.053+0000] {base.py:1032} INFO - BEGIN (implicit)
[2026-09-22T05:14:35.059+0000] {base.py:1863} INFO - SELECT artista.id_artista 
FROM artista 
WHERE artista.nombre_artista = %(nombre_artista_1)s
[2026-09-22T05:14:35.060+0000] {base.py:1868} INFO - [cached since 297.8s ago] {'nombre_artista_1': 'Ductape'}
[2026-09-22T05:14:35.063+0000] {logging_mixin.py:190} INFO - El id_artista asociado con Ductape es: 14
[2026-09-22T05:14:35.064+0000] {base.py:1060} INFO - ROLLBACK
[2026-09-22T05:14:38.725+0000] {logging_mixin.py:190} INFO - Ingresamos en el buscador a: Empire Of The Sun.
[2026-09-22T05:15:07.470+0000] {logging_mixin.py:190} INFO - Seleccionamos apartado de Artistas.
[2026-09-22T05:15:17.188+0000] {logging_mixin.py:190} INFO - Validando que exista el artista a buscar.
[2026-09-22T05:15:17.313+0000] {logging_mixin.py:190} INFO - Tarjetas encontradas: ['Empire Of The Sun', 'Daft Punk', 'RÜFÜS DU SOL', 'Tame Impala', 'Mac Miller', 'Foster The People', 'Zoé', 'Capital Cities', 'Danny Ocean', 'Kygo', 'Enjambre', 'Siddhartha', 'DLD', 'MGMT', 'The Strokes', 'Ed Maverick', 'Cuco', 'Kevin Kaarl', 'Odisseo', "L'Impératrice", 'Suns of the Empire', 'LSD', 'HUMBE', 'rusowsky', 'Labrinth', 'Djo', 'Diplo', 'DISHYPE', 'Caloncho', 'EMJAY']
[2026-09-22T05:15:18.104+0000] {logging_mixin.py:190} INFO - Nos movemos al elemento de Acerc de:
[2026-09-22T05:15:40.765+0000] {base.py:1032} INFO - BEGIN (implicit)
[2026-09-22T05:15:40.776+0000] {base.py:1863} INFO - SELECT artista.id_artista 
FROM artista 
WHERE artista.nombre_artista = %(nombre_artista_1)s
[2026-09-22T05:15:40.778+0000] {base.py:1868} INFO - [cached since 363.5s ago] {'nombre_artista_1': 'Empire Of The Sun'}
[2026-09-22T05:15:40.782+0000] {logging_mixin.py:190} INFO - El id_artista asociado con Empire Of The Sun es: 51
[2026-09-22T05:15:40.783+0000] {base.py:1060} INFO - ROLLBACK
[2026-09-22T05:15:45.203+0000] {logging_mixin.py:190} INFO - Ingresamos en el buscador a: EXO.
[2026-09-22T05:16:18.788+0000] {job.py:229} INFO - Heartbeat recovered after 32.41 seconds
[2026-09-22T05:16:19.038+0000] {logging_mixin.py:190} INFO - Seleccionamos apartado de Artistas.
[2026-09-22T05:16:28.508+0000] {logging_mixin.py:190} INFO - Validando que exista el artista a buscar.
[2026-09-22T05:16:28.548+0000] {logging_mixin.py:190} INFO - Tarjetas encontradas: ['EXO', 'KAI', 'CHANYEOL', 'GOT7', 'LAY', 'CHEN', 'SUPER JUNIOR', 'BIGBANG', 'SEVENTEEN', 'SHINee', 'Exodus', 'XIUMIN', 'EXO-CBX', 'EXO', 'NCT 127', 'EXO', 'SUHO', 'BAEKHYUN', 'EXO', 'EXO-K', 'EXO', 'EXOA', 'Éxodo Lirical', 'EXO', 'EXO-M', 'Martinwhite', 'Exotic', 'Mora', 'Exodar', 'exotic']
[2026-09-22T05:16:28.843+0000] {logging_mixin.py:190} INFO - Nos movemos al elemento de Acerc de:
[2026-09-22T05:16:42.863+0000] {base.py:1032} INFO - BEGIN (implicit)
[2026-09-22T05:16:42.871+0000] {base.py:1863} INFO - SELECT artista.id_artista 
FROM artista 
WHERE artista.nombre_artista = %(nombre_artista_1)s
[2026-09-22T05:16:42.872+0000] {base.py:1868} INFO - [cached since 398.4s ago] {'nombre_artista_1': 'EXO'}
[2026-09-22T05:16:42.876+0000] {logging_mixin.py:190} INFO - El id_artista asociado con EXO es: 4
[2026-09-22T05:16:42.877+0000] {base.py:1060} INFO - ROLLBACK
[2026-09-22T05:18:02.889+0000] {job.py:229} INFO - Heartbeat recovered after 77.84 seconds
[2026-09-22T05:18:13.092+0000] {logging_mixin.py:190} INFO - Ingresamos en el buscador a: fedesttar.
[2026-09-22T05:18:22.500+0000] {logging_mixin.py:190} INFO - Seleccionamos apartado de Artistas.
[2026-09-22T05:18:32.303+0000] {logging_mixin.py:190} INFO - Validando que exista el artista a buscar.
[2026-09-22T05:18:32.469+0000] {logging_mixin.py:190} INFO - Tarjetas encontradas: ['fedesttar', 'Fede Tarifeño', 'Fede Vigevani', 'Fede Tarifeño', 'Festari Labs', 'Destripando la Historia', 'Federico Villa', 'F4ST', 'Fiesta 85', 'Fede Eyherabide', 'La Orquesta Y Coros Del Festival De Praga', 'Federico Vega', 'Fede Figueroa', 'Fresto Music', 'Fester Witch', 'Feist', 'Festival huasteco', 'Fedde Le Grand', 'Starkids Music', 'fedo DJ', 'MAYESTIK', 'Ferso', 'Fede Guelmos', 'Fresto', 'Fasten', 'Dj Dasten', 'INFERAART', 'Deseos Fab', 'RUIDO', 'Kapostik']
[2026-09-22T05:18:33.210+0000] {logging_mixin.py:190} INFO - Nos movemos al elemento de Acerc de:
[2026-09-22T05:18:52.659+0000] {base.py:1032} INFO - BEGIN (implicit)
[2026-09-22T05:18:52.676+0000] {base.py:1863} INFO - SELECT artista.id_artista 
FROM artista 
WHERE artista.nombre_artista = %(nombre_artista_1)s
[2026-09-22T05:18:52.677+0000] {base.py:1868} INFO - [cached since 459.5s ago] {'nombre_artista_1': 'fedesttar'}
[2026-09-22T05:18:52.680+0000] {logging_mixin.py:190} INFO - El id_artista asociado con fedesttar es: 21
[2026-09-22T05:18:52.681+0000] {base.py:1060} INFO - ROLLBACK
[2026-09-22T05:18:58.227+0000] {logging_mixin.py:190} INFO - Ingresamos en el buscador a: Hapax.
[2026-09-22T05:19:05.572+0000] {logging_mixin.py:190} INFO - Seleccionamos apartado de Artistas.
[2026-09-22T05:19:15.321+0000] {logging_mixin.py:190} INFO - Validando que exista el artista a buscar.
[2026-09-22T05:19:15.429+0000] {logging_mixin.py:190} INFO - Tarjetas encontradas: ['Hapax', 'Hapax Legomenon', 'Hapax', 'hapax', 'HapaX.', 'Hapa', 'Hapax, Arcos da Lapa', 'hapaxanthous', 'HAPAX', 'Hapaxx', 'Hapax', 'Jim Hapax', 'Noah Hapax', 'HAPAXAN', 'Noah Hapax', 'Haparvarim', 'Hapex Guru', 'Rapazolla', 'Nethsara Hapangama', 'Kishan Hapa', 'Kishan Hapa', 'Dj Kishan Hapa', 'Kishan Hapa', 'הפטריקים']
[2026-09-22T05:19:15.797+0000] {logging_mixin.py:190} INFO - Nos movemos al elemento de Acerc de:
[2026-09-22T05:19:38.549+0000] {base.py:1032} INFO - BEGIN (implicit)
[2026-09-22T05:19:38.574+0000] {base.py:1863} INFO - SELECT artista.id_artista 
FROM artista 
WHERE artista.nombre_artista = %(nombre_artista_1)s
[2026-09-22T05:19:38.576+0000] {base.py:1868} INFO - [cached since 505.6s ago] {'nombre_artista_1': 'Hapax'}
[2026-09-22T05:19:38.592+0000] {logging_mixin.py:190} INFO - El id_artista asociado con Hapax es: 6
[2026-09-22T05:19:38.594+0000] {base.py:1060} INFO - ROLLBACK
[2026-09-22T05:19:45.000+0000] {logging_mixin.py:190} INFO - Ingresamos en el buscador a: Hocico.
[2026-09-22T05:19:54.029+0000] {logging_mixin.py:190} INFO - Seleccionamos apartado de Artistas.
[2026-09-22T05:20:27.352+0000] {job.py:229} INFO - Heartbeat recovered after 32.36 seconds
[2026-09-22T05:20:30.878+0000] {logging_mixin.py:190} INFO - Validando que exista el artista a buscar.
[2026-09-22T05:20:30.950+0000] {logging_mixin.py:190} INFO - Tarjetas encontradas: ['Hocico', 'Prayers', 'Blutengel', 'La Bande-Son Imaginaire', 'Lacrimosa', 'Amduscia', 'And One', 'Hocico', 'Dulce Liquido', 'Suicide Commando', 'Combichrist', 'Size', 'Cenobita', "Hocico'e Tarro", 'Rabia Sorda', 'Margaritas Podridas', 'Alien Vampires', 'Chicos de Barrio', 'Chico Che Chico', 'Chico Che y La Crisis', 'Hocho', 'Haus-A-Holics', 'Huichol Musical', 'Xochilt', 'Ovi', 'Hector Vargas', 'ICC', 'Nuco', 'XOchitl', 'Bicho Ramirez']
[2026-09-22T05:20:31.230+0000] {logging_mixin.py:190} INFO - Nos movemos al elemento de Acerc de:
[2026-09-22T05:20:45.831+0000] {base.py:1032} INFO - BEGIN (implicit)
[2026-09-22T05:20:45.838+0000] {base.py:1863} INFO - SELECT artista.id_artista 
FROM artista 
WHERE artista.nombre_artista = %(nombre_artista_1)s
[2026-09-22T05:20:45.840+0000] {base.py:1868} INFO - [cached since 545.6s ago] {'nombre_artista_1': 'Hocico'}
[2026-09-22T05:20:45.844+0000] {logging_mixin.py:190} INFO - El id_artista asociado con Hocico es: 1
[2026-09-22T05:20:45.845+0000] {base.py:1060} INFO - ROLLBACK
[2026-09-22T05:20:49.265+0000] {logging_mixin.py:190} INFO - Ingresamos en el buscador a: José José.
[2026-09-22T05:25:26.534+0000] {job.py:229} INFO - Heartbeat recovered after 278.43 seconds
[2026-09-22T05:25:42.152+0000] {logging_mixin.py:190} INFO - Seleccionamos apartado de Artistas.
[2026-09-22T05:25:52.526+0000] {logging_mixin.py:190} INFO - Validando que exista el artista a buscar.
[2026-09-22T05:25:52.626+0000] {logging_mixin.py:190} INFO - Tarjetas encontradas: ['José José', 'Joan Sebastian', 'Vicente Fernández', 'Mon Laferte', 'Juan Gabriel', 'Luis Miguel', 'Leo Dan', 'José Alfredo Jimenez', 'Rocío Dúrcal', 'Alejandro Fernández', 'María José', 'Cristian Castro', 'José Maria Napoleón', 'Jósean Log', 'Emmanuel', 'Jose Jose Jose', 'Jose Gomez Romero', 'Jose Lopez', 'Selecto Instrumental de Jose Jose', 'José Joel', 'Jose Joel', 'José Otero', 'Jose Gomez', 'José Serebrier', 'José James', 'Josh Joseph', 'Jose Seron', 'Jose Roberto', 'Jose lopez', 'jose jimenez']
[2026-09-22T05:25:54.166+0000] {logging_mixin.py:190} INFO - Nos movemos al elemento de Acerc de:
[2026-09-22T05:26:09.198+0000] {base.py:1032} INFO - BEGIN (implicit)
[2026-09-22T05:26:09.209+0000] {base.py:1863} INFO - SELECT artista.id_artista 
FROM artista 
WHERE artista.nombre_artista = %(nombre_artista_1)s
[2026-09-22T05:26:09.210+0000] {base.py:1868} INFO - [cached since 599.9s ago] {'nombre_artista_1': 'José José'}
[2026-09-22T05:26:09.214+0000] {logging_mixin.py:190} INFO - El id_artista asociado con José José es: 33
[2026-09-22T05:26:09.214+0000] {base.py:1060} INFO - ROLLBACK
[2026-09-22T05:26:16.396+0000] {logging_mixin.py:190} INFO - Ingresamos en el buscador a: Justin Bieber.
[2026-09-22T05:26:26.102+0000] {logging_mixin.py:190} INFO - Seleccionamos apartado de Artistas.
[2026-09-22T05:26:36.293+0000] {logging_mixin.py:190} INFO - Validando que exista el artista a buscar.
[2026-09-22T05:26:36.441+0000] {logging_mixin.py:190} INFO - Tarjetas encontradas: ['Justin Bieber', 'Bruno Mars', 'Shakira', 'BTS', 'Maluma', 'Ariana Grande', 'Taylor Swift', 'Dua Lipa', 'Ozuna', 'Morat', 'Luis Miguel', 'Rauw Alejandro', 'J Balvin', 'Feid', 'Justin Timberlake', 'Justin Bieber Cover Band', 'Justin Bieber Tribute Team', 'Justin Bieber Karaoke Band', "Justin Bieber's Karaoke Band", 'Justin Bieber - Piano Covers', 'Ed Sheeran & Justin Bieber', 'Justin Bieberau', 'Justin Quiles', 'The Justin Bieber Cover Band', 'KAROL G', 'Justine Bieber', 'Justin', 'Justin', 'justilay', 'JU5TŸN']
[2026-09-22T05:26:37.150+0000] {logging_mixin.py:190} INFO - Nos movemos al elemento de Acerc de:
[2026-09-22T05:26:56.190+0000] {base.py:1032} INFO - BEGIN (implicit)
[2026-09-22T05:26:56.211+0000] {base.py:1863} INFO - SELECT artista.id_artista 
FROM artista 
WHERE artista.nombre_artista = %(nombre_artista_1)s
[2026-09-22T05:26:56.213+0000] {base.py:1868} INFO - [cached since 646.9s ago] {'nombre_artista_1': 'Justin Bieber'}
[2026-09-22T05:26:56.221+0000] {logging_mixin.py:190} INFO - El id_artista asociado con Justin Bieber es: 15
[2026-09-22T05:26:56.222+0000] {base.py:1060} INFO - ROLLBACK
[2026-09-22T05:27:07.225+0000] {logging_mixin.py:190} INFO - Ingresamos en el buscador a: Kendrick Lamar.
[2026-09-22T05:27:58.326+0000] {job.py:229} INFO - Heartbeat recovered after 36.07 seconds
[2026-09-22T05:28:13.544+0000] {logging_mixin.py:190} INFO - Error inesperado durante la bsuqueda del artista: Locator.press: Timeout 30000ms exceeded.
Call log:
  - waiting for locator("[role=\"combobox\"], input[data-testid=\"search-input\"]").first
[2026-09-22T05:28:16.065+0000] {python.py:240} INFO - Done. Returned value was: None
[2026-09-22T05:28:16.181+0000] {taskinstance.py:340} INFO - ::group::Post task execution logs
[2026-09-22T05:28:16.184+0000] {taskinstance.py:352} INFO - Marking task as SUCCESS. dag_id=spotify_etl_pro, task_id=mas_informacion.extraer_mas_info, run_id=manual__2026-09-22T04:42:46+00:00, execution_date=20260922T044246, start_date=20260922T050857, end_date=20260922T052816
[2026-09-22T05:28:16.266+0000] {local_task_job_runner.py:266} INFO - Task exited with return code 0
[2026-09-22T05:28:16.395+0000] {taskinstance.py:3895} INFO - 1 downstream tasks scheduled from follow-on schedule check
[2026-09-22T05:28:16.396+0000] {local_task_job_runner.py:245} INFO - ::endgroup::
