[2026-09-21T22:54:27.415+0000] {local_task_job_runner.py:123} INFO - ::group::Pre task execution logs
[2026-09-21T22:54:27.467+0000] {taskinstance.py:2613} INFO - Dependencies all met for dep_context=non-requeueable deps ti=<TaskInstance: spotify_etl_pro.canciones.create_tabla_canciones manual__2026-09-21T22:54:21+00:00 [queued]>
[2026-09-21T22:54:27.512+0000] {taskinstance.py:2613} INFO - Dependencies all met for dep_context=requeueable deps ti=<TaskInstance: spotify_etl_pro.canciones.create_tabla_canciones manual__2026-09-21T22:54:21+00:00 [queued]>
[2026-09-21T22:54:27.519+0000] {taskinstance.py:2866} INFO - Starting attempt 1 of 3
[2026-09-21T22:54:27.556+0000] {taskinstance.py:2889} INFO - Executing <Task(_PythonDecoratedOperator): canciones.create_tabla_canciones> on 2026-09-21 22:54:21+00:00
[2026-09-21T22:54:27.586+0000] {standard_task_runner.py:72} INFO - Started process 608 to run task
[2026-09-21T22:54:27.609+0000] {standard_task_runner.py:104} INFO - Running: ['airflow', 'tasks', 'run', 'spotify_etl_pro', 'canciones.create_tabla_canciones', 'manual__2026-09-21T22:54:21+00:00', '--job-id', '720', '--raw', '--subdir', 'DAGS_FOLDER/spotify_etl_pro.py', '--cfg-path', '/tmp/tmp_pbll158']
[2026-09-21T22:54:27.623+0000] {standard_task_runner.py:105} INFO - Job 720: Subtask canciones.create_tabla_canciones
[2026-09-21T22:54:27.782+0000] {task_command.py:467} INFO - Running <TaskInstance: spotify_etl_pro.canciones.create_tabla_canciones manual__2026-09-21T22:54:21+00:00 [running]> on host 96d0bddc4644
[2026-09-21T22:54:27.890+0000] {taskinstance.py:3132} INFO - Exporting env vars: AIRFLOW_CTX_DAG_OWNER='axel' AIRFLOW_CTX_DAG_ID='spotify_etl_pro' AIRFLOW_CTX_TASK_ID='canciones.create_tabla_canciones' AIRFLOW_CTX_EXECUTION_DATE='2026-09-21T22:54:21+00:00' AIRFLOW_CTX_TRY_NUMBER='1' AIRFLOW_CTX_DAG_RUN_ID='manual__2026-09-21T22:54:21+00:00'
[2026-09-21T22:54:27.894+0000] {taskinstance.py:731} INFO - ::endgroup::
[2026-09-21T22:54:27.970+0000] {logging_mixin.py:190} INFO - 2026-09-21 22:54:27,969 INFO sqlalchemy.engine.Engine select pg_catalog.version()
[2026-09-21T22:54:27.969+0000] {base.py:1863} INFO - select pg_catalog.version()
[2026-09-21T22:54:27.970+0000] {logging_mixin.py:190} INFO - 2026-09-21 22:54:27,970 INFO sqlalchemy.engine.Engine [raw sql] {}
[2026-09-21T22:54:27.970+0000] {base.py:1868} INFO - [raw sql] {}
[2026-09-21T22:54:27.971+0000] {logging_mixin.py:190} INFO - 2026-09-21 22:54:27,971 INFO sqlalchemy.engine.Engine select current_schema()
[2026-09-21T22:54:27.971+0000] {base.py:1863} INFO - select current_schema()
[2026-09-21T22:54:27.972+0000] {logging_mixin.py:190} INFO - 2026-09-21 22:54:27,972 INFO sqlalchemy.engine.Engine [raw sql] {}
[2026-09-21T22:54:27.972+0000] {base.py:1868} INFO - [raw sql] {}
[2026-09-21T22:54:27.973+0000] {logging_mixin.py:190} INFO - 2026-09-21 22:54:27,973 INFO sqlalchemy.engine.Engine show standard_conforming_strings
[2026-09-21T22:54:27.973+0000] {base.py:1863} INFO - show standard_conforming_strings
[2026-09-21T22:54:27.974+0000] {logging_mixin.py:190} INFO - 2026-09-21 22:54:27,974 INFO sqlalchemy.engine.Engine [raw sql] {}
[2026-09-21T22:54:27.974+0000] {base.py:1868} INFO - [raw sql] {}
[2026-09-21T22:54:27.976+0000] {logging_mixin.py:190} INFO - 2026-09-21 22:54:27,976 INFO sqlalchemy.engine.Engine BEGIN (implicit)
[2026-09-21T22:54:27.976+0000] {base.py:1032} INFO - BEGIN (implicit)
[2026-09-21T22:54:27.978+0000] {logging_mixin.py:190} INFO - 2026-09-21 22:54:27,978 INFO sqlalchemy.engine.Engine select relname from pg_class c join pg_namespace n on n.oid=c.relnamespace where pg_catalog.pg_table_is_visible(c.oid) and relname=%(name)s
[2026-09-21T22:54:27.978+0000] {base.py:1863} INFO - select relname from pg_class c join pg_namespace n on n.oid=c.relnamespace where pg_catalog.pg_table_is_visible(c.oid) and relname=%(name)s
[2026-09-21T22:54:27.979+0000] {logging_mixin.py:190} INFO - 2026-09-21 22:54:27,979 INFO sqlalchemy.engine.Engine [generated in 0.00096s] {'name': 'canciones'}
[2026-09-21T22:54:27.979+0000] {base.py:1868} INFO - [generated in 0.00096s] {'name': 'canciones'}
[2026-09-21T22:54:27.981+0000] {logging_mixin.py:190} INFO - 2026-09-21 22:54:27,981 INFO sqlalchemy.engine.Engine COMMIT
[2026-09-21T22:54:27.981+0000] {base.py:1092} INFO - COMMIT
[2026-09-21T22:54:27.982+0000] {logging_mixin.py:190} INFO - Tabla 'canciones' verificada/creada correctamente.
[2026-09-21T22:54:27.983+0000] {spotify_etl_pro.py:262} INFO - OK. Se creo la Tabla.
[2026-09-21T22:54:27.983+0000] {python.py:240} INFO - Done. Returned value was: None
[2026-09-21T22:54:27.999+0000] {taskinstance.py:340} INFO - ::group::Post task execution logs
[2026-09-21T22:54:28.000+0000] {taskinstance.py:352} INFO - Marking task as SUCCESS. dag_id=spotify_etl_pro, task_id=canciones.create_tabla_canciones, run_id=manual__2026-09-21T22:54:21+00:00, execution_date=20260921T225421, start_date=20260921T225427, end_date=20260921T225428
[2026-09-21T22:54:28.028+0000] {local_task_job_runner.py:266} INFO - Task exited with return code 0
[2026-09-21T22:54:28.078+0000] {taskinstance.py:3895} INFO - 0 downstream tasks scheduled from follow-on schedule check
[2026-09-21T22:54:28.080+0000] {local_task_job_runner.py:245} INFO - ::endgroup::
