[2026-09-21T22:43:27.047+0000] {local_task_job_runner.py:123} INFO - ::group::Pre task execution logs
[2026-09-21T22:43:27.060+0000] {taskinstance.py:2613} INFO - Dependencies all met for dep_context=non-requeueable deps ti=<TaskInstance: spotify_etl_pro.condicion_proceso_album manual__2026-09-21T22:42:38+00:00 [queued]>
[2026-09-21T22:43:27.066+0000] {taskinstance.py:2613} INFO - Dependencies all met for dep_context=requeueable deps ti=<TaskInstance: spotify_etl_pro.condicion_proceso_album manual__2026-09-21T22:42:38+00:00 [queued]>
[2026-09-21T22:43:27.066+0000] {taskinstance.py:2866} INFO - Starting attempt 1 of 3
[2026-09-21T22:43:27.073+0000] {taskinstance.py:2889} INFO - Executing <Task(ShortCircuitOperator): condicion_proceso_album> on 2026-09-21 22:42:38+00:00
[2026-09-21T22:43:27.076+0000] {standard_task_runner.py:72} INFO - Started process 491 to run task
[2026-09-21T22:43:27.083+0000] {standard_task_runner.py:104} INFO - Running: ['airflow', 'tasks', 'run', 'spotify_etl_pro', 'condicion_proceso_album', 'manual__2026-09-21T22:42:38+00:00', '--job-id', '717', '--raw', '--subdir', 'DAGS_FOLDER/spotify_etl_pro.py', '--cfg-path', '/tmp/tmp6h8_0x81']
[2026-09-21T22:43:27.086+0000] {standard_task_runner.py:105} INFO - Job 717: Subtask condicion_proceso_album
[2026-09-21T22:43:27.129+0000] {task_command.py:467} INFO - Running <TaskInstance: spotify_etl_pro.condicion_proceso_album manual__2026-09-21T22:42:38+00:00 [running]> on host 96d0bddc4644
[2026-09-21T22:43:27.209+0000] {taskinstance.py:3132} INFO - Exporting env vars: AIRFLOW_CTX_DAG_OWNER='axel' AIRFLOW_CTX_DAG_ID='spotify_etl_pro' AIRFLOW_CTX_TASK_ID='condicion_proceso_album' AIRFLOW_CTX_EXECUTION_DATE='2026-09-21T22:42:38+00:00' AIRFLOW_CTX_TRY_NUMBER='1' AIRFLOW_CTX_DAG_RUN_ID='manual__2026-09-21T22:42:38+00:00'
[2026-09-21T22:43:27.214+0000] {taskinstance.py:731} INFO - ::endgroup::
[2026-09-21T22:43:27.217+0000] {baseoperator.py:416} WARNING - ShortCircuitOperator.execute cannot be called outside TaskInstance!
[2026-09-21T22:43:27.219+0000] {python.py:240} INFO - Done. Returned value was: False
[2026-09-21T22:43:27.219+0000] {python.py:309} INFO - Condition result is False
[2026-09-21T22:43:27.219+0000] {python.py:336} INFO - Skipping downstream tasks
[2026-09-21T22:43:27.254+0000] {python.py:344} INFO - Done.
[2026-09-21T22:43:27.277+0000] {taskinstance.py:340} INFO - ::group::Post task execution logs
[2026-09-21T22:43:27.278+0000] {taskinstance.py:352} INFO - Marking task as SUCCESS. dag_id=spotify_etl_pro, task_id=condicion_proceso_album, run_id=manual__2026-09-21T22:42:38+00:00, execution_date=20260921T224238, start_date=20260921T224327, end_date=20260921T224327
[2026-09-21T22:43:27.295+0000] {local_task_job_runner.py:266} INFO - Task exited with return code 0
[2026-09-21T22:43:27.313+0000] {taskinstance.py:3895} INFO - 0 downstream tasks scheduled from follow-on schedule check
[2026-09-21T22:43:27.314+0000] {local_task_job_runner.py:245} INFO - ::endgroup::
