[2026-09-22T04:43:12.657+0000] {local_task_job_runner.py:123} INFO - ::group::Pre task execution logs
[2026-09-22T04:43:12.672+0000] {taskinstance.py:2613} INFO - Dependencies all met for dep_context=non-requeueable deps ti=<TaskInstance: spotify_etl_pro.tiempo_espera_30s manual__2026-09-22T04:42:46+00:00 [queued]>
[2026-09-22T04:43:12.679+0000] {taskinstance.py:2613} INFO - Dependencies all met for dep_context=requeueable deps ti=<TaskInstance: spotify_etl_pro.tiempo_espera_30s manual__2026-09-22T04:42:46+00:00 [queued]>
[2026-09-22T04:43:12.680+0000] {taskinstance.py:2866} INFO - Starting attempt 1 of 3
[2026-09-22T04:43:12.688+0000] {taskinstance.py:2889} INFO - Executing <Task(BashOperator): tiempo_espera_30s> on 2026-09-22 04:42:46+00:00
[2026-09-22T04:43:12.694+0000] {standard_task_runner.py:72} INFO - Started process 3245 to run task
[2026-09-22T04:43:12.698+0000] {standard_task_runner.py:104} INFO - Running: ['airflow', 'tasks', 'run', 'spotify_etl_pro', 'tiempo_espera_30s', 'manual__2026-09-22T04:42:46+00:00', '--job-id', '866', '--raw', '--subdir', 'DAGS_FOLDER/spotify_etl_pro.py', '--cfg-path', '/tmp/tmphp38y747']
[2026-09-22T04:43:12.702+0000] {standard_task_runner.py:105} INFO - Job 866: Subtask tiempo_espera_30s
[2026-09-22T04:43:12.757+0000] {task_command.py:467} INFO - Running <TaskInstance: spotify_etl_pro.tiempo_espera_30s manual__2026-09-22T04:42:46+00:00 [running]> on host 96d0bddc4644
[2026-09-22T04:43:12.839+0000] {taskinstance.py:3132} INFO - Exporting env vars: AIRFLOW_CTX_DAG_OWNER='axel' AIRFLOW_CTX_DAG_ID='spotify_etl_pro' AIRFLOW_CTX_TASK_ID='tiempo_espera_30s' AIRFLOW_CTX_EXECUTION_DATE='2026-09-22T04:42:46+00:00' AIRFLOW_CTX_TRY_NUMBER='1' AIRFLOW_CTX_DAG_RUN_ID='manual__2026-09-22T04:42:46+00:00'
[2026-09-22T04:43:12.841+0000] {taskinstance.py:731} INFO - ::endgroup::
[2026-09-22T04:43:12.843+0000] {subprocess.py:78} INFO - Tmp dir root location: /tmp
[2026-09-22T04:43:12.844+0000] {subprocess.py:88} INFO - Running command: ['/usr/bin/bash', '-c', 'sleep 30']
[2026-09-22T04:43:12.855+0000] {subprocess.py:99} INFO - Output:
[2026-09-22T04:43:42.871+0000] {subprocess.py:110} INFO - Command exited with return code 0
[2026-09-22T04:43:42.932+0000] {taskinstance.py:340} INFO - ::group::Post task execution logs
[2026-09-22T04:43:42.933+0000] {taskinstance.py:352} INFO - Marking task as SUCCESS. dag_id=spotify_etl_pro, task_id=tiempo_espera_30s, run_id=manual__2026-09-22T04:42:46+00:00, execution_date=20260922T044246, start_date=20260922T044312, end_date=20260922T044342
[2026-09-22T04:43:42.962+0000] {local_task_job_runner.py:266} INFO - Task exited with return code 0
[2026-09-22T04:43:42.992+0000] {taskinstance.py:3895} INFO - 1 downstream tasks scheduled from follow-on schedule check
[2026-09-22T04:43:42.993+0000] {local_task_job_runner.py:245} INFO - ::endgroup::
