[2026-09-23T03:07:32.085+0000] {local_task_job_runner.py:123} INFO - ::group::Pre task execution logs
[2026-09-23T03:07:32.170+0000] {taskinstance.py:2613} INFO - Dependencies all met for dep_context=non-requeueable deps ti=<TaskInstance: spotify_etl_pro.inicializador manual__2026-09-23T03:07:22+00:00 [queued]>
[2026-09-23T03:07:32.190+0000] {taskinstance.py:2613} INFO - Dependencies all met for dep_context=requeueable deps ti=<TaskInstance: spotify_etl_pro.inicializador manual__2026-09-23T03:07:22+00:00 [queued]>
[2026-09-23T03:07:32.192+0000] {taskinstance.py:2866} INFO - Starting attempt 1 of 3
[2026-09-23T03:07:32.239+0000] {taskinstance.py:2889} INFO - Executing <Task(BashOperator): inicializador> on 2026-09-23 03:07:22+00:00
[2026-09-23T03:07:32.253+0000] {standard_task_runner.py:72} INFO - Started process 2127 to run task
[2026-09-23T03:07:32.285+0000] {standard_task_runner.py:104} INFO - Running: ['airflow', 'tasks', 'run', 'spotify_etl_pro', 'inicializador', 'manual__2026-09-23T03:07:22+00:00', '--job-id', '975', '--raw', '--subdir', 'DAGS_FOLDER/spotify_etl_pro.py', '--cfg-path', '/tmp/tmpfd4lckso']
[2026-09-23T03:07:32.291+0000] {standard_task_runner.py:105} INFO - Job 975: Subtask inicializador
[2026-09-23T03:07:32.500+0000] {task_command.py:467} INFO - Running <TaskInstance: spotify_etl_pro.inicializador manual__2026-09-23T03:07:22+00:00 [running]> on host 96d0bddc4644
[2026-09-23T03:07:32.843+0000] {taskinstance.py:3132} INFO - Exporting env vars: AIRFLOW_CTX_DAG_OWNER='axel' AIRFLOW_CTX_DAG_ID='spotify_etl_pro' AIRFLOW_CTX_TASK_ID='inicializador' AIRFLOW_CTX_EXECUTION_DATE='2026-09-23T03:07:22+00:00' AIRFLOW_CTX_TRY_NUMBER='1' AIRFLOW_CTX_DAG_RUN_ID='manual__2026-09-23T03:07:22+00:00'
[2026-09-23T03:07:32.860+0000] {taskinstance.py:731} INFO - ::endgroup::
[2026-09-23T03:07:32.884+0000] {subprocess.py:78} INFO - Tmp dir root location: /tmp
[2026-09-23T03:07:32.893+0000] {subprocess.py:88} INFO - Running command: ['/usr/bin/bash', '-c', 'echo "Iniciando pipeline de Spotify..."']
[2026-09-23T03:07:32.935+0000] {subprocess.py:99} INFO - Output:
[2026-09-23T03:07:32.991+0000] {subprocess.py:106} INFO - Iniciando pipeline de Spotify...
[2026-09-23T03:07:32.994+0000] {subprocess.py:110} INFO - Command exited with return code 0
[2026-09-23T03:07:33.068+0000] {taskinstance.py:340} INFO - ::group::Post task execution logs
[2026-09-23T03:07:33.068+0000] {taskinstance.py:352} INFO - Marking task as SUCCESS. dag_id=spotify_etl_pro, task_id=inicializador, run_id=manual__2026-09-23T03:07:22+00:00, execution_date=20260923T030722, start_date=20260923T030732, end_date=20260923T030733
[2026-09-23T03:07:33.122+0000] {local_task_job_runner.py:266} INFO - Task exited with return code 0
[2026-09-23T03:07:33.179+0000] {local_task_job_runner.py:245} INFO - ::endgroup::
