[2026-09-23T00:07:30.332+0000] {local_task_job_runner.py:123} INFO - ::group::Pre task execution logs
[2026-09-23T00:07:30.352+0000] {taskinstance.py:2613} INFO - Dependencies all met for dep_context=non-requeueable deps ti=<TaskInstance: spotify_etl_pro.artista_bq_historico.subir_inf_artista_bigquerry__3 scheduled__2026-09-22T00:00:00+00:00 [queued]>
[2026-09-23T00:07:30.363+0000] {taskinstance.py:2613} INFO - Dependencies all met for dep_context=requeueable deps ti=<TaskInstance: spotify_etl_pro.artista_bq_historico.subir_inf_artista_bigquerry__3 scheduled__2026-09-22T00:00:00+00:00 [queued]>
[2026-09-23T00:07:30.366+0000] {taskinstance.py:2866} INFO - Starting attempt 1 of 3
[2026-09-23T00:07:30.382+0000] {taskinstance.py:2889} INFO - Executing <Task(_PythonDecoratedOperator): artista_bq_historico.subir_inf_artista_bigquerry__3> on 2026-09-22 00:00:00+00:00
[2026-09-23T00:07:30.388+0000] {standard_task_runner.py:72} INFO - Started process 1092 to run task
[2026-09-23T00:07:30.401+0000] {standard_task_runner.py:104} INFO - Running: ['airflow', 'tasks', 'run', 'spotify_etl_pro', 'artista_bq_historico.subir_inf_artista_bigquerry__3', 'scheduled__2026-09-22T00:00:00+00:00', '--job-id', '942', '--raw', '--subdir', 'DAGS_FOLDER/spotify_etl_pro.py', '--cfg-path', '/tmp/tmp54v4d0fx']
[2026-09-23T00:07:30.410+0000] {standard_task_runner.py:105} INFO - Job 942: Subtask artista_bq_historico.subir_inf_artista_bigquerry__3
[2026-09-23T00:07:30.496+0000] {task_command.py:467} INFO - Running <TaskInstance: spotify_etl_pro.artista_bq_historico.subir_inf_artista_bigquerry__3 scheduled__2026-09-22T00:00:00+00:00 [running]> on host 96d0bddc4644
[2026-09-23T00:07:30.592+0000] {taskinstance.py:3132} INFO - Exporting env vars: AIRFLOW_CTX_DAG_OWNER='axel' AIRFLOW_CTX_DAG_ID='spotify_etl_pro' AIRFLOW_CTX_TASK_ID='artista_bq_historico.subir_inf_artista_bigquerry__3' AIRFLOW_CTX_EXECUTION_DATE='2026-09-22T00:00:00+00:00' AIRFLOW_CTX_TRY_NUMBER='1' AIRFLOW_CTX_DAG_RUN_ID='scheduled__2026-09-22T00:00:00+00:00'
[2026-09-23T00:07:30.595+0000] {taskinstance.py:731} INFO - ::endgroup::
[2026-09-23T00:07:31.353+0000] {_default.py:685} WARNING - No project ID could be determined. Consider running `gcloud config set project` or setting the GOOGLE_CLOUD_PROJECT environment variable
[2026-09-23T00:07:31.865+0000] {logging_mixin.py:190} INFO - []
[2026-09-23T00:07:31.877+0000] {logging_mixin.py:190} INFO - Empty DataFrame
Columns: [fecha_ingesta]
Index: []
[2026-09-23T00:07:34.235+0000] {spotify_etl_pro.py:321} INFO - OK. Se ingreso la informacion a la tabla del datasert
[2026-09-23T00:07:34.240+0000] {python.py:240} INFO - Done. Returned value was: None
[2026-09-23T00:07:34.297+0000] {taskinstance.py:340} INFO - ::group::Post task execution logs
[2026-09-23T00:07:34.298+0000] {taskinstance.py:352} INFO - Marking task as SUCCESS. dag_id=spotify_etl_pro, task_id=artista_bq_historico.subir_inf_artista_bigquerry__3, run_id=scheduled__2026-09-22T00:00:00+00:00, execution_date=20260922T000000, start_date=20260923T000730, end_date=20260923T000734
[2026-09-23T00:07:34.353+0000] {local_task_job_runner.py:266} INFO - Task exited with return code 0
[2026-09-23T00:07:34.401+0000] {taskinstance.py:3895} INFO - 0 downstream tasks scheduled from follow-on schedule check
[2026-09-23T00:07:34.402+0000] {local_task_job_runner.py:245} INFO - ::endgroup::
